Archive member included to satisfy reference by file (symbol)

C:/ST/STM32CubeIDE_1.16.0/STM32CubeIDE/plugins/com.st.stm32cube.ide.mcu.externaltools.gnu-tools-for-stm32.12.3.rel1.win32_1.0.200.202406191623/tools/bin/../lib/gcc/arm-none-eabi/12.3.1/../../../../arm-none-eabi/lib/thumb/v7-m/nofp\libc_nano.a(libc_a-exit.o)
                              C:/ST/STM32CubeIDE_1.16.0/STM32CubeIDE/plugins/com.st.stm32cube.ide.mcu.externaltools.gnu-tools-for-stm32.12.3.rel1.win32_1.0.200.202406191623/tools/bin/../lib/gcc/arm-none-eabi/12.3.1/../../../../arm-none-eabi/lib/thumb/v7-m/nofp/crt0.o (exit)
C:/ST/STM32CubeIDE_1.16.0/STM32CubeIDE/plugins/com.st.stm32cube.ide.mcu.externaltools.gnu-tools-for-stm32.12.3.rel1.win32_1.0.200.202406191623/tools/bin/../lib/gcc/arm-none-eabi/12.3.1/../../../../arm-none-eabi/lib/thumb/v7-m/nofp\libc_nano.a(libc_a-findfp.o)
                              C:/ST/STM32CubeIDE_1.16.0/STM32CubeIDE/plugins/com.st.stm32cube.ide.mcu.externaltools.gnu-tools-for-stm32.12.3.rel1.win32_1.0.200.202406191623/tools/bin/../lib/gcc/arm-none-eabi/12.3.1/../../../../arm-none-eabi/lib/thumb/v7-m/nofp\libc_nano.a(libc_a-exit.o) (__stdio_exit_handler)
C:/ST/STM32CubeIDE_1.16.0/STM32CubeIDE/plugins/com.st.stm32cube.ide.mcu.externaltools.gnu-tools-for-stm32.12.3.rel1.win32_1.0.200.202406191623/tools/bin/../lib/gcc/arm-none-eabi/12.3.1/../../../../arm-none-eabi/lib/thumb/v7-m/nofp\libc_nano.a(libc_a-fwalk.o)
                              C:/ST/STM32CubeIDE_1.16.0/STM32CubeIDE/plugins/com.st.stm32cube.ide.mcu.externaltools.gnu-tools-for-stm32.12.3.rel1.win32_1.0.200.202406191623/tools/bin/../lib/gcc/arm-none-eabi/12.3.1/../../../../arm-none-eabi/lib/thumb/v7-m/nofp\libc_nano.a(libc_a-findfp.o) (_fwalk_sglue)
C:/ST/STM32CubeIDE_1.16.0/STM32CubeIDE/plugins/com.st.stm32cube.ide.mcu.externaltools.gnu-tools-for-stm32.12.3.rel1.win32_1.0.200.202406191623/tools/bin/../lib/gcc/arm-none-eabi/12.3.1/../../../../arm-none-eabi/lib/thumb/v7-m/nofp\libc_nano.a(libc_a-stdio.o)
                              C:/ST/STM32CubeIDE_1.16.0/STM32CubeIDE/plugins/com.st.stm32cube.ide.mcu.externaltools.gnu-tools-for-stm32.12.3.rel1.win32_1.0.200.202406191623/tools/bin/../lib/gcc/arm-none-eabi/12.3.1/../../../../arm-none-eabi/lib/thumb/v7-m/nofp\libc_nano.a(libc_a-findfp.o) (__sread)
C:/ST/STM32CubeIDE_1.16.0/STM32CubeIDE/plugins/com.st.stm32cube.ide.mcu.externaltools.gnu-tools-for-stm32.12.3.rel1.win32_1.0.200.202406191623/tools/bin/../lib/gcc/arm-none-eabi/12.3.1/../../../../arm-none-eabi/lib/thumb/v7-m/nofp\libc_nano.a(libc_a-memset.o)
                              C:/ST/STM32CubeIDE_1.16.0/STM32CubeIDE/plugins/com.st.stm32cube.ide.mcu.externaltools.gnu-tools-for-stm32.12.3.rel1.win32_1.0.200.202406191623/tools/bin/../lib/gcc/arm-none-eabi/12.3.1/../../../../arm-none-eabi/lib/thumb/v7-m/nofp/crt0.o (memset)
C:/ST/STM32CubeIDE_1.16.0/STM32CubeIDE/plugins/com.st.stm32cube.ide.mcu.externaltools.gnu-tools-for-stm32.12.3.rel1.win32_1.0.200.202406191623/tools/bin/../lib/gcc/arm-none-eabi/12.3.1/../../../../arm-none-eabi/lib/thumb/v7-m/nofp\libc_nano.a(libc_a-closer.o)
                              C:/ST/STM32CubeIDE_1.16.0/STM32CubeIDE/plugins/com.st.stm32cube.ide.mcu.externaltools.gnu-tools-for-stm32.12.3.rel1.win32_1.0.200.202406191623/tools/bin/../lib/gcc/arm-none-eabi/12.3.1/../../../../arm-none-eabi/lib/thumb/v7-m/nofp\libc_nano.a(libc_a-stdio.o) (_close_r)
C:/ST/STM32CubeIDE_1.16.0/STM32CubeIDE/plugins/com.st.stm32cube.ide.mcu.externaltools.gnu-tools-for-stm32.12.3.rel1.win32_1.0.200.202406191623/tools/bin/../lib/gcc/arm-none-eabi/12.3.1/../../../../arm-none-eabi/lib/thumb/v7-m/nofp\libc_nano.a(libc_a-reent.o)
                              C:/ST/STM32CubeIDE_1.16.0/STM32CubeIDE/plugins/com.st.stm32cube.ide.mcu.externaltools.gnu-tools-for-stm32.12.3.rel1.win32_1.0.200.202406191623/tools/bin/../lib/gcc/arm-none-eabi/12.3.1/../../../../arm-none-eabi/lib/thumb/v7-m/nofp\libc_nano.a(libc_a-closer.o) (errno)
C:/ST/STM32CubeIDE_1.16.0/STM32CubeIDE/plugins/com.st.stm32cube.ide.mcu.externaltools.gnu-tools-for-stm32.12.3.rel1.win32_1.0.200.202406191623/tools/bin/../lib/gcc/arm-none-eabi/12.3.1/../../../../arm-none-eabi/lib/thumb/v7-m/nofp\libc_nano.a(libc_a-impure.o)
                              C:/ST/STM32CubeIDE_1.16.0/STM32CubeIDE/plugins/com.st.stm32cube.ide.mcu.externaltools.gnu-tools-for-stm32.12.3.rel1.win32_1.0.200.202406191623/tools/bin/../lib/gcc/arm-none-eabi/12.3.1/../../../../arm-none-eabi/lib/thumb/v7-m/nofp\libc_nano.a(libc_a-reent.o) (_impure_ptr)
C:/ST/STM32CubeIDE_1.16.0/STM32CubeIDE/plugins/com.st.stm32cube.ide.mcu.externaltools.gnu-tools-for-stm32.12.3.rel1.win32_1.0.200.202406191623/tools/bin/../lib/gcc/arm-none-eabi/12.3.1/../../../../arm-none-eabi/lib/thumb/v7-m/nofp\libc_nano.a(libc_a-lseekr.o)
[...]
Memory Configuration

Name             Origin             Length             Attributes
RAM              0x20000000         0x00005000         xrw
FLASH            0x08000000         0x00010000         xr
*default*        0x00000000         0xffffffff

Linker script and memory map

LOAD C:/ST/STM32CubeIDE_1.16.0/STM32CubeIDE/plugins/com.st.stm32cube.ide.mcu.externaltools.gnu-tools-for-stm32.12.3.rel1.win32_1.0.200.202406191623/tools/bin/../lib/gcc/arm-none-eabi/12.3.1/thumb/v7-m/nofp/crti.o
LOAD C:/ST/STM32CubeIDE_1.16.0/STM32CubeIDE/plugins/com.st.stm32cube.ide.mcu.externaltools.gnu-tools-for-stm32.12.3.rel1.win32_1.0.200.202406191623/tools/bin/../lib/gcc/arm-none-eabi/12.3.1/thumb/v7-m/nofp/crtbegin.o
LOAD C:/ST/STM32CubeIDE_1.16.0/STM32CubeIDE/plugins/com.st.stm32cube.ide.mcu.externaltools.gnu-tools-for-stm32.12.3.rel1.win32_1.0.200.202406191623/tools/bin/../lib/gcc/arm-none-eabi/12.3.1/../../../../arm-none-eabi/lib/thumb/v7-m/nofp/crt0.o
LOAD ./Core/Src/FlASH_PAGE_F1.o
LOAD ./Core/Src/ST7565P.o
LOAD ./Core/Src/main.o
LOAD ./Core/Src/stm32f1xx_hal_msp.o
LOAD ./Core/Src/stm32f1xx_it.o
LOAD ./Core/Src/syscalls.o
LOAD ./Core/Src/sysmem.o
LOAD ./Core/Src/system_stm32f1xx.o
LOAD ./Core/Src/z_pvd.o
LOAD ./Core/Startup/startup_stm32f103c8tx.o
LOAD ./Drivers/STM32F1xx_HAL_Driver/Src/stm32f1xx_hal.o
LOAD ./Drivers/STM32F1xx_HAL_Driver/Src/stm32f1xx_hal_can.o
LOAD ./Drivers/STM32F1xx_HAL_Driver/Src/stm32f1xx_hal_cortex.o
LOAD ./Drivers/STM32F1xx_HAL_Driver/Src/stm32f1xx_hal_dma.o
LOAD ./Drivers/STM32F1xx_HAL_Driver/Src/stm32f1xx_hal_exti.o
LOAD ./Drivers/STM32F1xx_HAL_Driver/Src/stm32f1xx_hal_flash.o
LOAD ./Drivers/STM32F1xx_HAL_Driver/Src/stm32f1xx_hal_flash_ex.o
LOAD ./Drivers/STM32F1xx_HAL_Driver/Src/stm32f1xx_hal_gpio.o
LOAD ./Drivers/STM32F1xx_HAL_Driver/Src/stm32f1xx_hal_gpio_ex.o
LOAD ./Drivers/STM32F1xx_HAL_Driver/Src/stm32f1xx_hal_i2c.o
LOAD ./Drivers/STM32F1xx_HAL_Driver/Src/stm32f1xx_hal_iwdg.o
LOAD ./Drivers/STM32F1xx_HAL_Driver/Src/stm32f1xx_hal_pwr.o
LOAD ./Drivers/STM32F1xx_HAL_Driver/Src/stm32f1xx_hal_rcc.o
LOAD ./Drivers/STM32F1xx_HAL_Driver/Src/stm32f1xx_hal_rcc_ex.o
LOAD ./Drivers/STM32F1xx_HAL_Driver/Src/stm32f1xx_hal_tim.o
LOAD ./Drivers/STM32F1xx_HAL_Driver/Src/stm32f1xx_hal_tim_ex.o
START GROUP
LOAD C:/ST/STM32CubeIDE_1.16.0/STM32CubeIDE/plugins/com.st.stm32cube.ide.mcu.externaltools.gnu-tools-for-stm32.12.3.rel1.win32_1.0.200.202406191623/tools/bin/../lib/gcc/arm-none-eabi/12.3.1/../../../../arm-none-eabi/lib/thumb/v7-m/nofp\libc_nano.a
LOAD C:/ST/STM32CubeIDE_1.16.0/STM32CubeIDE/plugins/com.st.stm32cube.ide.mcu.externaltools.gnu-tools-for-stm32.12.3.rel1.win32_1.0.200.202406191623/tools/bin/../lib/gcc/arm-none-eabi/12.3.1/../../../../arm-none-eabi/lib/thumb/v7-m/nofp\libm.a
END GROUP
START GROUP
LOAD C:/ST/STM32CubeIDE_1.16.0/STM32CubeIDE/plugins/com.st.stm32cube.ide.mcu.externaltools.gnu-tools-for-stm32.12.3.rel1.win32_1.0.200.202406191623/tools/bin/../lib/gcc/arm-none-eabi/12.3.1/thumb/v7-m/nofp\libgcc.a
LOAD C:/ST/STM32CubeIDE_1.16.0/STM32CubeIDE/plugins/com.st.stm32cube.ide.mcu.externaltools.gnu-tools-for-stm32.12.3.rel1.win32_1.0.200.202406191623/tools/bin/../lib/gcc/arm-none-eabi/12.3.1/../../../../arm-none-eabi/lib/thumb/v7-m/nofp\libc_nano.a
END GROUP
START GROUP
LOAD C:/ST/STM32CubeIDE_1.16.0/STM32CubeIDE/plugins/com.st.stm32cube.ide.mcu.externaltools.gnu-tools-for-stm32.12.3.rel1.win32_1.0.200.202406191623/tools/bin/../lib/gcc/arm-none-eabi/12.3.1/thumb/v7-m/nofp\libgcc.a
LOAD C:/ST/STM32CubeIDE_1.16.0/STM32CubeIDE/plugins/com.st.stm32cube.ide.mcu.externaltools.gnu-tools-for-stm32.12.3.rel1.win32_1.0.200.202406191623/tools/bin/../lib/gcc/arm-none-eabi/12.3.1/../../../../arm-none-eabi/lib/thumb/v7-m/nofp\libc_nano.a
LOAD C:/ST/STM32CubeIDE_1.16.0/STM32CubeIDE/plugins/com.st.stm32cube.ide.mcu.externaltools.gnu-tools-for-stm32.12.3.rel1.win32_1.0.200.202406191623/tools/bin/../lib/gcc/arm-none-eabi/12.3.1/../../../../arm-none-eabi/lib/thumb/v7-m/nofp\libnosys.a
END GROUP
START GROUP
LOAD C:/ST/STM32CubeIDE_1.16.0/STM32CubeIDE/plugins/com.st.stm32cube.ide.mcu.externaltools.gnu-tools-for-stm32.12.3.rel1.win32_1.0.200.202406191623/tools/bin/../lib/gcc/arm-none-eabi/12.3.1/thumb/v7-m/nofp\libgcc.a
LOAD C:/ST/STM32CubeIDE_1.16.0/STM32CubeIDE/plugins/com.st.stm32cube.ide.mcu.externaltools.gnu-tools-for-stm32.12.3.rel1.win32_1.0.200.202406191623/tools/bin/../lib/gcc/arm-none-eabi/12.3.1/../../../../arm-none-eabi/lib/thumb/v7-m/nofp\libc_nano.a
LOAD C:/ST/STM32CubeIDE_1.16.0/STM32CubeIDE/plugins/com.st.stm32cube.ide.mcu.externaltools.gnu-tools-for-stm32.12.3.rel1.win32_1.0.200.202406191623/tools/bin/../lib/gcc/arm-none-eabi/12.3.1/../../../../arm-none-eabi/lib/thumb/v7-m/nofp\libnosys.a
END GROUP
LOAD C:/ST/STM32CubeIDE_1.16.0/STM32CubeIDE/plugins/com.st.stm32cube.ide.mcu.externaltools.gnu-tools-for-stm32.12.3.rel1.win32_1.0.200.202406191623/tools/bin/../lib/gcc/arm-none-eabi/12.3.1/thumb/v7-m/nofp/crtend.o
LOAD C:/ST/STM32CubeIDE_1.16.0/STM32CubeIDE/plugins/com.st.stm32cube.ide.mcu.externaltools.gnu-tools-for-stm32.12.3.rel1.win32_1.0.200.202406191623/tools/bin/../lib/gcc/arm-none-eabi/12.3.1/thumb/v7-m/nofp/crtn.o
                0x20005000                        _estack = (ORIGIN (RAM) + LENGTH (RAM))
                0x00000200                        _Min_Heap_Size = 0x200
                0x00000400                        _Min_Stack_Size = 0x400

.isr_vector     0x08000000      0x10c
                0x08000000                        . = ALIGN (0x4)
 *(.isr_vector)
 .isr_vector    0x08000000      0x10c ./Core/Startup/startup_stm32f103c8tx.o
                0x08000000                g_pfnVectors
                0x0800010c                        . = ALIGN (0x4)

.text           0x08000110     0x83c8
                0x08000110                        . = ALIGN (0x4)
 *(.text)
 .text          0x08000110       0x40 C:/ST/STM32CubeIDE_1.16.0/STM32CubeIDE/plugins/com.st.stm32cube.ide.mcu.externaltools.gnu-tools-for-stm32.12.3.rel1.win32_1.0.200.202406191623/tools/bin/../lib/gcc/arm-none-eabi/12.3.1/thumb/v7-m/nofp/crtbegin.o
 .text          0x08000150      0x378 C:/ST/STM32CubeIDE_1.16.0/STM32CubeIDE/plugins/com.st.stm32cube.ide.mcu.externaltools.gnu-tools-for-stm32.12.3.rel1.win32_1.0.200.202406191623/tools/bin/../lib/gcc/arm-none-eabi/12.3.1/thumb/v7-m/nofp\libgcc.a(_arm_addsubdf3.o)
                0x08000150                __aeabi_drsub
                0x08000158                __aeabi_dsub
                0x08000158                __subdf3
                0x0800015c                __aeabi_dadd
                0x0800015c                __adddf3
                0x080003d4                __floatunsidf
                0x080003d4                __aeabi_ui2d
                0x080003f4                __floatsidf
                0x080003f4                __aeabi_i2d
                0x08000418                __aeabi_f2d
                0x08000418                __extendsfdf2
                0x0800045c                __floatundidf
                0x0800045c                __aeabi_ul2d
                0x0800046c                __floatdidf
                0x0800046c                __aeabi_l2d
 .text          0x080004c8      0x424 C:/ST/STM32CubeIDE_1.16.0/STM32CubeIDE/plugins/com.st.stm32cube.ide.mcu.externaltools.gnu-tools-for-stm32.12.3.rel1.win32_1.0.200.202406191623/tools/bin/../lib/gcc/arm-none-eabi/12.3.1/thumb/v7-m/nofp\libgcc.a(_arm_muldivdf3.o)
                0x080004c8                __aeabi_dmul
                0x080004c8                __muldf3
                0x0800071c                __divdf3
                0x0800071c                __aeabi_ddiv
 .text          0x080008ec       0x50 C:/ST/STM32CubeIDE_1.16.0/STM32CubeIDE/plugins/com.st.stm32cube.ide.mcu.externaltools.gnu-tools-for-stm32.12.3.rel1.win32_1.0.200.202406191623/tools/bin/../lib/gcc/arm-none-eabi/12.3.1/thumb/v7-m/nofp\libgcc.a(_arm_fixdfsi.o)
                0x080008ec                __aeabi_d2iz
                0x080008ec                __fixdfsi
 .text          0x0800093c       0x40 C:/ST/STM32CubeIDE_1.16.0/STM32CubeIDE/plugins/com.st.stm32cube.ide.mcu.externaltools.gnu-tools-for-stm32.12.3.rel1.win32_1.0.200.202406191623/tools/bin/../lib/gcc/arm-none-eabi/12.3.1/thumb/v7-m/nofp\libgcc.a(_arm_fixunsdfsi.o)
                0x0800093c                __aeabi_d2uiz
                0x0800093c                __fixunsdfsi
 .text          0x0800097c       0xa0 C:/ST/STM32CubeIDE_1.16.0/STM32CubeIDE/plugins/com.st.stm32cube.ide.mcu.externaltools.gnu-tools-for-stm32.12.3.rel1.win32_1.0.200.202406191623/tools/bin/../lib/gcc/arm-none-eabi/12.3.1/thumb/v7-m/nofp\libgcc.a(_arm_truncdfsf2.o)
                0x0800097c                __truncdfsf2
                0x0800097c                __aeabi_d2f
 .text          0x08000a1c      0x21c C:/ST/STM32CubeIDE_1.16.0/STM32CubeIDE/plugins/com.st.stm32cube.ide.mcu.externaltools.gnu-tools-for-stm32.12.3.rel1.win32_1.0.200.202406191623/tools/bin/../lib/gcc/arm-none-eabi/12.3.1/thumb/v7-m/nofp\libgcc.a(_arm_addsubsf3.o)
                0x08000a1c                __aeabi_frsub
                0x08000a24                __subsf3
                0x08000a24                __aeabi_fsub
                0x08000a28                __aeabi_fadd
                0x08000a28                __addsf3
                0x08000b88                __aeabi_ui2f
                0x08000b88                __floatunsisf
                0x08000b90                __aeabi_i2f
                0x08000b90                __floatsisf
                0x08000bac                __aeabi_ul2f
                0x08000bac                __floatundisf
                0x08000bbc                __aeabi_l2f
                0x08000bbc                __floatdisf
 .text          0x08000c38      0x2a0 C:/ST/STM32CubeIDE_1.16.0/STM32CubeIDE/plugins/com.st.stm32cube.ide.mcu.externaltools.gnu-tools-for-stm32.12.3.rel1.win32_1.0.200.202406191623/tools/bin/../lib/gcc/arm-none-eabi/12.3.1/thumb/v7-m/nofp\libgcc.a(_arm_muldivsf3.o)
                0x08000c38                __mulsf3
                0x08000c38                __aeabi_fmul
                0x08000da0                __aeabi_fdiv
                0x08000da0                __divsf3
 .text          0x08000ed8       0x4c C:/ST/STM32CubeIDE_1.16.0/STM32CubeIDE/plugins/com.st.stm32cube.ide.mcu.externaltools.gnu-tools-for-stm32.12.3.rel1.win32_1.0.200.202406191623/tools/bin/../lib/gcc/arm-none-eabi/12.3.1/thumb/v7-m/nofp\libgcc.a(_arm_fixsfsi.o)
                0x08000ed8                __aeabi_f2iz
                0x08000ed8                __fixsfsi
 .text          0x08000f24       0x40 C:/ST/STM32CubeIDE_1.16.0/STM32CubeIDE/plugins/com.st.stm32cube.ide.mcu.externaltools.gnu-tools-for-stm32.12.3.rel1.win32_1.0.200.202406191623/tools/bin/../lib/gcc/arm-none-eabi/12.3.1/thumb/v7-m/nofp\libgcc.a(_arm_fixunssfsi.o)
                0x08000f24                __fixunssfsi
                0x08000f24                __aeabi_f2uiz
 *(.text*)
 .text.Lcd_cmd  0x08000f64       0x68 ./Core/Src/ST7565P.o
                0x08000f64                Lcd_cmd
 .text.lcd_print_ram_1
                0x08000fcc      0x210 ./Core/Src/ST7565P.o
                0x08000fcc                lcd_print_ram_1
 .text.lcd_init
                0x080011dc       0x8c ./Core/Src/ST7565P.o
                0x080011dc                lcd_init
 .text.lcd_x_axis
                0x08001268       0x32 ./Core/Src/ST7565P.o
                0x08001268                lcd_x_axis
 *fill*         0x0800129a        0x2 
 .text.lcd_invert_process
                0x0800129c       0x68 ./Core/Src/ST7565P.o
                0x0800129c                lcd_invert_process
 .text.lcd_speed
                0x08001304      0x1b0 ./Core/Src/ST7565P.o
                0x08001304                lcd_speed
 .text.gear_status_print
                0x080014b4       0xac ./Core/Src/ST7565P.o
                0x080014b4                gear_status_print
 .text.battery_bar_print
                0x08001560       0x64 ./Core/Src/ST7565P.o
                0x08001560                battery_bar_print
 .text.odo_icon_print
                0x080015c4       0x40 ./Core/Src/ST7565P.o
                0x080015c4                odo_icon_print
 .text.dte_icon_print
                0x08001604       0x40 ./Core/Src/ST7565P.o
                0x08001604                dte_icon_print
 .text.charge_cycle_print
                0x08001644       0x40 ./Core/Src/ST7565P.o
                0x08001644                charge_cycle_print
 .text.lcd_print_char
                0x08001684      0x1b4 ./Core/Src/ST7565P.o
                0x08001684                lcd_print_char
 .text.lcd_clear
                0x08001838       0x4c ./Core/Src/ST7565P.o
                0x08001838                lcd_clear
 .text.lcd_print_digit_wos
                0x08001884       0x80 ./Core/Src/ST7565P.o
                0x08001884                lcd_print_digit_wos
 .text.lcd_print_digit
                0x08001904      0x120 ./Core/Src/ST7565P.o
                0x08001904                lcd_print_digit
 .text.version_print
                0x08001a24       0x5c ./Core/Src/ST7565P.o
                0x08001a24                version_print
 .text.lcd_into
                0x08001a80       0x78 ./Core/Src/ST7565P.o
                0x08001a80                lcd_into
 .text.lcd_print_convert
                0x08001af8       0x30 ./Core/Src/ST7565P.o
                0x08001af8                lcd_print_convert
 .text.over_temperature_print
                0x08001b28       0x54 ./Core/Src/ST7565P.o
                0x08001b28                over_temperature_print
 .text.line_print
                0x08001b7c       0x46 ./Core/Src/ST7565P.o
                0x08001b7c                line_print
 *fill*         0x08001bc2        0x2 
 .text.merge    0x08001bc4      0xe04 ./Core/Src/main.o
                0x08001bc4                merge
 .text.parllel_transmit
                0x080029c8       0x20 ./Core/Src/main.o
                0x080029c8                parllel_transmit
 .text.Split    0x080029e8       0x34 ./Core/Src/main.o
                0x080029e8                Split
 .text.I2C_Write_EEPROM
                0x08002a1c       0x2c ./Core/Src/main.o
                0x08002a1c                I2C_Write_EEPROM
 .text.I2C_Read_EEPROM
                0x08002a48       0x38 ./Core/Src/main.o
                0x08002a48                I2C_Read_EEPROM
 .text.EEPROM_Write
                0x08002a80       0x3c ./Core/Src/main.o
                0x08002a80                EEPROM_Write
 .text.EEPROM_Read
                0x08002abc       0x3c ./Core/Src/main.o
                0x08002abc                EEPROM_Read
 .text.battery_voltage
                0x08002af8       0x70 ./Core/Src/main.o
                0x08002af8                battery_voltage
 .text.battery_cycle
                0x08002b68       0xe8 ./Core/Src/main.o
                0x08002b68                battery_cycle
 .text.battery_temp
                0x08002c50      0x220 ./Core/Src/main.o
                0x08002c50                battery_temp
 .text.battery_soc
                0x08002e70      0x184 ./Core/Src/main.o
                0x08002e70                battery_soc
 *fill*         0x08002ff4        0x4 
 .text.Gear_Status
                0x08002ff8      0x230 ./Core/Src/main.o
                0x08002ff8                Gear_Status
 .text.EEPROM_init
                0x08003228      0x21c ./Core/Src/main.o
                0x08003228                EEPROM_init
 .text.BMS_CAN  0x08003444      0x108 ./Core/Src/main.o
                0x08003444                BMS_CAN
 .text.battery_bar_soc
                0x0800354c       0xf8 ./Core/Src/main.o
                0x0800354c                battery_bar_soc
 .text.HAL_CAN_RxFifo0MsgPendingCallback
                0x08003644       0x84 ./Core/Src/main.o
                0x08003644                HAL_CAN_RxFifo0MsgPendingCallback
 .text.Tx_fun   0x080036c8      0x188 ./Core/Src/main.o
                0x080036c8                Tx_fun
 .text.ODO_PRINT
                0x08003850      0x23c ./Core/Src/main.o
                0x08003850                ODO_PRINT
 *fill*         0x08003a8c        0x4 
 .text.ODO_calculation
                0x08003a90      0x208 ./Core/Src/main.o
                0x08003a90                ODO_calculation
 .text.main     0x08003c98      0x228 ./Core/Src/main.o
                0x08003c98                main
 .text.SystemClock_Config
                0x08003ec0       0x8e ./Core/Src/main.o
                0x08003ec0                SystemClock_Config
 *fill*         0x08003f4e        0x2 
 .text.MX_CAN_Init
                0x08003f50       0xa4 ./Core/Src/main.o
 .text.MX_I2C1_Init
                0x08003ff4       0x5c ./Core/Src/main.o
 .text.MX_IWDG_Init
                0x08004050       0x34 ./Core/Src/main.o
 .text.MX_TIM2_Init
                0x08004084       0x98 ./Core/Src/main.o
 .text.MX_GPIO_Init
                0x0800411c      0x154 ./Core/Src/main.o
 .text.HAL_TIM_PeriodElapsedCallback
                0x08004270      0x358 ./Core/Src/main.o
                0x08004270                HAL_TIM_PeriodElapsedCallback
 .text.HAL_GPIO_EXTI_Callback
                0x080045c8      0x124 ./Core/Src/main.o
                0x080045c8                HAL_GPIO_EXTI_Callback
 *fill*         0x080046ec        0x4 
 .text.processData
                0x080046f0      0x43c ./Core/Src/main.o
                0x080046f0                processData
 .text.Error_Handler
                0x08004b2c        0xe ./Core/Src/main.o
                0x08004b2c                Error_Handler
 *fill*         0x08004b3a        0x2 
 .text.HAL_MspInit
                0x08004b3c       0x74 ./Core/Src/stm32f1xx_hal_msp.o
                0x08004b3c                HAL_MspInit
 .text.HAL_CAN_MspInit
                0x08004bb0       0xa8 ./Core/Src/stm32f1xx_hal_msp.o
                0x08004bb0                HAL_CAN_MspInit
 .text.HAL_I2C_MspInit
                0x08004c58       0xa0 ./Core/Src/stm32f1xx_hal_msp.o
                0x08004c58                HAL_I2C_MspInit
 .text.HAL_TIM_Base_MspInit
                0x08004cf8       0x48 ./Core/Src/stm32f1xx_hal_msp.o
                0x08004cf8                HAL_TIM_Base_MspInit
 .text.NMI_Handler
                0x08004d40        0x8 ./Core/Src/stm32f1xx_it.o
                0x08004d40                NMI_Handler
 .text.HardFault_Handler
                0x08004d48        0x8 ./Core/Src/stm32f1xx_it.o
                0x08004d48                HardFault_Handler
 .text.MemManage_Handler
                0x08004d50        0x8 ./Core/Src/stm32f1xx_it.o
                0x08004d50                MemManage_Handler
 .text.BusFault_Handler
                0x08004d58        0x8 ./Core/Src/stm32f1xx_it.o
                0x08004d58                BusFault_Handler
 .text.UsageFault_Handler
                0x08004d60        0x8 ./Core/Src/stm32f1xx_it.o
                0x08004d60                UsageFault_Handler
 .text.SVC_Handler
                0x08004d68        0xc ./Core/Src/stm32f1xx_it.o
                0x08004d68                SVC_Handler
 .text.DebugMon_Handler
                0x08004d74        0xc ./Core/Src/stm32f1xx_it.o
                0x08004d74                DebugMon_Handler
 .text.PendSV_Handler
                0x08004d80        0xc ./Core/Src/stm32f1xx_it.o
                0x08004d80                PendSV_Handler
 .text.SysTick_Handler
                0x08004d8c        0xc ./Core/Src/stm32f1xx_it.o
                0x08004d8c                SysTick_Handler
 .text.PVD_IRQHandler
                0x08004d98        0xc ./Core/Src/stm32f1xx_it.o
                0x08004d98                PVD_IRQHandler
 .text.EXTI3_IRQHandler
                0x08004da4        0xe ./Core/Src/stm32f1xx_it.o
                0x08004da4                EXTI3_IRQHandler
 *fill*         0x08004db2        0x2 
 .text.USB_LP_CAN1_RX0_IRQHandler
                0x08004db4       0x14 ./Core/Src/stm32f1xx_it.o
                0x08004db4                USB_LP_CAN1_RX0_IRQHandler
 .text.TIM2_IRQHandler
                0x08004dc8       0x14 ./Core/Src/stm32f1xx_it.o
                0x08004dc8                TIM2_IRQHandler
 .text.EXTI15_10_IRQHandler
                0x08004ddc       0x10 ./Core/Src/stm32f1xx_it.o
                0x08004ddc                EXTI15_10_IRQHandler
 .text.SystemInit
                0x08004dec        0xc ./Core/Src/system_stm32f1xx.o
                0x08004dec                SystemInit
 .text.HAL_PWR_PVDCallback
                0x08004df8       0x18 ./Core/Src/z_pvd.o
                0x08004df8                HAL_PWR_PVDCallback
 .text.PVD_Init
                0x08004e10       0x24 ./Core/Src/z_pvd.o
                0x08004e10                PVD_Init
 .text.Reset_Handler
                0x08004e34       0x48 ./Core/Startup/startup_stm32f103c8tx.o
                0x08004e34                Reset_Handler
 .text.Default_Handler
                0x08004e7c        0x2 ./Core/Startup/startup_stm32f103c8tx.o
                0x08004e7c                RTC_Alarm_IRQHandler
                0x08004e7c                EXTI2_IRQHandler
                0x08004e7c                TIM1_CC_IRQHandler
                0x08004e7c                EXTI0_IRQHandler
                0x08004e7c                I2C2_EV_IRQHandler
                0x08004e7c                ADC1_2_IRQHandler
                0x08004e7c                SPI1_IRQHandler
                0x08004e7c                TAMPER_IRQHandler
                0x08004e7c                DMA1_Channel4_IRQHandler
                0x08004e7c                USART3_IRQHandler
                0x08004e7c                RTC_IRQHandler
                0x08004e7c                DMA1_Channel7_IRQHandler
                0x08004e7c                CAN1_RX1_IRQHandler
                0x08004e7c                TIM4_IRQHandler
                0x08004e7c                I2C1_EV_IRQHandler
                0x08004e7c                DMA1_Channel6_IRQHandler
                0x08004e7c                TIM3_IRQHandler
                0x08004e7c                RCC_IRQHandler
                0x08004e7c                TIM1_TRG_COM_IRQHandler
                0x08004e7c                DMA1_Channel1_IRQHandler
                0x08004e7c                Default_Handler
                0x08004e7c                EXTI9_5_IRQHandler
                0x08004e7c                SPI2_IRQHandler
                0x08004e7c                DMA1_Channel5_IRQHandler
                0x08004e7c                EXTI4_IRQHandler
                0x08004e7c                USB_HP_CAN1_TX_IRQHandler
                0x08004e7c                DMA1_Channel3_IRQHandler
                0x08004e7c                TIM1_UP_IRQHandler
                0x08004e7c                WWDG_IRQHandler
                0x08004e7c                TIM1_BRK_IRQHandler
                0x08004e7c                EXTI1_IRQHandler
                0x08004e7c                USART2_IRQHandler
                0x08004e7c                I2C2_ER_IRQHandler
                0x08004e7c                DMA1_Channel2_IRQHandler
                0x08004e7c                CAN1_SCE_IRQHandler
                0x08004e7c                FLASH_IRQHandler
                0x08004e7c                USART1_IRQHandler
                0x08004e7c                I2C1_ER_IRQHandler
                0x08004e7c                USBWakeUp_IRQHandler
 *fill*         0x08004e7e        0x2 
 .text.HAL_Init
                0x08004e80       0x2c ./Drivers/STM32F1xx_HAL_Driver/Src/stm32f1xx_hal.o
                0x08004e80                HAL_Init
 .text.HAL_InitTick
                0x08004eac       0x60 ./Drivers/STM32F1xx_HAL_Driver/Src/stm32f1xx_hal.o
                0x08004eac                HAL_InitTick
 .text.HAL_IncTick
                0x08004f0c       0x24 ./Drivers/STM32F1xx_HAL_Driver/Src/stm32f1xx_hal.o
                0x08004f0c                HAL_IncTick
 .text.HAL_GetTick
                0x08004f30       0x14 ./Drivers/STM32F1xx_HAL_Driver/Src/stm32f1xx_hal.o
                0x08004f30                HAL_GetTick
 .text.HAL_Delay
                0x08004f44       0x48 ./Drivers/STM32F1xx_HAL_Driver/Src/stm32f1xx_hal.o
                0x08004f44                HAL_Delay
 .text.HAL_CAN_Init
                0x08004f8c      0x1f6 ./Drivers/STM32F1xx_HAL_Driver/Src/stm32f1xx_hal_can.o
                0x08004f8c                HAL_CAN_Init
 .text.HAL_CAN_ConfigFilter
                0x08005182      0x192 ./Drivers/STM32F1xx_HAL_Driver/Src/stm32f1xx_hal_can.o
                0x08005182                HAL_CAN_ConfigFilter
 .text.HAL_CAN_Start
                0x08005314       0x88 ./Drivers/STM32F1xx_HAL_Driver/Src/stm32f1xx_hal_can.o
                0x08005314                HAL_CAN_Start
 .text.HAL_CAN_AddTxMessage
                0x0800539c      0x19e ./Drivers/STM32F1xx_HAL_Driver/Src/stm32f1xx_hal_can.o
                0x0800539c                HAL_CAN_AddTxMessage
 .text.HAL_CAN_GetRxMessage
                0x0800553a      0x242 ./Drivers/STM32F1xx_HAL_Driver/Src/stm32f1xx_hal_can.o
                0x0800553a                HAL_CAN_GetRxMessage
 .text.HAL_CAN_ActivateNotification
                0x0800577c       0x4a ./Drivers/STM32F1xx_HAL_Driver/Src/stm32f1xx_hal_can.o
                0x0800577c                HAL_CAN_ActivateNotification
 .text.HAL_CAN_IRQHandler
                0x080057c6      0x36e ./Drivers/STM32F1xx_HAL_Driver/Src/stm32f1xx_hal_can.o
                0x080057c6                HAL_CAN_IRQHandler
 .text.HAL_CAN_TxMailbox0CompleteCallback
                0x08005b34       0x12 ./Drivers/STM32F1xx_HAL_Driver/Src/stm32f1xx_hal_can.o
                0x08005b34                HAL_CAN_TxMailbox0CompleteCallback
 .text.HAL_CAN_TxMailbox1CompleteCallback
                0x08005b46       0x12 ./Drivers/STM32F1xx_HAL_Driver/Src/stm32f1xx_hal_can.o
                0x08005b46                HAL_CAN_TxMailbox1CompleteCallback
 .text.HAL_CAN_TxMailbox2CompleteCallback
                0x08005b58       0x12 ./Drivers/STM32F1xx_HAL_Driver/Src/stm32f1xx_hal_can.o
                0x08005b58                HAL_CAN_TxMailbox2CompleteCallback
 .text.HAL_CAN_TxMailbox0AbortCallback
                0x08005b6a       0x12 ./Drivers/STM32F1xx_HAL_Driver/Src/stm32f1xx_hal_can.o
                0x08005b6a                HAL_CAN_TxMailbox0AbortCallback
 .text.HAL_CAN_TxMailbox1AbortCallback
                0x08005b7c       0x12 ./Drivers/STM32F1xx_HAL_Driver/Src/stm32f1xx_hal_can.o
                0x08005b7c                HAL_CAN_TxMailbox1AbortCallback
 .text.HAL_CAN_TxMailbox2AbortCallback
                0x08005b8e       0x12 ./Drivers/STM32F1xx_HAL_Driver/Src/stm32f1xx_hal_can.o
                0x08005b8e                HAL_CAN_TxMailbox2AbortCallback
 .text.HAL_CAN_RxFifo0FullCallback
                0x08005ba0       0x12 ./Drivers/STM32F1xx_HAL_Driver/Src/stm32f1xx_hal_can.o
                0x08005ba0                HAL_CAN_RxFifo0FullCallback
 .text.HAL_CAN_RxFifo1MsgPendingCallback
                0x08005bb2       0x12 ./Drivers/STM32F1xx_HAL_Driver/Src/stm32f1xx_hal_can.o
                0x08005bb2                HAL_CAN_RxFifo1MsgPendingCallback
 .text.HAL_CAN_RxFifo1FullCallback
                0x08005bc4       0x12 ./Drivers/STM32F1xx_HAL_Driver/Src/stm32f1xx_hal_can.o
                0x08005bc4                HAL_CAN_RxFifo1FullCallback
 .text.HAL_CAN_SleepCallback
                0x08005bd6       0x12 ./Drivers/STM32F1xx_HAL_Driver/Src/stm32f1xx_hal_can.o
                0x08005bd6                HAL_CAN_SleepCallback
 .text.HAL_CAN_WakeUpFromRxMsgCallback
                0x08005be8       0x12 ./Drivers/STM32F1xx_HAL_Driver/Src/stm32f1xx_hal_can.o
                0x08005be8                HAL_CAN_WakeUpFromRxMsgCallback
 .text.HAL_CAN_ErrorCallback
                0x08005bfa       0x12 ./Drivers/STM32F1xx_HAL_Driver/Src/stm32f1xx_hal_can.o
                0x08005bfa                HAL_CAN_ErrorCallback
 .text.__NVIC_SetPriorityGrouping
                0x08005c0c       0x48 ./Drivers/STM32F1xx_HAL_Driver/Src/stm32f1xx_hal_cortex.o
 .text.__NVIC_GetPriorityGrouping
                0x08005c54       0x1c ./Drivers/STM32F1xx_HAL_Driver/Src/stm32f1xx_hal_cortex.o
 .text.__NVIC_EnableIRQ
                0x08005c70       0x38 ./Drivers/STM32F1xx_HAL_Driver/Src/stm32f1xx_hal_cortex.o
 .text.__NVIC_SetPriority
                0x08005ca8       0x54 ./Drivers/STM32F1xx_HAL_Driver/Src/stm32f1xx_hal_cortex.o
 .text.NVIC_EncodePriority
                0x08005cfc       0x64 ./Drivers/STM32F1xx_HAL_Driver/Src/stm32f1xx_hal_cortex.o
 .text.__NVIC_SystemReset
                0x08005d60       0x2c ./Drivers/STM32F1xx_HAL_Driver/Src/stm32f1xx_hal_cortex.o
 .text.SysTick_Config
                0x08005d8c       0x44 ./Drivers/STM32F1xx_HAL_Driver/Src/stm32f1xx_hal_cortex.o
 .text.HAL_NVIC_SetPriorityGrouping
                0x08005dd0       0x16 ./Drivers/STM32F1xx_HAL_Driver/Src/stm32f1xx_hal_cortex.o
                0x08005dd0                HAL_NVIC_SetPriorityGrouping
 .text.HAL_NVIC_SetPriority
                0x08005de6       0x38 ./Drivers/STM32F1xx_HAL_Driver/Src/stm32f1xx_hal_cortex.o
                0x08005de6                HAL_NVIC_SetPriority
 .text.HAL_NVIC_EnableIRQ
                0x08005e1e       0x1c ./Drivers/STM32F1xx_HAL_Driver/Src/stm32f1xx_hal_cortex.o
                0x08005e1e                HAL_NVIC_EnableIRQ
 .text.HAL_NVIC_SystemReset
                0x08005e3a        0x8 ./Drivers/STM32F1xx_HAL_Driver/Src/stm32f1xx_hal_cortex.o
                0x08005e3a                HAL_NVIC_SystemReset
 .text.HAL_SYSTICK_Config
                0x08005e42       0x18 ./Drivers/STM32F1xx_HAL_Driver/Src/stm32f1xx_hal_cortex.o
                0x08005e42                HAL_SYSTICK_Config
 *fill*         0x08005e5a        0x2 
 .text.HAL_GPIO_Init
                0x08005e5c      0x308 ./Drivers/STM32F1xx_HAL_Driver/Src/stm32f1xx_hal_gpio.o
                0x08005e5c                HAL_GPIO_Init
 .text.HAL_GPIO_ReadPin
                0x08006164       0x2e ./Drivers/STM32F1xx_HAL_Driver/Src/stm32f1xx_hal_gpio.o
                0x08006164                HAL_GPIO_ReadPin
 .text.HAL_GPIO_WritePin
                0x08006192       0x30 ./Drivers/STM32F1xx_HAL_Driver/Src/stm32f1xx_hal_gpio.o
                0x08006192                HAL_GPIO_WritePin
 .text.HAL_GPIO_TogglePin
                0x080061c2       0x32 ./Drivers/STM32F1xx_HAL_Driver/Src/stm32f1xx_hal_gpio.o
                0x080061c2                HAL_GPIO_TogglePin
 .text.HAL_GPIO_EXTI_IRQHandler
                0x080061f4       0x30 ./Drivers/STM32F1xx_HAL_Driver/Src/stm32f1xx_hal_gpio.o
                0x080061f4                HAL_GPIO_EXTI_IRQHandler
 .text.HAL_I2C_Init
                0x08006224      0x288 ./Drivers/STM32F1xx_HAL_Driver/Src/stm32f1xx_hal_i2c.o
                0x08006224                HAL_I2C_Init
 .text.HAL_I2C_Mem_Write
                0x080064ac      0x1f4 ./Drivers/STM32F1xx_HAL_Driver/Src/stm32f1xx_hal_i2c.o
                0x080064ac                HAL_I2C_Mem_Write
 .text.HAL_I2C_Mem_Read
                0x080066a0      0x4e8 ./Drivers/STM32F1xx_HAL_Driver/Src/stm32f1xx_hal_i2c.o
                0x080066a0                HAL_I2C_Mem_Read
 .text.I2C_RequestMemoryWrite
                0x08006b88      0x12c ./Drivers/STM32F1xx_HAL_Driver/Src/stm32f1xx_hal_i2c.o
 .text.I2C_RequestMemoryRead
                0x08006cb4      0x1d0 ./Drivers/STM32F1xx_HAL_Driver/Src/stm32f1xx_hal_i2c.o
 .text.I2C_WaitOnFlagUntilTimeout
                0x08006e84       0xf4 ./Drivers/STM32F1xx_HAL_Driver/Src/stm32f1xx_hal_i2c.o
 .text.I2C_WaitOnMasterAddressFlagUntilTimeout
                0x08006f78      0x140 ./Drivers/STM32F1xx_HAL_Driver/Src/stm32f1xx_hal_i2c.o
 .text.I2C_WaitOnTXEFlagUntilTimeout
                0x080070b8       0x90 ./Drivers/STM32F1xx_HAL_Driver/Src/stm32f1xx_hal_i2c.o
 .text.I2C_WaitOnBTFFlagUntilTimeout
                0x08007148       0x90 ./Drivers/STM32F1xx_HAL_Driver/Src/stm32f1xx_hal_i2c.o
 .text.I2C_WaitOnRXNEFlagUntilTimeout
                0x080071d8       0xba ./Drivers/STM32F1xx_HAL_Driver/Src/stm32f1xx_hal_i2c.o
 .text.I2C_IsAcknowledgeFailed
                0x08007292       0x5c ./Drivers/STM32F1xx_HAL_Driver/Src/stm32f1xx_hal_i2c.o
 .text.HAL_IWDG_Init
                0x080072ee       0x88 ./Drivers/STM32F1xx_HAL_Driver/Src/stm32f1xx_hal_iwdg.o
                0x080072ee                HAL_IWDG_Init
 .text.HAL_IWDG_Refresh
                0x08007376       0x1e ./Drivers/STM32F1xx_HAL_Driver/Src/stm32f1xx_hal_iwdg.o
                0x08007376                HAL_IWDG_Refresh
 .text.HAL_PWR_ConfigPVD
                0x08007394       0xbc ./Drivers/STM32F1xx_HAL_Driver/Src/stm32f1xx_hal_pwr.o
                0x08007394                HAL_PWR_ConfigPVD
 .text.HAL_PWR_EnablePVD
                0x08007450       0x18 ./Drivers/STM32F1xx_HAL_Driver/Src/stm32f1xx_hal_pwr.o
                0x08007450                HAL_PWR_EnablePVD
 .text.HAL_PWR_PVD_IRQHandler
                0x08007468       0x24 ./Drivers/STM32F1xx_HAL_Driver/Src/stm32f1xx_hal_pwr.o
                0x08007468                HAL_PWR_PVD_IRQHandler
 .text.HAL_RCC_OscConfig
                0x0800748c      0x504 ./Drivers/STM32F1xx_HAL_Driver/Src/stm32f1xx_hal_rcc.o
                0x0800748c                HAL_RCC_OscConfig
 .text.HAL_RCC_ClockConfig
                0x08007990      0x1d4 ./Drivers/STM32F1xx_HAL_Driver/Src/stm32f1xx_hal_rcc.o
                0x08007990                HAL_RCC_ClockConfig
 .text.HAL_RCC_GetSysClockFreq
                0x08007b64       0xa8 ./Drivers/STM32F1xx_HAL_Driver/Src/stm32f1xx_hal_rcc.o
                0x08007b64                HAL_RCC_GetSysClockFreq
 .text.HAL_RCC_GetHCLKFreq
                0x08007c0c       0x14 ./Drivers/STM32F1xx_HAL_Driver/Src/stm32f1xx_hal_rcc.o
                0x08007c0c                HAL_RCC_GetHCLKFreq
 .text.HAL_RCC_GetPCLK1Freq
                0x08007c20       0x28 ./Drivers/STM32F1xx_HAL_Driver/Src/stm32f1xx_hal_rcc.o
                0x08007c20                HAL_RCC_GetPCLK1Freq
 .text.RCC_Delay
                0x08007c48       0x3c ./Drivers/STM32F1xx_HAL_Driver/Src/stm32f1xx_hal_rcc.o
 .text.HAL_TIM_Base_Init
                0x08007c84       0x9e ./Drivers/STM32F1xx_HAL_Driver/Src/stm32f1xx_hal_tim.o
                0x08007c84                HAL_TIM_Base_Init
 *fill*         0x08007d22        0x2 
 .text.HAL_TIM_Base_Start_IT
                0x08007d24       0xa4 ./Drivers/STM32F1xx_HAL_Driver/Src/stm32f1xx_hal_tim.o
                0x08007d24                HAL_TIM_Base_Start_IT
 .text.HAL_TIM_IRQHandler
                0x08007dc8      0x1e0 ./Drivers/STM32F1xx_HAL_Driver/Src/stm32f1xx_hal_tim.o
                0x08007dc8                HAL_TIM_IRQHandler
 .text.HAL_TIM_ConfigClockSource
                0x08007fa8      0x18e ./Drivers/STM32F1xx_HAL_Driver/Src/stm32f1xx_hal_tim.o
                0x08007fa8                HAL_TIM_ConfigClockSource
 .text.HAL_TIM_OC_DelayElapsedCallback
                0x08008136       0x12 ./Drivers/STM32F1xx_HAL_Driver/Src/stm32f1xx_hal_tim.o
                0x08008136                HAL_TIM_OC_DelayElapsedCallback
 .text.HAL_TIM_IC_CaptureCallback
                0x08008148       0x12 ./Drivers/STM32F1xx_HAL_Driver/Src/stm32f1xx_hal_tim.o
                0x08008148                HAL_TIM_IC_CaptureCallback
 .text.HAL_TIM_PWM_PulseFinishedCallback
                0x0800815a       0x12 ./Drivers/STM32F1xx_HAL_Driver/Src/stm32f1xx_hal_tim.o
                0x0800815a                HAL_TIM_PWM_PulseFinishedCallback
 .text.HAL_TIM_TriggerCallback
                0x0800816c       0x12 ./Drivers/STM32F1xx_HAL_Driver/Src/stm32f1xx_hal_tim.o
                0x0800816c                HAL_TIM_TriggerCallback
 *fill*         0x0800817e        0x2 
 .text.TIM_Base_SetConfig
                0x08008180       0xdc ./Drivers/STM32F1xx_HAL_Driver/Src/stm32f1xx_hal_tim.o
                0x08008180                TIM_Base_SetConfig
 .text.TIM_TI1_ConfigInputStage
                0x0800825c       0x5c ./Drivers/STM32F1xx_HAL_Driver/Src/stm32f1xx_hal_tim.o
 .text.TIM_TI2_ConfigInputStage
                0x080082b8       0x5e ./Drivers/STM32F1xx_HAL_Driver/Src/stm32f1xx_hal_tim.o
 .text.TIM_ITRx_SetConfig
                0x08008316       0x34 ./Drivers/STM32F1xx_HAL_Driver/Src/stm32f1xx_hal_tim.o
 .text.TIM_ETR_SetConfig
                0x0800834a       0x3e ./Drivers/STM32F1xx_HAL_Driver/Src/stm32f1xx_hal_tim.o
                0x0800834a                TIM_ETR_SetConfig
 .text.HAL_TIMEx_MasterConfigSynchronization
                0x08008388       0xbc ./Drivers/STM32F1xx_HAL_Driver/Src/stm32f1xx_hal_tim_ex.o
                0x08008388                HAL_TIMEx_MasterConfigSynchronization
 .text.HAL_TIMEx_CommutCallback
                0x08008444       0x12 ./Drivers/STM32F1xx_HAL_Driver/Src/stm32f1xx_hal_tim_ex.o
                0x08008444                HAL_TIMEx_CommutCallback
 .text.HAL_TIMEx_BreakCallback
                0x08008456       0x12 ./Drivers/STM32F1xx_HAL_Driver/Src/stm32f1xx_hal_tim_ex.o
                0x08008456                HAL_TIMEx_BreakCallback
 .text.memset   0x08008468       0x10 C:/ST/STM32CubeIDE_1.16.0/STM32CubeIDE/plugins/com.st.stm32cube.ide.mcu.externaltools.gnu-tools-for-stm32.12.3.rel1.win32_1.0.200.202406191623/tools/bin/../lib/gcc/arm-none-eabi/12.3.1/../../../../arm-none-eabi/lib/thumb/v7-m/nofp\libc_nano.a(libc_a-memset.o)
                0x08008468                memset
 .text.__libc_init_array
                0x08008478       0x48 C:/ST/STM32CubeIDE_1.16.0/STM32CubeIDE/plugins/com.st.stm32cube.ide.mcu.externaltools.gnu-tools-for-stm32.12.3.rel1.win32_1.0.200.202406191623/tools/bin/../lib/gcc/arm-none-eabi/12.3.1/../../../../arm-none-eabi/lib/thumb/v7-m/nofp\libc_nano.a(libc_a-init.o)
                0x08008478                __libc_init_array
 *(.glue_7)
 .glue_7        0x080084c0        0x0 linker stubs
 *(.glue_7t)
 .glue_7t       0x080084c0        0x0 linker stubs
 *(.eh_frame)
 .eh_frame      0x080084c0        0x0 C:/ST/STM32CubeIDE_1.16.0/STM32CubeIDE/plugins/com.st.stm32cube.ide.mcu.externaltools.gnu-tools-for-stm32.12.3.rel1.win32_1.0.200.202406191623/tools/bin/../lib/gcc/arm-none-eabi/12.3.1/thumb/v7-m/nofp/crtbegin.o
 *(.init)
 .init          0x080084c0        0x4 C:/ST/STM32CubeIDE_1.16.0/STM32CubeIDE/plugins/com.st.stm32cube.ide.mcu.externaltools.gnu-tools-for-stm32.12.3.rel1.win32_1.0.200.202406191623/tools/bin/../lib/gcc/arm-none-eabi/12.3.1/thumb/v7-m/nofp/crti.o
                0x080084c0                _init
 .init          0x080084c4        0x8 C:/ST/STM32CubeIDE_1.16.0/STM32CubeIDE/plugins/com.st.stm32cube.ide.mcu.externaltools.gnu-tools-for-stm32.12.3.rel1.win32_1.0.200.202406191623/tools/bin/../lib/gcc/arm-none-eabi/12.3.1/thumb/v7-m/nofp/crtn.o
 *(.fini)
 .fini          0x080084cc        0x4 C:/ST/STM32CubeIDE_1.16.0/STM32CubeIDE/plugins/com.st.stm32cube.ide.mcu.externaltools.gnu-tools-for-stm32.12.3.rel1.win32_1.0.200.202406191623/tools/bin/../lib/gcc/arm-none-eabi/12.3.1/thumb/v7-m/nofp/crti.o
                0x080084cc                _fini
 .fini          0x080084d0        0x8 C:/ST/STM32CubeIDE_1.16.0/STM32CubeIDE/plugins/com.st.stm32cube.ide.mcu.externaltools.gnu-tools-for-stm32.12.3.rel1.win32_1.0.200.202406191623/tools/bin/../lib/gcc/arm-none-eabi/12.3.1/thumb/v7-m/nofp/crtn.o
                0x080084d8                        . = ALIGN (0x4)
                0x080084d8                        _etext = .

.vfp11_veneer   0x080084d8        0x0
 .vfp11_veneer  0x080084d8        0x0 linker stubs

.v4_bx          0x080084d8        0x0
 .v4_bx         0x080084d8        0x0 linker stubs

.iplt           0x080084d8        0x0
 .iplt          0x080084d8        0x0 C:/ST/STM32CubeIDE_1.16.0/STM32CubeIDE/plugins/com.st.stm32cube.ide.mcu.externaltools.gnu-tools-for-stm32.12.3.rel1.win32_1.0.200.202406191623/tools/bin/../lib/gcc/arm-none-eabi/12.3.1/thumb/v7-m/nofp/crtbegin.o

.rodata         0x080084d8     0x1e18
                0x080084d8                        . = ALIGN (0x4)
 *(.rodata)
 .rodata        0x080084d8       0x1f ./Core/Src/main.o
 *(.rodata*)
 *fill*         0x080084f7        0x1 
 .rodata.persentage
                0x080084f8        0x5 ./Core/Src/ST7565P.o
                0x080084f8                persentage
 *fill*         0x080084fd        0x3 
 .rodata.digit  0x08008500       0x3c ./Core/Src/ST7565P.o
                0x08008500                digit
 .rodata.Version_icon
                0x0800853c        0xd ./Core/Src/ST7565P.o
                0x0800853c                Version_icon
 *fill*         0x08008549        0x3 
 .rodata.alphabet
                0x0800854c      0x131 ./Core/Src/ST7565P.o
                0x0800854c                alphabet
 *fill*         0x0800867d        0x3 
 .rodata.gear_print
                0x08008680       0x3f ./Core/Src/ST7565P.o
                0x08008680                gear_print
 *fill*         0x080086bf        0x1 
 .rodata.reverse_icon
                0x080086c0       0x1d ./Core/Src/ST7565P.o
                0x080086c0                reverse_icon
 *fill*         0x080086dd        0x3 
 .rodata.font16x32_digits
                0x080086e0     0x1b80 ./Core/Src/ST7565P.o
                0x080086e0                font16x32_digits
 .rodata.kmph   0x0800a260       0x18 ./Core/Src/ST7565P.o
                0x0800a260                kmph
 .rodata.ODO_ICON
                0x0800a278       0x10 ./Core/Src/ST7565P.o
                0x0800a278                ODO_ICON
 .rodata.DTE_ICON
                0x0800a288        0xd ./Core/Src/ST7565P.o
                0x0800a288                DTE_ICON
 *fill*         0x0800a295        0x3 
 .rodata.cgc_icon
                0x0800a298       0x10 ./Core/Src/ST7565P.o
                0x0800a298                cgc_icon
 .rodata.High_temperature
                0x0800a2a8       0x1c ./Core/Src/ST7565P.o
                0x0800a2a8                High_temperature
 .rodata.AHBPrescTable
                0x0800a2c4       0x10 ./Core/Src/system_stm32f1xx.o
                0x0800a2c4                AHBPrescTable
 .rodata.APBPrescTable
                0x0800a2d4        0x8 ./Core/Src/system_stm32f1xx.o
                0x0800a2d4                APBPrescTable
 .rodata.aPLLMULFactorTable.1
                0x0800a2dc       0x10 ./Drivers/STM32F1xx_HAL_Driver/Src/stm32f1xx_hal_rcc.o
 .rodata.aPredivFactorTable.0
                0x0800a2ec        0x2 ./Drivers/STM32F1xx_HAL_Driver/Src/stm32f1xx_hal_rcc.o
                0x0800a2f0                        . = ALIGN (0x4)
 *fill*         0x0800a2ee        0x2 

.rel.dyn        0x0800a2f0        0x0
 .rel.iplt      0x0800a2f0        0x0 C:/ST/STM32CubeIDE_1.16.0/STM32CubeIDE/plugins/com.st.stm32cube.ide.mcu.externaltools.gnu-tools-for-stm32.12.3.rel1.win32_1.0.200.202406191623/tools/bin/../lib/gcc/arm-none-eabi/12.3.1/thumb/v7-m/nofp/crtbegin.o

.ARM.extab      0x0800a2f0        0x0
                0x0800a2f0                        . = ALIGN (0x4)
 *(.ARM.extab* .gnu.linkonce.armextab.*)
                0x0800a2f0                        . = ALIGN (0x4)

.ARM            0x0800a2f0        0x0
                0x0800a2f0                        . = ALIGN (0x4)
                0x0800a2f0                        __exidx_start = .
 *(.ARM.exidx*)
                0x0800a2f0                        __exidx_end = .
                0x0800a2f0                        . = ALIGN (0x4)

.preinit_array  0x0800a2f0        0x0
                0x0800a2f0                        . = ALIGN (0x4)
                0x0800a2f0                        PROVIDE (__preinit_array_start = .)
 *(.preinit_array*)
                0x0800a2f0                        PROVIDE (__preinit_array_end = .)
                0x0800a2f0                        . = ALIGN (0x4)

.init_array     0x0800a2f0        0x4
                0x0800a2f0                        . = ALIGN (0x4)
                0x0800a2f0                        PROVIDE (__init_array_start = .)
 *(SORT_BY_NAME(.init_array.*))
 *(.init_array*)
 .init_array    0x0800a2f0        0x4 C:/ST/STM32CubeIDE_1.16.0/STM32CubeIDE/plugins/com.st.stm32cube.ide.mcu.externaltools.gnu-tools-for-stm32.12.3.rel1.win32_1.0.200.202406191623/tools/bin/../lib/gcc/arm-none-eabi/12.3.1/thumb/v7-m/nofp/crtbegin.o
                0x0800a2f4                        PROVIDE (__init_array_end = .)
                0x0800a2f4                        . = ALIGN (0x4)

.fini_array     0x0800a2f4        0x4
                0x0800a2f4                        . = ALIGN (0x4)
                [!provide]                        PROVIDE (__fini_array_start = .)
 *(SORT_BY_NAME(.fini_array.*))
 *(.fini_array*)
 .fini_array    0x0800a2f4        0x4 C:/ST/STM32CubeIDE_1.16.0/STM32CubeIDE/plugins/com.st.stm32cube.ide.mcu.externaltools.gnu-tools-for-stm32.12.3.rel1.win32_1.0.200.202406191623/tools/bin/../lib/gcc/arm-none-eabi/12.3.1/thumb/v7-m/nofp/crtbegin.o
                [!provide]                        PROVIDE (__fini_array_end = .)
                0x0800a2f8                        . = ALIGN (0x4)
                0x0800a2f8                        _sidata = LOADADDR (.data)

.data           0x20000000      0x7f0 load address 0x0800a2f8
                0x20000000                        . = ALIGN (0x4)
                0x20000000                        _sdata = .
 *(.data)
 *(.data*)
 .data.intro1   0x20000000      0x400 ./Core/Src/ST7565P.o
                0x20000000                intro1
 .data.Battery_bar
                0x20000400      0x39c ./Core/Src/ST7565P.o
                0x20000400                Battery_bar
 .data.first_time
                0x2000079c        0x1 ./Core/Src/main.o
                0x2000079c                first_time
 *fill*         0x2000079d        0x1 
 .data.print_delay
                0x2000079e        0x2 ./Core/Src/main.o
                0x2000079e                print_delay
 .data.print_state
                0x200007a0        0x1 ./Core/Src/main.o
                0x200007a0                print_state
 *fill*         0x200007a1        0x3 
 .data.EEPROM_ADDRESS
                0x200007a4        0xa ./Core/Src/main.o
                0x200007a4                EEPROM_ADDRESS
 *fill*         0x200007ae        0x2 
 .data.BMS_ID   0x200007b0       0x30 ./Core/Src/main.o
                0x200007b0                BMS_ID
 .data.can_buzzer_delay
                0x200007e0        0x2 ./Core/Src/main.o
                0x200007e0                can_buzzer_delay
 .data.bit_count
                0x200007e2        0x1 ./Core/Src/main.o
                0x200007e2                bit_count
 *fill*         0x200007e3        0x1 
 .data.SystemCoreClock
                0x200007e4        0x4 ./Core/Src/system_stm32f1xx.o
                0x200007e4                SystemCoreClock
 .data.uwTickPrio
                0x200007e8        0x4 ./Drivers/STM32F1xx_HAL_Driver/Src/stm32f1xx_hal.o
                0x200007e8                uwTickPrio
 .data.uwTickFreq
                0x200007ec        0x1 ./Drivers/STM32F1xx_HAL_Driver/Src/stm32f1xx_hal.o
                0x200007ec                uwTickFreq
 *(.RamFunc)
 *(.RamFunc*)
                0x200007f0                        . = ALIGN (0x4)
 *fill*         0x200007ed        0x3 
                0x200007f0                        _edata = .

.igot.plt       0x200007f0        0x0 load address 0x0800aae8
 .igot.plt      0x200007f0        0x0 C:/ST/STM32CubeIDE_1.16.0/STM32CubeIDE/plugins/com.st.stm32cube.ide.mcu.externaltools.gnu-tools-for-stm32.12.3.rel1.win32_1.0.200.202406191623/tools/bin/../lib/gcc/arm-none-eabi/12.3.1/thumb/v7-m/nofp/crtbegin.o
                0x200007f0                        . = ALIGN (0x4)

.bss            0x200007f0     0x11a8 load address 0x0800aae8
                0x200007f0                        _sbss = .
                0x200007f0                        __bss_start__ = _sbss
 *(.bss)
 .bss           0x200007f0       0x1c C:/ST/STM32CubeIDE_1.16.0/STM32CubeIDE/plugins/com.st.stm32cube.ide.mcu.externaltools.gnu-tools-for-stm32.12.3.rel1.win32_1.0.200.202406191623/tools/bin/../lib/gcc/arm-none-eabi/12.3.1/thumb/v7-m/nofp/crtbegin.o
 *(.bss*)
 .bss.lcd_temp_ram
                0x2000080c      0x400 ./Core/Src/ST7565P.o
                0x2000080c                lcd_temp_ram
 .bss.lcd_temp_ram_1
                0x20000c0c      0x400 ./Core/Src/ST7565P.o
                0x20000c0c                lcd_temp_ram_1
 .bss.Read_data
                0x2000100c      0x400 ./Core/Src/ST7565P.o
                0x2000100c                Read_data
 .bss.Display_error
                0x2000140c        0x2 ./Core/Src/ST7565P.o
                0x2000140c                Display_error
 .bss.temp_dot_1
                0x2000140e        0x1 ./Core/Src/ST7565P.o
                0x2000140e                temp_dot_1
 .bss.temp_dot  0x2000140f        0x1 ./Core/Src/ST7565P.o
                0x2000140f                temp_dot
 .bss.print_value_int
                0x20001410        0x1 ./Core/Src/ST7565P.o
                0x20001410                print_value_int
 *fill*         0x20001411        0x3 
 .bss.Received_Data
                0x20001414        0x8 ./Core/Src/main.o
                0x20001414                Received_Data
 .bss.BMS       0x2000141c       0x44 ./Core/Src/main.o
                0x2000141c                BMS
 .bss.OBD       0x20001460        0x8 ./Core/Src/main.o
                0x20001460                OBD
 .bss.hcan      0x20001468       0x28 ./Core/Src/main.o
                0x20001468                hcan
 .bss.hi2c1     0x20001490       0x54 ./Core/Src/main.o
                0x20001490                hi2c1
 .bss.hiwdg     0x200014e4        0xc ./Core/Src/main.o
                0x200014e4                hiwdg
 .bss.htim2     0x200014f0       0x48 ./Core/Src/main.o
                0x200014f0                htim2
 .bss.syncFlag  0x20001538        0x1 ./Core/Src/main.o
                0x20001538                syncFlag
 *fill*         0x20001539        0x1 
 .bss.signalCounter
                0x2000153a        0x2 ./Core/Src/main.o
                0x2000153a                signalCounter
 .bss.timerCounter
                0x2000153c        0x2 ./Core/Src/main.o
                0x2000153c                timerCounter
 *fill*         0x2000153e        0x2 
 .bss.dataArray
                0x20001540      0x320 ./Core/Src/main.o
                0x20001540                dataArray
 .bss.validDataFlag
                0x20001860        0x1 ./Core/Src/main.o
                0x20001860                validDataFlag
 *fill*         0x20001861        0x1 
 .bss.m_sec     0x20001862        0x2 ./Core/Src/main.o
                0x20001862                m_sec
 .bss.Tx_count  0x20001864        0x1 ./Core/Src/main.o
                0x20001864                Tx_count
 *fill*         0x20001865        0x3 
 .bss.Transmit_Data
                0x20001868        0x8 ./Core/Src/main.o
                0x20001868                Transmit_Data
 .bss.Rx_Id     0x20001870        0x4 ./Core/Src/main.o
                0x20001870                Rx_Id
 .bss.TxMailBox
                0x20001874        0x4 ./Core/Src/main.o
                0x20001874                TxMailBox
 .bss.speed_count
                0x20001878        0x4 ./Core/Src/main.o
                0x20001878                speed_count
 .bss.speed_count_temp
                0x2000187c        0x4 ./Core/Src/main.o
                0x2000187c                speed_count_temp
 .bss.after_sec
                0x20001880        0x1 ./Core/Src/main.o
                0x20001880                after_sec
 *fill*         0x20001881        0x3 
 .bss.data_Read
                0x20001884        0x3 ./Core/Src/main.o
                0x20001884                data_Read
 *fill*         0x20001887        0x1 
 .bss.Odo_Value
                0x20001888       0x28 ./Core/Src/main.o
                0x20001888                Odo_Value
 .bss.Odo_Value_1
                0x200018b0       0x28 ./Core/Src/main.o
                0x200018b0                Odo_Value_1
 .bss.sensor_change
                0x200018d8        0x1 ./Core/Src/main.o
                0x200018d8                sensor_change
 *fill*         0x200018d9        0x1 
 .bss.Reserved_SOC
                0x200018da        0x2 ./Core/Src/main.o
                0x200018da                Reserved_SOC
 .bss.Battery_high_Temp
                0x200018dc        0x1 ./Core/Src/main.o
                0x200018dc                Battery_high_Temp
 .bss.bat_icon_toogle
                0x200018dd        0x1 ./Core/Src/main.o
                0x200018dd                bat_icon_toogle
 *fill*         0x200018de        0x2 
 .bss.dataArray1
                0x200018e0        0xc ./Core/Src/main.o
                0x200018e0                dataArray1
 .bss.checksum_error
                0x200018ec        0x1 ./Core/Src/main.o
                0x200018ec                checksum_error
 *fill*         0x200018ed        0x1 
 .bss.SYC_DATA  0x200018ee        0x2 ./Core/Src/main.o
                0x200018ee                SYC_DATA
 .bss.Pin_State
                0x200018f0        0x1 ./Core/Src/main.o
                0x200018f0                Pin_State
 *fill*         0x200018f1        0x3 
 .bss.CGC_value
                0x200018f4        0x4 ./Core/Src/main.o
                0x200018f4                CGC_value
 .bss.last_flash_update
                0x200018f8        0x4 ./Core/Src/main.o
                0x200018f8                last_flash_update
 .bss.timerCounter2
                0x200018fc        0x1 ./Core/Src/main.o
                0x200018fc                timerCounter2
 *fill*         0x200018fd        0x1 
 .bss.timerCounter3
                0x200018fe        0x2 ./Core/Src/main.o
                0x200018fe                timerCounter3
 .bss.Motor_Data
                0x20001900        0xe ./Core/Src/main.o
                0x20001900                Motor_Data
 *fill*         0x2000190e        0x2 
 .bss.Range     0x20001910        0xc ./Core/Src/main.o
                0x20001910                Range
 .bss.data_Write
                0x2000191c        0x3 ./Core/Src/main.o
                0x2000191c                data_Write
 .bss.ADR_LOC   0x2000191f        0x1 ./Core/Src/main.o
                0x2000191f                ADR_LOC
 .bss.test_bit  0x20001920        0x1 ./Core/Src/main.o
                0x20001920                test_bit
 *fill*         0x20001921        0x3 
 .bss.TxHeader  0x20001924       0x18 ./Core/Src/main.o
                0x20001924                TxHeader
 .bss.RxHeader  0x2000193c       0x1c ./Core/Src/main.o
                0x2000193c                RxHeader
 .bss.tog_temp  0x20001958        0x1 ./Core/Src/main.o
                0x20001958                tog_temp
 .bss.neg_soc   0x20001959        0x1 ./Core/Src/main.o
                0x20001959                neg_soc
 .bss.Reverse_status
                0x2000195a        0x1 ./Core/Src/main.o
                0x2000195a                Reverse_status
 *fill*         0x2000195b        0x1 
 .bss.DTE       0x2000195c        0x2 ./Core/Src/main.o
                0x2000195c                DTE
 .bss.can_error
                0x2000195e        0x1 ./Core/Src/main.o
                0x2000195e                can_error
 .bss.can_error_state
                0x2000195f        0x1 ./Core/Src/main.o
                0x2000195f                can_error_state
 .bss.error_count
                0x20001960        0x1 ./Core/Src/main.o
                0x20001960                error_count
 .bss.rx        0x20001961        0x1 ./Core/Src/main.o
                0x20001961                rx
 .bss.pluse_count
                0x20001962        0x2 ./Core/Src/main.o
                0x20001962                pluse_count
 .bss.bike_speed
                0x20001964        0x1 ./Core/Src/main.o
                0x20001964                bike_speed
 *fill*         0x20001965        0x3 
 .bss.speed_result_float
                0x20001968        0x4 ./Core/Src/main.o
                0x20001968                speed_result_float
 .bss.speed_temp1
                0x2000196c        0x2 ./Core/Src/main.o
                0x2000196c                speed_temp1
 *fill*         0x2000196e        0x2 
 .bss.controller_speed_data
                0x20001970        0x4 ./Core/Src/main.o
                0x20001970                controller_speed_data
 .bss.meter_count
                0x20001974        0x2 ./Core/Src/main.o
                0x20001974                meter_count
 .bss.meter_sec
                0x20001976        0x2 ./Core/Src/main.o
                0x20001976                meter_sec
 .bss.inc_buz   0x20001978        0x1 ./Core/Src/main.o
                0x20001978                inc_buz
 *fill*         0x20001979        0x1 
 .bss.speed_time
                0x2000197a        0x2 ./Core/Src/main.o
                0x2000197a                speed_time
 .bss.rev_buzzr_delay
                0x2000197c        0x2 ./Core/Src/main.o
                0x2000197c                rev_buzzr_delay
 .bss.temp_buzzr_delay
                0x2000197e        0x2 ./Core/Src/main.o
                0x2000197e                temp_buzzr_delay
 .bss.TRIP_TIMER
                0x20001980        0x2 ./Core/Src/main.o
                0x20001980                TRIP_TIMER
 .bss.SYC_PASS  0x20001982        0x2 ./Core/Src/main.o
                0x20001982                SYC_PASS
 .bss.last_count
                0x20001984        0x1 ./Core/Src/main.o
                0x20001984                last_count
 *fill*         0x20001985        0x1 
 .bss.doc       0x20001986        0x2 ./Core/Src/main.o
                0x20001986                doc
 .bss.lastDebounceTime
                0x20001988        0x4 ./Core/Src/main.o
                0x20001988                lastDebounceTime
 .bss.startDebounceTime
                0x2000198c        0x4 ./Core/Src/main.o
                0x2000198c                startDebounceTime
 .bss.top       0x20001990        0x2 ./Core/Src/main.o
                0x20001990                top
 *fill*         0x20001992        0x2 
 .bss.uwTick    0x20001994        0x4 ./Drivers/STM32F1xx_HAL_Driver/Src/stm32f1xx_hal.o
                0x20001994                uwTick
 *(COMMON)
                0x20001998                        . = ALIGN (0x4)
                0x20001998                        _ebss = .
                0x20001998                        __bss_end__ = _ebss

._user_heap_stack
                0x20001998      0x600 load address 0x0800aae8
                0x20001998                        . = ALIGN (0x8)
                [!provide]                        PROVIDE (end = .)
                0x20001998                        PROVIDE (_end = .)
                0x20001b98                        . = (. + _Min_Heap_Size)
 *fill*         0x20001998      0x200 
                0x20001f98                        . = (. + _Min_Stack_Size)
 *fill*         0x20001b98      0x400 
                0x20001f98                        . = ALIGN (0x8)

/DISCARD/
 libc.a(*)
 libm.a(*)
 libgcc.a(*)

.ARM.attributes
                0x00000000       0x29
 *(.ARM.attributes)
 .ARM.attributes
                0x00000000       0x1d C:/ST/STM32CubeIDE_1.16.0/STM32CubeIDE/plugins/com.st.stm32cube.ide.mcu.externaltools.gnu-tools-for-stm32.12.3.rel1.win32_1.0.200.202406191623/tools/bin/../lib/gcc/arm-none-eabi/12.3.1/thumb/v7-m/nofp/crti.o
 .ARM.attributes
                0x0000001d       0x2d C:/ST/STM32CubeIDE_1.16.0/STM32CubeIDE/plugins/com.st.stm32cube.ide.mcu.externaltools.gnu-tools-for-stm32.12.3.rel1.win32_1.0.200.202406191623/tools/bin/../lib/gcc/arm-none-eabi/12.3.1/thumb/v7-m/nofp/crtbegin.o
 .ARM.attributes
                0x0000004a       0x2d ./Core/Src/ST7565P.o
 .ARM.attributes
                0x00000077       0x2d ./Core/Src/main.o
 .ARM.attributes
                0x000000a4       0x2d ./Core/Src/stm32f1xx_hal_msp.o
 .ARM.attributes
                0x000000d1       0x2d ./Core/Src/stm32f1xx_it.o
 .ARM.attributes
                0x000000fe       0x2d ./Core/Src/system_stm32f1xx.o
 .ARM.attributes
                0x0000012b       0x2d ./Core/Src/z_pvd.o
 .ARM.attributes
                0x00000158       0x21 ./Core/Startup/startup_stm32f103c8tx.o
 .ARM.attributes
                0x00000179       0x2d ./Drivers/STM32F1xx_HAL_Driver/Src/stm32f1xx_hal.o
 .ARM.attributes
                0x000001a6       0x2d ./Drivers/STM32F1xx_HAL_Driver/Src/stm32f1xx_hal_can.o
 .ARM.attributes
                0x000001d3       0x2d ./Drivers/STM32F1xx_HAL_Driver/Src/stm32f1xx_hal_cortex.o
 .ARM.attributes
                0x00000200       0x2d ./Drivers/STM32F1xx_HAL_Driver/Src/stm32f1xx_hal_gpio.o
 .ARM.attributes
                0x0000022d       0x2d ./Drivers/STM32F1xx_HAL_Driver/Src/stm32f1xx_hal_i2c.o
 .ARM.attributes
                0x0000025a       0x2d ./Drivers/STM32F1xx_HAL_Driver/Src/stm32f1xx_hal_iwdg.o
 .ARM.attributes
                0x00000287       0x2d ./Drivers/STM32F1xx_HAL_Driver/Src/stm32f1xx_hal_pwr.o
 .ARM.attributes
                0x000002b4       0x2d ./Drivers/STM32F1xx_HAL_Driver/Src/stm32f1xx_hal_rcc.o
 .ARM.attributes
                0x000002e1       0x2d ./Drivers/STM32F1xx_HAL_Driver/Src/stm32f1xx_hal_tim.o
 .ARM.attributes
                0x0000030e       0x2d ./Drivers/STM32F1xx_HAL_Driver/Src/stm32f1xx_hal_tim_ex.o
 .ARM.attributes
                0x0000033b       0x2d C:/ST/STM32CubeIDE_1.16.0/STM32CubeIDE/plugins/com.st.stm32cube.ide.mcu.externaltools.gnu-tools-for-stm32.12.3.rel1.win32_1.0.200.202406191623/tools/bin/../lib/gcc/arm-none-eabi/12.3.1/../../../../arm-none-eabi/lib/thumb/v7-m/nofp\libc_nano.a(libc_a-memset.o)
 .ARM.attributes
                0x00000368       0x2d C:/ST/STM32CubeIDE_1.16.0/STM32CubeIDE/plugins/com.st.stm32cube.ide.mcu.externaltools.gnu-tools-for-stm32.12.3.rel1.win32_1.0.200.202406191623/tools/bin/../lib/gcc/arm-none-eabi/12.3.1/../../../../arm-none-eabi/lib/thumb/v7-m/nofp\libc_nano.a(libc_a-init.o)
 .ARM.attributes
                0x00000395       0x1d C:/ST/STM32CubeIDE_1.16.0/STM32CubeIDE/plugins/com.st.stm32cube.ide.mcu.externaltools.gnu-tools-for-stm32.12.3.rel1.win32_1.0.200.202406191623/tools/bin/../lib/gcc/arm-none-eabi/12.3.1/thumb/v7-m/nofp\libgcc.a(_arm_addsubdf3.o)
 .ARM.attributes
                0x000003b2       0x1d C:/ST/STM32CubeIDE_1.16.0/STM32CubeIDE/plugins/com.st.stm32cube.ide.mcu.externaltools.gnu-tools-for-stm32.12.3.rel1.win32_1.0.200.202406191623/tools/bin/../lib/gcc/arm-none-eabi/12.3.1/thumb/v7-m/nofp\libgcc.a(_arm_muldivdf3.o)
 .ARM.attributes
                0x000003cf       0x1d C:/ST/STM32CubeIDE_1.16.0/STM32CubeIDE/plugins/com.st.stm32cube.ide.mcu.externaltools.gnu-tools-for-stm32.12.3.rel1.win32_1.0.200.202406191623/tools/bin/../lib/gcc/arm-none-eabi/12.3.1/thumb/v7-m/nofp\libgcc.a(_arm_fixdfsi.o)
 .ARM.attributes
                0x000003ec       0x1d C:/ST/STM32CubeIDE_1.16.0/STM32CubeIDE/plugins/com.st.stm32cube.ide.mcu.externaltools.gnu-tools-for-stm32.12.3.rel1.win32_1.0.200.202406191623/tools/bin/../lib/gcc/arm-none-eabi/12.3.1/thumb/v7-m/nofp\libgcc.a(_arm_fixunsdfsi.o)
 .ARM.attributes
                0x00000409       0x1d C:/ST/STM32CubeIDE_1.16.0/STM32CubeIDE/plugins/com.st.stm32cube.ide.mcu.externaltools.gnu-tools-for-stm32.12.3.rel1.win32_1.0.200.202406191623/tools/bin/../lib/gcc/arm-none-eabi/12.3.1/thumb/v7-m/nofp\libgcc.a(_arm_truncdfsf2.o)
 .ARM.attributes
                0x00000426       0x1d C:/ST/STM32CubeIDE_1.16.0/STM32CubeIDE/plugins/com.st.stm32cube.ide.mcu.externaltools.gnu-tools-for-stm32.12.3.rel1.win32_1.0.200.202406191623/tools/bin/../lib/gcc/arm-none-eabi/12.3.1/thumb/v7-m/nofp\libgcc.a(_arm_addsubsf3.o)
 .ARM.attributes
                0x00000443       0x1d C:/ST/STM32CubeIDE_1.16.0/STM32CubeIDE/plugins/com.st.stm32cube.ide.mcu.externaltools.gnu-tools-for-stm32.12.3.rel1.win32_1.0.200.202406191623/tools/bin/../lib/gcc/arm-none-eabi/12.3.1/thumb/v7-m/nofp\libgcc.a(_arm_muldivsf3.o)
 .ARM.attributes
                0x00000460       0x1d C:/ST/STM32CubeIDE_1.16.0/STM32CubeIDE/plugins/com.st.stm32cube.ide.mcu.externaltools.gnu-tools-for-stm32.12.3.rel1.win32_1.0.200.202406191623/tools/bin/../lib/gcc/arm-none-eabi/12.3.1/thumb/v7-m/nofp\libgcc.a(_arm_fixsfsi.o)
 .ARM.attributes
                0x0000047d       0x1d C:/ST/STM32CubeIDE_1.16.0/STM32CubeIDE/plugins/com.st.stm32cube.ide.mcu.externaltools.gnu-tools-for-stm32.12.3.rel1.win32_1.0.200.202406191623/tools/bin/../lib/gcc/arm-none-eabi/12.3.1/thumb/v7-m/nofp\libgcc.a(_arm_fixunssfsi.o)
 .ARM.attributes
                0x0000049a       0x1d C:/ST/STM32CubeIDE_1.16.0/STM32CubeIDE/plugins/com.st.stm32cube.ide.mcu.externaltools.gnu-tools-for-stm32.12.3.rel1.win32_1.0.200.202406191623/tools/bin/../lib/gcc/arm-none-eabi/12.3.1/thumb/v7-m/nofp/crtn.o
OUTPUT(Bheem_110.elf elf32-littlearm)
LOAD linker stubs
LOAD C:/ST/STM32CubeIDE_1.16.0/STM32CubeIDE/plugins/com.st.stm32cube.ide.mcu.externaltools.gnu-tools-for-stm32.12.3.rel1.win32_1.0.200.202406191623/tools/bin/../lib/gcc/arm-none-eabi/12.3.1/../../../../arm-none-eabi/lib/thumb/v7-m/nofp\libc.a
LOAD C:/ST/STM32CubeIDE_1.16.0/STM32CubeIDE/plugins/com.st.stm32cube.ide.mcu.externaltools.gnu-tools-for-stm32.12.3.rel1.win32_1.0.200.202406191623/tools/bin/../lib/gcc/arm-none-eabi/12.3.1/../../../../arm-none-eabi/lib/thumb/v7-m/nofp\libm.a
LOAD C:/ST/STM32CubeIDE_1.16.0/STM32CubeIDE/plugins/com.st.stm32cube.ide.mcu.externaltools.gnu-tools-for-stm32.12.3.rel1.win32_1.0.200.202406191623/tools/bin/../lib/gcc/arm-none-eabi/12.3.1/thumb/v7-m/nofp\libgcc.a

.debug_info     0x00000000    0x10178
 .debug_info    0x00000000     0x12bf ./Core/Src/ST7565P.o
 .debug_info    0x000012bf     0x3483 ./Core/Src/main.o
 .debug_info    0x00004742     0x11e0 ./Core/Src/stm32f1xx_hal_msp.o
 .debug_info    0x00005922      0xad2 ./Core/Src/stm32f1xx_it.o
 .debug_info    0x000063f4      0x222 ./Core/Src/system_stm32f1xx.o
 .debug_info    0x00006616      0x1fb ./Core/Src/z_pvd.o
 .debug_info    0x00006811       0x30 ./Core/Startup/startup_stm32f103c8tx.o
 .debug_info    0x00006841      0x704 ./Drivers/STM32F1xx_HAL_Driver/Src/stm32f1xx_hal.o
 .debug_info    0x00006f45      0xf13 ./Drivers/STM32F1xx_HAL_Driver/Src/stm32f1xx_hal_can.o
 .debug_info    0x00007e58      0xa87 ./Drivers/STM32F1xx_HAL_Driver/Src/stm32f1xx_hal_cortex.o
 .debug_info    0x000088df      0x5ab ./Drivers/STM32F1xx_HAL_Driver/Src/stm32f1xx_hal_gpio.o
 .debug_info    0x00008e8a     0x2524 ./Drivers/STM32F1xx_HAL_Driver/Src/stm32f1xx_hal_i2c.o
 .debug_info    0x0000b3ae      0x1d9 ./Drivers/STM32F1xx_HAL_Driver/Src/stm32f1xx_hal_iwdg.o
 .debug_info    0x0000b587      0x628 ./Drivers/STM32F1xx_HAL_Driver/Src/stm32f1xx_hal_pwr.o
 .debug_info    0x0000bbaf      0x7d5 ./Drivers/STM32F1xx_HAL_Driver/Src/stm32f1xx_hal_rcc.o
 .debug_info    0x0000c384     0x2959 ./Drivers/STM32F1xx_HAL_Driver/Src/stm32f1xx_hal_tim.o
 .debug_info    0x0000ecdd     0x149b ./Drivers/STM32F1xx_HAL_Driver/Src/stm32f1xx_hal_tim_ex.o

.debug_abbrev   0x00000000     0x24e2
 .debug_abbrev  0x00000000      0x2c8 ./Core/Src/ST7565P.o
 .debug_abbrev  0x000002c8      0x4a5 ./Core/Src/main.o
 .debug_abbrev  0x0000076d      0x245 ./Core/Src/stm32f1xx_hal_msp.o
 .debug_abbrev  0x000009b2      0x21a ./Core/Src/stm32f1xx_it.o
 .debug_abbrev  0x00000bcc      0x13f ./Core/Src/system_stm32f1xx.o
 .debug_abbrev  0x00000d0b      0x163 ./Core/Src/z_pvd.o
 .debug_abbrev  0x00000e6e       0x24 ./Core/Startup/startup_stm32f103c8tx.o
 .debug_abbrev  0x00000e92      0x201 ./Drivers/STM32F1xx_HAL_Driver/Src/stm32f1xx_hal.o
 .debug_abbrev  0x00001093      0x21c ./Drivers/STM32F1xx_HAL_Driver/Src/stm32f1xx_hal_can.o
 .debug_abbrev  0x000012af      0x2f8 ./Drivers/STM32F1xx_HAL_Driver/Src/stm32f1xx_hal_cortex.o
 .debug_abbrev  0x000015a7      0x1ca ./Drivers/STM32F1xx_HAL_Driver/Src/stm32f1xx_hal_gpio.o
 .debug_abbrev  0x00001771      0x2a3 ./Drivers/STM32F1xx_HAL_Driver/Src/stm32f1xx_hal_i2c.o
 .debug_abbrev  0x00001a14      0x12c ./Drivers/STM32F1xx_HAL_Driver/Src/stm32f1xx_hal_iwdg.o
 .debug_abbrev  0x00001b40      0x1f6 ./Drivers/STM32F1xx_HAL_Driver/Src/stm32f1xx_hal_pwr.o
 .debug_abbrev  0x00001d36      0x2b3 ./Drivers/STM32F1xx_HAL_Driver/Src/stm32f1xx_hal_rcc.o
 .debug_abbrev  0x00001fe9      0x277 ./Drivers/STM32F1xx_HAL_Driver/Src/stm32f1xx_hal_tim.o
 .debug_abbrev  0x00002260      0x282 ./Drivers/STM32F1xx_HAL_Driver/Src/stm32f1xx_hal_tim_ex.o

.debug_aranges  0x00000000      0xff8
 .debug_aranges
                0x00000000       0xe8 ./Core/Src/ST7565P.o
 .debug_aranges
                0x000000e8      0x110 ./Core/Src/main.o
 .debug_aranges
                0x000001f8       0x50 ./Core/Src/stm32f1xx_hal_msp.o
 .debug_aranges
                0x00000248       0x88 ./Core/Src/stm32f1xx_it.o
 .debug_aranges
                0x000002d0       0x28 ./Core/Src/system_stm32f1xx.o
 .debug_aranges
                0x000002f8       0x28 ./Core/Src/z_pvd.o
 .debug_aranges
                0x00000320       0x28 ./Core/Startup/startup_stm32f103c8tx.o
 .debug_aranges
                0x00000348       0xe0 ./Drivers/STM32F1xx_HAL_Driver/Src/stm32f1xx_hal.o
 .debug_aranges
                0x00000428      0x138 ./Drivers/STM32F1xx_HAL_Driver/Src/stm32f1xx_hal_can.o
 .debug_aranges
                0x00000560      0x100 ./Drivers/STM32F1xx_HAL_Driver/Src/stm32f1xx_hal_cortex.o
 .debug_aranges
                0x00000660       0x58 ./Drivers/STM32F1xx_HAL_Driver/Src/stm32f1xx_hal_gpio.o
 .debug_aranges
                0x000006b8      0x2a8 ./Drivers/STM32F1xx_HAL_Driver/Src/stm32f1xx_hal_i2c.o
 .debug_aranges
                0x00000960       0x28 ./Drivers/STM32F1xx_HAL_Driver/Src/stm32f1xx_hal_iwdg.o
 .debug_aranges
                0x00000988       0xa8 ./Drivers/STM32F1xx_HAL_Driver/Src/stm32f1xx_hal_pwr.o
 .debug_aranges
                0x00000a30       0x90 ./Drivers/STM32F1xx_HAL_Driver/Src/stm32f1xx_hal_rcc.o
 .debug_aranges
                0x00000ac0      0x3d0 ./Drivers/STM32F1xx_HAL_Driver/Src/stm32f1xx_hal_tim.o
 .debug_aranges
                0x00000e90      0x168 ./Drivers/STM32F1xx_HAL_Driver/Src/stm32f1xx_hal_tim_ex.o

.debug_rnglists
                0x00000000      0xc77
 .debug_rnglists
                0x00000000       0xb1 ./Core/Src/ST7565P.o
 .debug_rnglists
                0x000000b1       0xdb ./Core/Src/main.o
 .debug_rnglists
                0x0000018c       0x39 ./Core/Src/stm32f1xx_hal_msp.o
 .debug_rnglists
                0x000001c5       0x61 ./Core/Src/stm32f1xx_it.o
 .debug_rnglists
                0x00000226       0x1a ./Core/Src/system_stm32f1xx.o
 .debug_rnglists
                0x00000240       0x19 ./Core/Src/z_pvd.o
 .debug_rnglists
                0x00000259       0x19 ./Core/Startup/startup_stm32f103c8tx.o
 .debug_rnglists
                0x00000272       0xa3 ./Drivers/STM32F1xx_HAL_Driver/Src/stm32f1xx_hal.o
 .debug_rnglists
                0x00000315       0xed ./Drivers/STM32F1xx_HAL_Driver/Src/stm32f1xx_hal_can.o
 .debug_rnglists
                0x00000402       0xbb ./Drivers/STM32F1xx_HAL_Driver/Src/stm32f1xx_hal_cortex.o
 .debug_rnglists
                0x000004bd       0x3f ./Drivers/STM32F1xx_HAL_Driver/Src/stm32f1xx_hal_gpio.o
 .debug_rnglists
                0x000004fc      0x23c ./Drivers/STM32F1xx_HAL_Driver/Src/stm32f1xx_hal_i2c.o
 .debug_rnglists
                0x00000738       0x1a ./Drivers/STM32F1xx_HAL_Driver/Src/stm32f1xx_hal_iwdg.o
 .debug_rnglists
                0x00000752       0x7a ./Drivers/STM32F1xx_HAL_Driver/Src/stm32f1xx_hal_pwr.o
 .debug_rnglists
                0x000007cc       0x6c ./Drivers/STM32F1xx_HAL_Driver/Src/stm32f1xx_hal_rcc.o
 .debug_rnglists
                0x00000838      0x31a ./Drivers/STM32F1xx_HAL_Driver/Src/stm32f1xx_hal_tim.o
 .debug_rnglists
                0x00000b52      0x125 ./Drivers/STM32F1xx_HAL_Driver/Src/stm32f1xx_hal_tim_ex.o

.debug_macro    0x00000000     0x1fdd
 .debug_macro   0x00000000      0x1cf ./Core/Src/ST7565P.o
 .debug_macro   0x000001cf      0x118 ./Core/Src/ST7565P.o
 .debug_macro   0x000002e7       0xd6 ./Core/Src/ST7565P.o
 .debug_macro   0x000003bd      0x208 ./Core/Src/main.o
 .debug_macro   0x000005c5       0x10 ./Core/Src/main.o
 .debug_macro   0x000005d5       0x64 ./Core/Src/main.o
 .debug_macro   0x00000639      0x1c6 ./Core/Src/stm32f1xx_hal_msp.o
 .debug_macro   0x000007ff      0x1d0 ./Core/Src/stm32f1xx_it.o
 .debug_macro   0x000009cf      0x1b7 ./Core/Src/system_stm32f1xx.o
 .debug_macro   0x00000b86      0x1c6 ./Core/Src/z_pvd.o
 .debug_macro   0x00000d4c      0x1db ./Drivers/STM32F1xx_HAL_Driver/Src/stm32f1xx_hal.o
 .debug_macro   0x00000f27      0x1c6 ./Drivers/STM32F1xx_HAL_Driver/Src/stm32f1xx_hal_can.o
 .debug_macro   0x000010ed      0x1b7 ./Drivers/STM32F1xx_HAL_Driver/Src/stm32f1xx_hal_cortex.o
 .debug_macro   0x000012a4      0x222 ./Drivers/STM32F1xx_HAL_Driver/Src/stm32f1xx_hal_gpio.o
 .debug_macro   0x000014c6      0x205 ./Drivers/STM32F1xx_HAL_Driver/Src/stm32f1xx_hal_i2c.o
 .debug_macro   0x000016cb      0x1c3 ./Drivers/STM32F1xx_HAL_Driver/Src/stm32f1xx_hal_iwdg.o
 .debug_macro   0x0000188e      0x217 ./Drivers/STM32F1xx_HAL_Driver/Src/stm32f1xx_hal_pwr.o
 .debug_macro   0x00001aa5      0x1c9 ./Drivers/STM32F1xx_HAL_Driver/Src/stm32f1xx_hal_rcc.o
 .debug_macro   0x00001c6e      0x1b8 ./Drivers/STM32F1xx_HAL_Driver/Src/stm32f1xx_hal_tim.o
 .debug_macro   0x00001e26      0x1b7 ./Drivers/STM32F1xx_HAL_Driver/Src/stm32f1xx_hal_tim_ex.o

.debug_line     0x00000000    0x12a38
 .debug_line    0x00000000     0x1377 ./Core/Src/ST7565P.o
 .debug_line    0x00001377     0x1b5c ./Core/Src/main.o
 .debug_line    0x00002ed3      0x812 ./Core/Src/stm32f1xx_hal_msp.o
 .debug_line    0x000036e5      0x86d ./Core/Src/stm32f1xx_it.o
 .debug_line    0x00003f52      0x7b1 ./Core/Src/system_stm32f1xx.o
 .debug_line    0x00004703      0x743 ./Core/Src/z_pvd.o
 .debug_line    0x00004e46       0x78 ./Core/Startup/startup_stm32f103c8tx.o
 .debug_line    0x00004ebe      0x9de ./Drivers/STM32F1xx_HAL_Driver/Src/stm32f1xx_hal.o
 .debug_line    0x0000589c     0x11c0 ./Drivers/STM32F1xx_HAL_Driver/Src/stm32f1xx_hal_can.o
 .debug_line    0x00006a5c      0xbca ./Drivers/STM32F1xx_HAL_Driver/Src/stm32f1xx_hal_cortex.o
 .debug_line    0x00007626      0xa77 ./Drivers/STM32F1xx_HAL_Driver/Src/stm32f1xx_hal_gpio.o
 .debug_line    0x0000809d     0x3c7b ./Drivers/STM32F1xx_HAL_Driver/Src/stm32f1xx_hal_i2c.o
 .debug_line    0x0000bd18      0x7a9 ./Drivers/STM32F1xx_HAL_Driver/Src/stm32f1xx_hal_iwdg.o
 .debug_line    0x0000c4c1      0x960 ./Drivers/STM32F1xx_HAL_Driver/Src/stm32f1xx_hal_pwr.o
 .debug_line    0x0000ce21      0xde7 ./Drivers/STM32F1xx_HAL_Driver/Src/stm32f1xx_hal_rcc.o
 .debug_line    0x0000dc08     0x3503 ./Drivers/STM32F1xx_HAL_Driver/Src/stm32f1xx_hal_tim.o
 .debug_line    0x0001110b     0x192d ./Drivers/STM32F1xx_HAL_Driver/Src/stm32f1xx_hal_tim_ex.o

.debug_str      0x00000000    0x8bd24
 .debug_str     0x00000000    0x86226 ./Core/Src/ST7565P.o
                              0x86599 (size before relaxing)
 .debug_str     0x00086226     0x259f ./Core/Src/main.o
                              0x88743 (size before relaxing)
 .debug_str     0x000887c5       0xf3 ./Core/Src/stm32f1xx_hal_msp.o
                              0x86c09 (size before relaxing)
 .debug_str     0x000888b8      0x155 ./Core/Src/stm32f1xx_it.o
                              0x8666c (size before relaxing)
 .debug_str     0x00088a0d       0x7e ./Core/Src/system_stm32f1xx.o
                              0x85a28 (size before relaxing)
 .debug_str     0x00088a8b       0x5d ./Core/Src/z_pvd.o
                              0x85eab (size before relaxing)
 .debug_str     0x00088ae8       0x94 ./Core/Startup/startup_stm32f103c8tx.o
 .debug_str     0x00088b7c      0x378 ./Drivers/STM32F1xx_HAL_Driver/Src/stm32f1xx_hal.o
                              0x8615b (size before relaxing)
 .debug_str     0x00088ef4      0x3ef ./Drivers/STM32F1xx_HAL_Driver/Src/stm32f1xx_hal_can.o
                              0x86230 (size before relaxing)
 .debug_str     0x000892e3      0x257 ./Drivers/STM32F1xx_HAL_Driver/Src/stm32f1xx_hal_cortex.o
                              0x860a7 (size before relaxing)
 .debug_str     0x0008953a      0x284 ./Drivers/STM32F1xx_HAL_Driver/Src/stm32f1xx_hal_gpio.o
                              0x85dae (size before relaxing)
 .debug_str     0x000897be      0xba7 ./Drivers/STM32F1xx_HAL_Driver/Src/stm32f1xx_hal_i2c.o
                              0x86aef (size before relaxing)
 .debug_str     0x0008a365       0xdd ./Drivers/STM32F1xx_HAL_Driver/Src/stm32f1xx_hal_iwdg.o
                              0x85af3 (size before relaxing)
 .debug_str     0x0008a442      0x4a0 ./Drivers/STM32F1xx_HAL_Driver/Src/stm32f1xx_hal_pwr.o
                              0x85f5f (size before relaxing)
 .debug_str     0x0008a8e2      0x1fd ./Drivers/STM32F1xx_HAL_Driver/Src/stm32f1xx_hal_rcc.o
                              0x85e57 (size before relaxing)
 .debug_str     0x0008aadf      0xdb2 ./Drivers/STM32F1xx_HAL_Driver/Src/stm32f1xx_hal_tim.o
                              0x86e59 (size before relaxing)
 .debug_str     0x0008b891      0x493 ./Drivers/STM32F1xx_HAL_Driver/Src/stm32f1xx_hal_tim_ex.o
                              0x86665 (size before relaxing)

.comment        0x00000000       0x43
 .comment       0x00000000       0x43 ./Core/Src/ST7565P.o
                                 0x44 (size before relaxing)
 .comment       0x00000043       0x44 ./Core/Src/main.o
 .comment       0x00000043       0x44 ./Core/Src/stm32f1xx_hal_msp.o
 .comment       0x00000043       0x44 ./Core/Src/stm32f1xx_it.o
 .comment       0x00000043       0x44 ./Core/Src/system_stm32f1xx.o
 .comment       0x00000043       0x44 ./Core/Src/z_pvd.o
 .comment       0x00000043       0x44 ./Drivers/STM32F1xx_HAL_Driver/Src/stm32f1xx_hal.o
 .comment       0x00000043       0x44 ./Drivers/STM32F1xx_HAL_Driver/Src/stm32f1xx_hal_can.o
 .comment       0x00000043       0x44 ./Drivers/STM32F1xx_HAL_Driver/Src/stm32f1xx_hal_cortex.o
 .comment       0x00000043       0x44 ./Drivers/STM32F1xx_HAL_Driver/Src/stm32f1xx_hal_gpio.o
 .comment       0x00000043       0x44 ./Drivers/STM32F1xx_HAL_Driver/Src/stm32f1xx_hal_i2c.o
 .comment       0x00000043       0x44 ./Drivers/STM32F1xx_HAL_Driver/Src/stm32f1xx_hal_iwdg.o
 .comment       0x00000043       0x44 ./Drivers/STM32F1xx_HAL_Driver/Src/stm32f1xx_hal_pwr.o
 .comment       0x00000043       0x44 ./Drivers/STM32F1xx_HAL_Driver/Src/stm32f1xx_hal_rcc.o
 .comment       0x00000043       0x44 ./Drivers/STM32F1xx_HAL_Driver/Src/stm32f1xx_hal_tim.o
 .comment       0x00000043       0x44 ./Drivers/STM32F1xx_HAL_Driver/Src/stm32f1xx_hal_tim_ex.o

.debug_frame    0x00000000     0x4554
 .debug_frame   0x00000000      0x3d8 ./Core/Src/ST7565P.o
 .debug_frame   0x000003d8      0x418 ./Core/Src/main.o
 .debug_frame   0x000007f0      0x10c ./Core/Src/stm32f1xx_hal_msp.o
 .debug_frame   0x000008fc      0x190 ./Core/Src/stm32f1xx_it.o
 .debug_frame   0x00000a8c       0x58 ./Core/Src/system_stm32f1xx.o
 .debug_frame   0x00000ae4       0x50 ./Core/Src/z_pvd.o
 .debug_frame   0x00000b34      0x334 ./Drivers/STM32F1xx_HAL_Driver/Src/stm32f1xx_hal.o
 .debug_frame   0x00000e68      0x5a0 ./Drivers/STM32F1xx_HAL_Driver/Src/stm32f1xx_hal_can.o
 .debug_frame   0x00001408      0x428 ./Drivers/STM32F1xx_HAL_Driver/Src/stm32f1xx_hal_cortex.o
 .debug_frame   0x00001830      0x14c ./Drivers/STM32F1xx_HAL_Driver/Src/stm32f1xx_hal_gpio.o
 .debug_frame   0x0000197c      0xc84 ./Drivers/STM32F1xx_HAL_Driver/Src/stm32f1xx_hal_i2c.o
 .debug_frame   0x00002600       0x5c ./Drivers/STM32F1xx_HAL_Driver/Src/stm32f1xx_hal_iwdg.o
 .debug_frame   0x0000265c      0x270 ./Drivers/STM32F1xx_HAL_Driver/Src/stm32f1xx_hal_pwr.o
 .debug_frame   0x000028cc      0x218 ./Drivers/STM32F1xx_HAL_Driver/Src/stm32f1xx_hal_rcc.o
 .debug_frame   0x00002ae4     0x11b8 ./Drivers/STM32F1xx_HAL_Driver/Src/stm32f1xx_hal_tim.o
 .debug_frame   0x00003c9c      0x638 ./Drivers/STM32F1xx_HAL_Driver/Src/stm32f1xx_hal_tim_ex.o
 .debug_frame   0x000042d4       0x20 C:/ST/STM32CubeIDE_1.16.0/STM32CubeIDE/plugins/com.st.stm32cube.ide.mcu.externaltools.gnu-tools-for-stm32.12.3.rel1.win32_1.0.200.202406191623/tools/bin/../lib/gcc/arm-none-eabi/12.3.1/../../../../arm-none-eabi/lib/thumb/v7-m/nofp\libc_nano.a(libc_a-memset.o)
 .debug_frame   0x000042f4       0x2c C:/ST/STM32CubeIDE_1.16.0/STM32CubeIDE/plugins/com.st.stm32cube.ide.mcu.externaltools.gnu-tools-for-stm32.12.3.rel1.win32_1.0.200.202406191623/tools/bin/../lib/gcc/arm-none-eabi/12.3.1/../../../../arm-none-eabi/lib/thumb/v7-m/nofp\libc_nano.a(libc_a-init.o)
 .debug_frame   0x00004320       0xac C:/ST/STM32CubeIDE_1.16.0/STM32CubeIDE/plugins/com.st.stm32cube.ide.mcu.externaltools.gnu-tools-for-stm32.12.3.rel1.win32_1.0.200.202406191623/tools/bin/../lib/gcc/arm-none-eabi/12.3.1/thumb/v7-m/nofp\libgcc.a(_arm_addsubdf3.o)
 .debug_frame   0x000043cc       0x50 C:/ST/STM32CubeIDE_1.16.0/STM32CubeIDE/plugins/com.st.stm32cube.ide.mcu.externaltools.gnu-tools-for-stm32.12.3.rel1.win32_1.0.200.202406191623/tools/bin/../lib/gcc/arm-none-eabi/12.3.1/thumb/v7-m/nofp\libgcc.a(_arm_muldivdf3.o)
 .debug_frame   0x0000441c       0x24 C:/ST/STM32CubeIDE_1.16.0/STM32CubeIDE/plugins/com.st.stm32cube.ide.mcu.externaltools.gnu-tools-for-stm32.12.3.rel1.win32_1.0.200.202406191623/tools/bin/../lib/gcc/arm-none-eabi/12.3.1/thumb/v7-m/nofp\libgcc.a(_arm_fixdfsi.o)
 .debug_frame   0x00004440       0x24 C:/ST/STM32CubeIDE_1.16.0/STM32CubeIDE/plugins/com.st.stm32cube.ide.mcu.externaltools.gnu-tools-for-stm32.12.3.rel1.win32_1.0.200.202406191623/tools/bin/../lib/gcc/arm-none-eabi/12.3.1/thumb/v7-m/nofp\libgcc.a(_arm_fixunsdfsi.o)
 .debug_frame   0x00004464       0x24 C:/ST/STM32CubeIDE_1.16.0/STM32CubeIDE/plugins/com.st.stm32cube.ide.mcu.externaltools.gnu-tools-for-stm32.12.3.rel1.win32_1.0.200.202406191623/tools/bin/../lib/gcc/arm-none-eabi/12.3.1/thumb/v7-m/nofp\libgcc.a(_arm_truncdfsf2.o)
 .debug_frame   0x00004488       0x4c C:/ST/STM32CubeIDE_1.16.0/STM32CubeIDE/plugins/com.st.stm32cube.ide.mcu.externaltools.gnu-tools-for-stm32.12.3.rel1.win32_1.0.200.202406191623/tools/bin/../lib/gcc/arm-none-eabi/12.3.1/thumb/v7-m/nofp\libgcc.a(_arm_addsubsf3.o)
 .debug_frame   0x000044d4       0x38 C:/ST/STM32CubeIDE_1.16.0/STM32CubeIDE/plugins/com.st.stm32cube.ide.mcu.externaltools.gnu-tools-for-stm32.12.3.rel1.win32_1.0.200.202406191623/tools/bin/../lib/gcc/arm-none-eabi/12.3.1/thumb/v7-m/nofp\libgcc.a(_arm_muldivsf3.o)
 .debug_frame   0x0000450c       0x24 C:/ST/STM32CubeIDE_1.16.0/STM32CubeIDE/plugins/com.st.stm32cube.ide.mcu.externaltools.gnu-tools-for-stm32.12.3.rel1.win32_1.0.200.202406191623/tools/bin/../lib/gcc/arm-none-eabi/12.3.1/thumb/v7-m/nofp\libgcc.a(_arm_fixsfsi.o)
 .debug_frame   0x00004530       0x24 C:/ST/STM32CubeIDE_1.16.0/STM32CubeIDE/plugins/com.st.stm32cube.ide.mcu.externaltools.gnu-tools-for-stm32.12.3.rel1.win32_1.0.200.202406191623/tools/bin/../lib/gcc/arm-none-eabi/12.3.1/thumb/v7-m/nofp\libgcc.a(_arm_fixunssfsi.o)

.debug_line_str
                0x00000000       0x78
 .debug_line_str
                0x00000000       0x78 ./Core/Startup/startup_stm32f103c8tx.o
