Archive member included to satisfy reference by file (symbol)

C:/ST/STM32CubeIDE_1.13.2/STM32CubeIDE/plugins/com.st.stm32cube.ide.mcu.externaltools.gnu-tools-for-stm32.11.3.rel1.win32_1.1.1.202309131626/tools/bin/../lib/gcc/arm-none-eabi/11.3.1/../../../../arm-none-eabi/lib/thumb/v7-m/nofp\libc_nano.a(libc_a-exit.o)
                              C:/ST/STM32CubeIDE_1.13.2/STM32CubeIDE/plugins/com.st.stm32cube.ide.mcu.externaltools.gnu-tools-for-stm32.11.3.rel1.win32_1.1.1.202309131626/tools/bin/../lib/gcc/arm-none-eabi/11.3.1/../../../../arm-none-eabi/lib/thumb/v7-m/nofp/crt0.o (exit)
C:/ST/STM32CubeIDE_1.13.2/STM32CubeIDE/plugins/com.st.stm32cube.ide.mcu.externaltools.gnu-tools-for-stm32.11.3.rel1.win32_1.1.1.202309131626/tools/bin/../lib/gcc/arm-none-eabi/11.3.1/../../../../arm-none-eabi/lib/thumb/v7-m/nofp\libc_nano.a(libc_a-findfp.o)
                              C:/ST/STM32CubeIDE_1.13.2/STM32CubeIDE/plugins/com.st.stm32cube.ide.mcu.externaltools.gnu-tools-for-stm32.11.3.rel1.win32_1.1.1.202309131626/tools/bin/../lib/gcc/arm-none-eabi/11.3.1/../../../../arm-none-eabi/lib/thumb/v7-m/nofp\libc_nano.a(libc_a-exit.o) (__stdio_exit_handler)
C:/ST/STM32CubeIDE_1.13.2/STM32CubeIDE/plugins/com.st.stm32cube.ide.mcu.externaltools.gnu-tools-for-stm32.11.3.rel1.win32_1.1.1.202309131626/tools/bin/../lib/gcc/arm-none-eabi/11.3.1/../../../../arm-none-eabi/lib/thumb/v7-m/nofp\libc_nano.a(libc_a-fwalk.o)
                              C:/ST/STM32CubeIDE_1.13.2/STM32CubeIDE/plugins/com.st.stm32cube.ide.mcu.externaltools.gnu-tools-for-stm32.11.3.rel1.win32_1.1.1.202309131626/tools/bin/../lib/gcc/arm-none-eabi/11.3.1/../../../../arm-none-eabi/lib/thumb/v7-m/nofp\libc_nano.a(libc_a-findfp.o) (_fwalk_sglue)
C:/ST/STM32CubeIDE_1.13.2/STM32CubeIDE/plugins/com.st.stm32cube.ide.mcu.externaltools.gnu-tools-for-stm32.11.3.rel1.win32_1.1.1.202309131626/tools/bin/../lib/gcc/arm-none-eabi/11.3.1/../../../../arm-none-eabi/lib/thumb/v7-m/nofp\libc_nano.a(libc_a-stdio.o)
                              C:/ST/STM32CubeIDE_1.13.2/STM32CubeIDE/plugins/com.st.stm32cube.ide.mcu.externaltools.gnu-tools-for-stm32.11.3.rel1.win32_1.1.1.202309131626/tools/bin/../lib/gcc/arm-none-eabi/11.3.1/../../../../arm-none-eabi/lib/thumb/v7-m/nofp\libc_nano.a(libc_a-findfp.o) (__sread)
C:/ST/STM32CubeIDE_1.13.2/STM32CubeIDE/plugins/com.st.stm32cube.ide.mcu.externaltools.gnu-tools-for-stm32.11.3.rel1.win32_1.1.1.202309131626/tools/bin/../lib/gcc/arm-none-eabi/11.3.1/../../../../arm-none-eabi/lib/thumb/v7-m/nofp\libc_nano.a(libc_a-memset.o)
                              C:/ST/STM32CubeIDE_1.13.2/STM32CubeIDE/plugins/com.st.stm32cube.ide.mcu.externaltools.gnu-tools-for-stm32.11.3.rel1.win32_1.1.1.202309131626/tools/bin/../lib/gcc/arm-none-eabi/11.3.1/../../../../arm-none-eabi/lib/thumb/v7-m/nofp/crt0.o (memset)
C:/ST/STM32CubeIDE_1.13.2/STM32CubeIDE/plugins/com.st.stm32cube.ide.mcu.externaltools.gnu-tools-for-stm32.11.3.rel1.win32_1.1.1.202309131626/tools/bin/../lib/gcc/arm-none-eabi/11.3.1/../../../../arm-none-eabi/lib/thumb/v7-m/nofp\libc_nano.a(libc_a-closer.o)
                              C:/ST/STM32CubeIDE_1.13.2/STM32CubeIDE/plugins/com.st.stm32cube.ide.mcu.externaltools.gnu-tools-for-stm32.11.3.rel1.win32_1.1.1.202309131626/tools/bin/../lib/gcc/arm-none-eabi/11.3.1/../../../../arm-none-eabi/lib/thumb/v7-m/nofp\libc_nano.a(libc_a-stdio.o) (_close_r)
C:/ST/STM32CubeIDE_1.13.2/STM32CubeIDE/plugins/com.st.stm32cube.ide.mcu.externaltools.gnu-tools-for-stm32.11.3.rel1.win32_1.1.1.202309131626/tools/bin/../lib/gcc/arm-none-eabi/11.3.1/../../../../arm-none-eabi/lib/thumb/v7-m/nofp\libc_nano.a(libc_a-reent.o)
                              C:/ST/STM32CubeIDE_1.13.2/STM32CubeIDE/plugins/com.st.stm32cube.ide.mcu.externaltools.gnu-tools-for-stm32.11.3.rel1.win32_1.1.1.202309131626/tools/bin/../lib/gcc/arm-none-eabi/11.3.1/../../../../arm-none-eabi/lib/thumb/v7-m/nofp\libc_nano.a(libc_a-closer.o) (errno)
C:/ST/STM32CubeIDE_1.13.2/STM32CubeIDE/plugins/com.st.stm32cube.ide.mcu.externaltools.gnu-tools-for-stm32.11.3.rel1.win32_1.1.1.202309131626/tools/bin/../lib/gcc/arm-none-eabi/11.3.1/../../../../arm-none-eabi/lib/thumb/v7-m/nofp\libc_nano.a(libc_a-impure.o)
                              C:/ST/STM32CubeIDE_1.13.2/STM32CubeIDE/plugins/com.st.stm32cube.ide.mcu.externaltools.gnu-tools-for-stm32.11.3.rel1.win32_1.1.1.202309131626/tools/bin/../lib/gcc/arm-none-eabi/11.3.1/../../../../arm-none-eabi/lib/thumb/v7-m/nofp\libc_nano.a(libc_a-reent.o) (_impure_ptr)
C:/ST/STM32CubeIDE_1.13.2/STM32CubeIDE/plugins/com.st.stm32cube.ide.mcu.externaltools.gnu-tools-for-stm32.11.3.rel1.win32_1.1.1.202309131626/tools/bin/../lib/gcc/arm-none-eabi/11.3.1/../../../../arm-none-eabi/lib/thumb/v7-m/nofp\libc_nano.a(libc_a-lseekr.o)
[...]
Memory Configuration

Name             Origin             Length             Attributes
RAM              0x0000000020000000 0x0000000000005000 xrw
FLASH            0x0000000008000000 0x0000000000010000 xr
*default*        0x0000000000000000 0xffffffffffffffff

Linker script and memory map

LOAD C:/ST/STM32CubeIDE_1.13.2/STM32CubeIDE/plugins/com.st.stm32cube.ide.mcu.externaltools.gnu-tools-for-stm32.11.3.rel1.win32_1.1.1.202309131626/tools/bin/../lib/gcc/arm-none-eabi/11.3.1/thumb/v7-m/nofp/crti.o
LOAD C:/ST/STM32CubeIDE_1.13.2/STM32CubeIDE/plugins/com.st.stm32cube.ide.mcu.externaltools.gnu-tools-for-stm32.11.3.rel1.win32_1.1.1.202309131626/tools/bin/../lib/gcc/arm-none-eabi/11.3.1/thumb/v7-m/nofp/crtbegin.o
LOAD C:/ST/STM32CubeIDE_1.13.2/STM32CubeIDE/plugins/com.st.stm32cube.ide.mcu.externaltools.gnu-tools-for-stm32.11.3.rel1.win32_1.1.1.202309131626/tools/bin/../lib/gcc/arm-none-eabi/11.3.1/../../../../arm-none-eabi/lib/thumb/v7-m/nofp/crt0.o
LOAD ./Core/Src/ST7565P.o
LOAD ./Core/Src/main.o
LOAD ./Core/Src/stm32f1xx_hal_msp.o
LOAD ./Core/Src/stm32f1xx_it.o
LOAD ./Core/Src/syscalls.o
LOAD ./Core/Src/sysmem.o
LOAD ./Core/Src/system_stm32f1xx.o
LOAD ./Core/Startup/startup_stm32f103c8tx.o
LOAD ./Drivers/STM32F1xx_HAL_Driver/Src/stm32f1xx_hal.o
LOAD ./Drivers/STM32F1xx_HAL_Driver/Src/stm32f1xx_hal_can.o
LOAD ./Drivers/STM32F1xx_HAL_Driver/Src/stm32f1xx_hal_cortex.o
LOAD ./Drivers/STM32F1xx_HAL_Driver/Src/stm32f1xx_hal_dma.o
LOAD ./Drivers/STM32F1xx_HAL_Driver/Src/stm32f1xx_hal_exti.o
LOAD ./Drivers/STM32F1xx_HAL_Driver/Src/stm32f1xx_hal_flash.o
LOAD ./Drivers/STM32F1xx_HAL_Driver/Src/stm32f1xx_hal_flash_ex.o
LOAD ./Drivers/STM32F1xx_HAL_Driver/Src/stm32f1xx_hal_gpio.o
LOAD ./Drivers/STM32F1xx_HAL_Driver/Src/stm32f1xx_hal_gpio_ex.o
LOAD ./Drivers/STM32F1xx_HAL_Driver/Src/stm32f1xx_hal_i2c.o
LOAD ./Drivers/STM32F1xx_HAL_Driver/Src/stm32f1xx_hal_pwr.o
LOAD ./Drivers/STM32F1xx_HAL_Driver/Src/stm32f1xx_hal_rcc.o
LOAD ./Drivers/STM32F1xx_HAL_Driver/Src/stm32f1xx_hal_rcc_ex.o
LOAD ./Drivers/STM32F1xx_HAL_Driver/Src/stm32f1xx_hal_tim.o
LOAD ./Drivers/STM32F1xx_HAL_Driver/Src/stm32f1xx_hal_tim_ex.o
START GROUP
LOAD C:/ST/STM32CubeIDE_1.13.2/STM32CubeIDE/plugins/com.st.stm32cube.ide.mcu.externaltools.gnu-tools-for-stm32.11.3.rel1.win32_1.1.1.202309131626/tools/bin/../lib/gcc/arm-none-eabi/11.3.1/../../../../arm-none-eabi/lib/thumb/v7-m/nofp\libc_nano.a
LOAD C:/ST/STM32CubeIDE_1.13.2/STM32CubeIDE/plugins/com.st.stm32cube.ide.mcu.externaltools.gnu-tools-for-stm32.11.3.rel1.win32_1.1.1.202309131626/tools/bin/../lib/gcc/arm-none-eabi/11.3.1/../../../../arm-none-eabi/lib/thumb/v7-m/nofp\libm.a
END GROUP
START GROUP
LOAD C:/ST/STM32CubeIDE_1.13.2/STM32CubeIDE/plugins/com.st.stm32cube.ide.mcu.externaltools.gnu-tools-for-stm32.11.3.rel1.win32_1.1.1.202309131626/tools/bin/../lib/gcc/arm-none-eabi/11.3.1/thumb/v7-m/nofp\libgcc.a
LOAD C:/ST/STM32CubeIDE_1.13.2/STM32CubeIDE/plugins/com.st.stm32cube.ide.mcu.externaltools.gnu-tools-for-stm32.11.3.rel1.win32_1.1.1.202309131626/tools/bin/../lib/gcc/arm-none-eabi/11.3.1/../../../../arm-none-eabi/lib/thumb/v7-m/nofp\libc_nano.a
END GROUP
START GROUP
LOAD C:/ST/STM32CubeIDE_1.13.2/STM32CubeIDE/plugins/com.st.stm32cube.ide.mcu.externaltools.gnu-tools-for-stm32.11.3.rel1.win32_1.1.1.202309131626/tools/bin/../lib/gcc/arm-none-eabi/11.3.1/thumb/v7-m/nofp\libgcc.a
LOAD C:/ST/STM32CubeIDE_1.13.2/STM32CubeIDE/plugins/com.st.stm32cube.ide.mcu.externaltools.gnu-tools-for-stm32.11.3.rel1.win32_1.1.1.202309131626/tools/bin/../lib/gcc/arm-none-eabi/11.3.1/../../../../arm-none-eabi/lib/thumb/v7-m/nofp\libc_nano.a
LOAD C:/ST/STM32CubeIDE_1.13.2/STM32CubeIDE/plugins/com.st.stm32cube.ide.mcu.externaltools.gnu-tools-for-stm32.11.3.rel1.win32_1.1.1.202309131626/tools/bin/../lib/gcc/arm-none-eabi/11.3.1/../../../../arm-none-eabi/lib/thumb/v7-m/nofp\libnosys.a
END GROUP
START GROUP
LOAD C:/ST/STM32CubeIDE_1.13.2/STM32CubeIDE/plugins/com.st.stm32cube.ide.mcu.externaltools.gnu-tools-for-stm32.11.3.rel1.win32_1.1.1.202309131626/tools/bin/../lib/gcc/arm-none-eabi/11.3.1/thumb/v7-m/nofp\libgcc.a
LOAD C:/ST/STM32CubeIDE_1.13.2/STM32CubeIDE/plugins/com.st.stm32cube.ide.mcu.externaltools.gnu-tools-for-stm32.11.3.rel1.win32_1.1.1.202309131626/tools/bin/../lib/gcc/arm-none-eabi/11.3.1/../../../../arm-none-eabi/lib/thumb/v7-m/nofp\libc_nano.a
LOAD C:/ST/STM32CubeIDE_1.13.2/STM32CubeIDE/plugins/com.st.stm32cube.ide.mcu.externaltools.gnu-tools-for-stm32.11.3.rel1.win32_1.1.1.202309131626/tools/bin/../lib/gcc/arm-none-eabi/11.3.1/../../../../arm-none-eabi/lib/thumb/v7-m/nofp\libnosys.a
END GROUP
LOAD C:/ST/STM32CubeIDE_1.13.2/STM32CubeIDE/plugins/com.st.stm32cube.ide.mcu.externaltools.gnu-tools-for-stm32.11.3.rel1.win32_1.1.1.202309131626/tools/bin/../lib/gcc/arm-none-eabi/11.3.1/thumb/v7-m/nofp/crtend.o
LOAD C:/ST/STM32CubeIDE_1.13.2/STM32CubeIDE/plugins/com.st.stm32cube.ide.mcu.externaltools.gnu-tools-for-stm32.11.3.rel1.win32_1.1.1.202309131626/tools/bin/../lib/gcc/arm-none-eabi/11.3.1/thumb/v7-m/nofp/crtn.o
                0x0000000020005000                _estack = (ORIGIN (RAM) + LENGTH (RAM))
                0x0000000000000200                _Min_Heap_Size = 0x200
                0x0000000000000400                _Min_Stack_Size = 0x400

.isr_vector     0x0000000008000000      0x10c
                0x0000000008000000                . = ALIGN (0x4)
 *(.isr_vector)
 .isr_vector    0x0000000008000000      0x10c ./Core/Startup/startup_stm32f103c8tx.o
                0x0000000008000000                g_pfnVectors
                0x000000000800010c                . = ALIGN (0x4)

.text           0x0000000008000110     0x67e0
                0x0000000008000110                . = ALIGN (0x4)
 *(.text)
 .text          0x0000000008000110       0x40 C:/ST/STM32CubeIDE_1.13.2/STM32CubeIDE/plugins/com.st.stm32cube.ide.mcu.externaltools.gnu-tools-for-stm32.11.3.rel1.win32_1.1.1.202309131626/tools/bin/../lib/gcc/arm-none-eabi/11.3.1/thumb/v7-m/nofp/crtbegin.o
 .text          0x0000000008000150      0x254 C:/ST/STM32CubeIDE_1.13.2/STM32CubeIDE/plugins/com.st.stm32cube.ide.mcu.externaltools.gnu-tools-for-stm32.11.3.rel1.win32_1.1.1.202309131626/tools/bin/../lib/gcc/arm-none-eabi/11.3.1/thumb/v7-m/nofp\libgcc.a(_arm_muldf3.o)
                0x0000000008000150                __muldf3
                0x0000000008000150                __aeabi_dmul
 .text          0x00000000080003a4      0x378 C:/ST/STM32CubeIDE_1.13.2/STM32CubeIDE/plugins/com.st.stm32cube.ide.mcu.externaltools.gnu-tools-for-stm32.11.3.rel1.win32_1.1.1.202309131626/tools/bin/../lib/gcc/arm-none-eabi/11.3.1/thumb/v7-m/nofp\libgcc.a(_arm_addsubdf3.o)
                0x00000000080003a4                __aeabi_drsub
                0x00000000080003ac                __aeabi_dsub
                0x00000000080003ac                __subdf3
                0x00000000080003b0                __aeabi_dadd
                0x00000000080003b0                __adddf3
                0x0000000008000628                __floatunsidf
                0x0000000008000628                __aeabi_ui2d
                0x0000000008000648                __floatsidf
                0x0000000008000648                __aeabi_i2d
                0x000000000800066c                __aeabi_f2d
                0x000000000800066c                __extendsfdf2
                0x00000000080006b0                __floatundidf
                0x00000000080006b0                __aeabi_ul2d
                0x00000000080006c0                __floatdidf
                0x00000000080006c0                __aeabi_l2d
 .text          0x000000000800071c       0x40 C:/ST/STM32CubeIDE_1.13.2/STM32CubeIDE/plugins/com.st.stm32cube.ide.mcu.externaltools.gnu-tools-for-stm32.11.3.rel1.win32_1.1.1.202309131626/tools/bin/../lib/gcc/arm-none-eabi/11.3.1/thumb/v7-m/nofp\libgcc.a(_arm_fixunsdfsi.o)
                0x000000000800071c                __aeabi_d2uiz
                0x000000000800071c                __fixunsdfsi
 *(.text*)
 .text.Lcd_cmd  0x000000000800075c       0x5c ./Core/Src/ST7565P.o
                0x000000000800075c                Lcd_cmd
 .text.lcd_print_ram_1
                0x00000000080007b8       0xa4 ./Core/Src/ST7565P.o
                0x00000000080007b8                lcd_print_ram_1
 .text.lcd_init
                0x000000000800085c       0x84 ./Core/Src/ST7565P.o
                0x000000000800085c                lcd_init
 .text.lcd_x_axis
                0x00000000080008e0       0x32 ./Core/Src/ST7565P.o
                0x00000000080008e0                lcd_x_axis
 *fill*         0x0000000008000912        0x2 
 .text.lcd_invert_process
                0x0000000008000914       0x68 ./Core/Src/ST7565P.o
                0x0000000008000914                lcd_invert_process
 .text.lcd_speed
                0x000000000800097c      0x164 ./Core/Src/ST7565P.o
                0x000000000800097c                lcd_speed
 .text.gear_status_print
                0x0000000008000ae0       0xac ./Core/Src/ST7565P.o
                0x0000000008000ae0                gear_status_print
 .text.battery_bar_print
                0x0000000008000b8c       0x64 ./Core/Src/ST7565P.o
                0x0000000008000b8c                battery_bar_print
 .text.odo_icon_print
                0x0000000008000bf0       0x40 ./Core/Src/ST7565P.o
                0x0000000008000bf0                odo_icon_print
 .text.dte_icon_print
                0x0000000008000c30       0x40 ./Core/Src/ST7565P.o
                0x0000000008000c30                dte_icon_print
 .text.trp_icon_print
                0x0000000008000c70       0x40 ./Core/Src/ST7565P.o
                0x0000000008000c70                trp_icon_print
 .text.lcd_print_char
                0x0000000008000cb0      0x1b4 ./Core/Src/ST7565P.o
                0x0000000008000cb0                lcd_print_char
 .text.lcd_clear
                0x0000000008000e64       0x4c ./Core/Src/ST7565P.o
                0x0000000008000e64                lcd_clear
 .text.lcd_print_digit_wos
                0x0000000008000eb0       0x80 ./Core/Src/ST7565P.o
                0x0000000008000eb0                lcd_print_digit_wos
 .text.lcd_print_digit
                0x0000000008000f30      0x120 ./Core/Src/ST7565P.o
                0x0000000008000f30                lcd_print_digit
 .text.lcd_into
                0x0000000008001050       0x74 ./Core/Src/ST7565P.o
                0x0000000008001050                lcd_into
 .text.lcd_print_convert
                0x00000000080010c4       0x30 ./Core/Src/ST7565P.o
                0x00000000080010c4                lcd_print_convert
 .text.line_print
                0x00000000080010f4       0x46 ./Core/Src/ST7565P.o
                0x00000000080010f4                line_print
 *fill*         0x000000000800113a        0x2 
 .text.merge    0x000000000800113c      0xda0 ./Core/Src/main.o
                0x000000000800113c                merge
 .text.parllel_transmit
                0x0000000008001edc       0x20 ./Core/Src/main.o
                0x0000000008001edc                parllel_transmit
 .text.Split    0x0000000008001efc       0x34 ./Core/Src/main.o
                0x0000000008001efc                Split
 .text.I2C_Write_EEPROM
                0x0000000008001f30       0x2c ./Core/Src/main.o
                0x0000000008001f30                I2C_Write_EEPROM
 .text.I2C_Read_EEPROM
                0x0000000008001f5c       0x38 ./Core/Src/main.o
                0x0000000008001f5c                I2C_Read_EEPROM
 .text.EEPROM_Write
                0x0000000008001f94       0x3c ./Core/Src/main.o
                0x0000000008001f94                EEPROM_Write
 .text.EEPROM_Read
                0x0000000008001fd0       0x3c ./Core/Src/main.o
                0x0000000008001fd0                EEPROM_Read
 .text.battery_voltage
                0x000000000800200c       0x70 ./Core/Src/main.o
                0x000000000800200c                battery_voltage
 .text.battery_temp
                0x000000000800207c       0xdc ./Core/Src/main.o
                0x000000000800207c                battery_temp
 .text.battery_soc
                0x0000000008002158      0x110 ./Core/Src/main.o
                0x0000000008002158                battery_soc
 .text.Gear_Status
                0x0000000008002268      0x16c ./Core/Src/main.o
                0x0000000008002268                Gear_Status
 .text.BMS_CAN  0x00000000080023d4       0x8c ./Core/Src/main.o
                0x00000000080023d4                BMS_CAN
 .text.battery_bar_soc
                0x0000000008002460       0xd8 ./Core/Src/main.o
                0x0000000008002460                battery_bar_soc
 .text.HAL_CAN_RxFifo0MsgPendingCallback
                0x0000000008002538       0x40 ./Core/Src/main.o
                0x0000000008002538                HAL_CAN_RxFifo0MsgPendingCallback
 .text.ODO_calculation
                0x0000000008002578      0x5f0 ./Core/Src/main.o
                0x0000000008002578                ODO_calculation
 .text.main     0x0000000008002b68      0x188 ./Core/Src/main.o
                0x0000000008002b68                main
 .text.SystemClock_Config
                0x0000000008002cf0       0x8a ./Core/Src/main.o
                0x0000000008002cf0                SystemClock_Config
 *fill*         0x0000000008002d7a        0x2 
 .text.MX_CAN_Init
                0x0000000008002d7c       0xa4 ./Core/Src/main.o
 .text.MX_I2C1_Init
                0x0000000008002e20       0x5c ./Core/Src/main.o
 .text.MX_TIM2_Init
                0x0000000008002e7c       0x98 ./Core/Src/main.o
 .text.MX_GPIO_Init
                0x0000000008002f14      0x110 ./Core/Src/main.o
 .text.HAL_TIM_PeriodElapsedCallback
                0x0000000008003024      0x100 ./Core/Src/main.o
                0x0000000008003024                HAL_TIM_PeriodElapsedCallback
 .text.HAL_GPIO_EXTI_Callback
                0x0000000008003124       0x2c ./Core/Src/main.o
                0x0000000008003124                HAL_GPIO_EXTI_Callback
 .text.Error_Handler
                0x0000000008003150        0xe ./Core/Src/main.o
                0x0000000008003150                Error_Handler
 *fill*         0x000000000800315e        0x2 
 .text.HAL_MspInit
                0x0000000008003160       0x64 ./Core/Src/stm32f1xx_hal_msp.o
                0x0000000008003160                HAL_MspInit
 .text.HAL_CAN_MspInit
                0x00000000080031c4       0xa8 ./Core/Src/stm32f1xx_hal_msp.o
                0x00000000080031c4                HAL_CAN_MspInit
 .text.HAL_I2C_MspInit
                0x000000000800326c       0xa0 ./Core/Src/stm32f1xx_hal_msp.o
                0x000000000800326c                HAL_I2C_MspInit
 .text.HAL_TIM_Base_MspInit
                0x000000000800330c       0x48 ./Core/Src/stm32f1xx_hal_msp.o
                0x000000000800330c                HAL_TIM_Base_MspInit
 .text.NMI_Handler
                0x0000000008003354        0x6 ./Core/Src/stm32f1xx_it.o
                0x0000000008003354                NMI_Handler
 .text.HardFault_Handler
                0x000000000800335a        0x6 ./Core/Src/stm32f1xx_it.o
                0x000000000800335a                HardFault_Handler
 .text.MemManage_Handler
                0x0000000008003360        0x6 ./Core/Src/stm32f1xx_it.o
                0x0000000008003360                MemManage_Handler
 .text.BusFault_Handler
                0x0000000008003366        0x6 ./Core/Src/stm32f1xx_it.o
                0x0000000008003366                BusFault_Handler
 .text.UsageFault_Handler
                0x000000000800336c        0x6 ./Core/Src/stm32f1xx_it.o
                0x000000000800336c                UsageFault_Handler
 .text.SVC_Handler
                0x0000000008003372        0xc ./Core/Src/stm32f1xx_it.o
                0x0000000008003372                SVC_Handler
 .text.DebugMon_Handler
                0x000000000800337e        0xc ./Core/Src/stm32f1xx_it.o
                0x000000000800337e                DebugMon_Handler
 .text.PendSV_Handler
                0x000000000800338a        0xc ./Core/Src/stm32f1xx_it.o
                0x000000000800338a                PendSV_Handler
 .text.SysTick_Handler
                0x0000000008003396        0xc ./Core/Src/stm32f1xx_it.o
                0x0000000008003396                SysTick_Handler
 *fill*         0x00000000080033a2        0x2 
 .text.USB_LP_CAN1_RX0_IRQHandler
                0x00000000080033a4       0x14 ./Core/Src/stm32f1xx_it.o
                0x00000000080033a4                USB_LP_CAN1_RX0_IRQHandler
 .text.TIM2_IRQHandler
                0x00000000080033b8       0x14 ./Core/Src/stm32f1xx_it.o
                0x00000000080033b8                TIM2_IRQHandler
 .text.EXTI15_10_IRQHandler
                0x00000000080033cc       0x10 ./Core/Src/stm32f1xx_it.o
                0x00000000080033cc                EXTI15_10_IRQHandler
 .text.SystemInit
                0x00000000080033dc        0xc ./Core/Src/system_stm32f1xx.o
                0x00000000080033dc                SystemInit
 .text.Reset_Handler
                0x00000000080033e8       0x48 ./Core/Startup/startup_stm32f103c8tx.o
                0x00000000080033e8                Reset_Handler
 .text.Default_Handler
                0x0000000008003430        0x2 ./Core/Startup/startup_stm32f103c8tx.o
                0x0000000008003430                RTC_Alarm_IRQHandler
                0x0000000008003430                EXTI2_IRQHandler
                0x0000000008003430                TIM1_CC_IRQHandler
                0x0000000008003430                PVD_IRQHandler
                0x0000000008003430                EXTI3_IRQHandler
                0x0000000008003430                EXTI0_IRQHandler
                0x0000000008003430                I2C2_EV_IRQHandler
                0x0000000008003430                ADC1_2_IRQHandler
                0x0000000008003430                SPI1_IRQHandler
                0x0000000008003430                TAMPER_IRQHandler
                0x0000000008003430                DMA1_Channel4_IRQHandler
                0x0000000008003430                USART3_IRQHandler
                0x0000000008003430                RTC_IRQHandler
                0x0000000008003430                DMA1_Channel7_IRQHandler
                0x0000000008003430                CAN1_RX1_IRQHandler
                0x0000000008003430                TIM4_IRQHandler
                0x0000000008003430                I2C1_EV_IRQHandler
                0x0000000008003430                DMA1_Channel6_IRQHandler
                0x0000000008003430                TIM3_IRQHandler
                0x0000000008003430                RCC_IRQHandler
                0x0000000008003430                TIM1_TRG_COM_IRQHandler
                0x0000000008003430                DMA1_Channel1_IRQHandler
                0x0000000008003430                Default_Handler
                0x0000000008003430                EXTI9_5_IRQHandler
                0x0000000008003430                SPI2_IRQHandler
                0x0000000008003430                DMA1_Channel5_IRQHandler
                0x0000000008003430                EXTI4_IRQHandler
                0x0000000008003430                USB_HP_CAN1_TX_IRQHandler
                0x0000000008003430                DMA1_Channel3_IRQHandler
                0x0000000008003430                TIM1_UP_IRQHandler
                0x0000000008003430                WWDG_IRQHandler
                0x0000000008003430                TIM1_BRK_IRQHandler
                0x0000000008003430                EXTI1_IRQHandler
                0x0000000008003430                USART2_IRQHandler
                0x0000000008003430                I2C2_ER_IRQHandler
                0x0000000008003430                DMA1_Channel2_IRQHandler
                0x0000000008003430                CAN1_SCE_IRQHandler
                0x0000000008003430                FLASH_IRQHandler
                0x0000000008003430                USART1_IRQHandler
                0x0000000008003430                I2C1_ER_IRQHandler
                0x0000000008003430                USBWakeUp_IRQHandler
 *fill*         0x0000000008003432        0x2 
 .text.HAL_Init
                0x0000000008003434       0x2c ./Drivers/STM32F1xx_HAL_Driver/Src/stm32f1xx_hal.o
                0x0000000008003434                HAL_Init
 .text.HAL_InitTick
                0x0000000008003460       0x60 ./Drivers/STM32F1xx_HAL_Driver/Src/stm32f1xx_hal.o
                0x0000000008003460                HAL_InitTick
 .text.HAL_IncTick
                0x00000000080034c0       0x24 ./Drivers/STM32F1xx_HAL_Driver/Src/stm32f1xx_hal.o
                0x00000000080034c0                HAL_IncTick
 .text.HAL_GetTick
                0x00000000080034e4       0x14 ./Drivers/STM32F1xx_HAL_Driver/Src/stm32f1xx_hal.o
                0x00000000080034e4                HAL_GetTick
 .text.HAL_Delay
                0x00000000080034f8       0x48 ./Drivers/STM32F1xx_HAL_Driver/Src/stm32f1xx_hal.o
                0x00000000080034f8                HAL_Delay
 .text.HAL_CAN_Init
                0x0000000008003540      0x1f6 ./Drivers/STM32F1xx_HAL_Driver/Src/stm32f1xx_hal_can.o
                0x0000000008003540                HAL_CAN_Init
 .text.HAL_CAN_ConfigFilter
                0x0000000008003736      0x192 ./Drivers/STM32F1xx_HAL_Driver/Src/stm32f1xx_hal_can.o
                0x0000000008003736                HAL_CAN_ConfigFilter
 .text.HAL_CAN_Start
                0x00000000080038c8       0x88 ./Drivers/STM32F1xx_HAL_Driver/Src/stm32f1xx_hal_can.o
                0x00000000080038c8                HAL_CAN_Start
 .text.HAL_CAN_AddTxMessage
                0x0000000008003950      0x19e ./Drivers/STM32F1xx_HAL_Driver/Src/stm32f1xx_hal_can.o
                0x0000000008003950                HAL_CAN_AddTxMessage
 .text.HAL_CAN_GetRxMessage
                0x0000000008003aee      0x242 ./Drivers/STM32F1xx_HAL_Driver/Src/stm32f1xx_hal_can.o
                0x0000000008003aee                HAL_CAN_GetRxMessage
 .text.HAL_CAN_ActivateNotification
                0x0000000008003d30       0x4a ./Drivers/STM32F1xx_HAL_Driver/Src/stm32f1xx_hal_can.o
                0x0000000008003d30                HAL_CAN_ActivateNotification
 .text.HAL_CAN_IRQHandler
                0x0000000008003d7a      0x36e ./Drivers/STM32F1xx_HAL_Driver/Src/stm32f1xx_hal_can.o
                0x0000000008003d7a                HAL_CAN_IRQHandler
 .text.HAL_CAN_TxMailbox0CompleteCallback
                0x00000000080040e8       0x12 ./Drivers/STM32F1xx_HAL_Driver/Src/stm32f1xx_hal_can.o
                0x00000000080040e8                HAL_CAN_TxMailbox0CompleteCallback
 .text.HAL_CAN_TxMailbox1CompleteCallback
                0x00000000080040fa       0x12 ./Drivers/STM32F1xx_HAL_Driver/Src/stm32f1xx_hal_can.o
                0x00000000080040fa                HAL_CAN_TxMailbox1CompleteCallback
 .text.HAL_CAN_TxMailbox2CompleteCallback
                0x000000000800410c       0x12 ./Drivers/STM32F1xx_HAL_Driver/Src/stm32f1xx_hal_can.o
                0x000000000800410c                HAL_CAN_TxMailbox2CompleteCallback
 .text.HAL_CAN_TxMailbox0AbortCallback
                0x000000000800411e       0x12 ./Drivers/STM32F1xx_HAL_Driver/Src/stm32f1xx_hal_can.o
                0x000000000800411e                HAL_CAN_TxMailbox0AbortCallback
 .text.HAL_CAN_TxMailbox1AbortCallback
                0x0000000008004130       0x12 ./Drivers/STM32F1xx_HAL_Driver/Src/stm32f1xx_hal_can.o
                0x0000000008004130                HAL_CAN_TxMailbox1AbortCallback
 .text.HAL_CAN_TxMailbox2AbortCallback
                0x0000000008004142       0x12 ./Drivers/STM32F1xx_HAL_Driver/Src/stm32f1xx_hal_can.o
                0x0000000008004142                HAL_CAN_TxMailbox2AbortCallback
 .text.HAL_CAN_RxFifo0FullCallback
                0x0000000008004154       0x12 ./Drivers/STM32F1xx_HAL_Driver/Src/stm32f1xx_hal_can.o
                0x0000000008004154                HAL_CAN_RxFifo0FullCallback
 .text.HAL_CAN_RxFifo1MsgPendingCallback
                0x0000000008004166       0x12 ./Drivers/STM32F1xx_HAL_Driver/Src/stm32f1xx_hal_can.o
                0x0000000008004166                HAL_CAN_RxFifo1MsgPendingCallback
 .text.HAL_CAN_RxFifo1FullCallback
                0x0000000008004178       0x12 ./Drivers/STM32F1xx_HAL_Driver/Src/stm32f1xx_hal_can.o
                0x0000000008004178                HAL_CAN_RxFifo1FullCallback
 .text.HAL_CAN_SleepCallback
                0x000000000800418a       0x12 ./Drivers/STM32F1xx_HAL_Driver/Src/stm32f1xx_hal_can.o
                0x000000000800418a                HAL_CAN_SleepCallback
 .text.HAL_CAN_WakeUpFromRxMsgCallback
                0x000000000800419c       0x12 ./Drivers/STM32F1xx_HAL_Driver/Src/stm32f1xx_hal_can.o
                0x000000000800419c                HAL_CAN_WakeUpFromRxMsgCallback
 .text.HAL_CAN_ErrorCallback
                0x00000000080041ae       0x12 ./Drivers/STM32F1xx_HAL_Driver/Src/stm32f1xx_hal_can.o
                0x00000000080041ae                HAL_CAN_ErrorCallback
 .text.__NVIC_SetPriorityGrouping
                0x00000000080041c0       0x48 ./Drivers/STM32F1xx_HAL_Driver/Src/stm32f1xx_hal_cortex.o
 .text.__NVIC_GetPriorityGrouping
                0x0000000008004208       0x1c ./Drivers/STM32F1xx_HAL_Driver/Src/stm32f1xx_hal_cortex.o
 .text.__NVIC_EnableIRQ
                0x0000000008004224       0x38 ./Drivers/STM32F1xx_HAL_Driver/Src/stm32f1xx_hal_cortex.o
 .text.__NVIC_SetPriority
                0x000000000800425c       0x54 ./Drivers/STM32F1xx_HAL_Driver/Src/stm32f1xx_hal_cortex.o
 .text.NVIC_EncodePriority
                0x00000000080042b0       0x64 ./Drivers/STM32F1xx_HAL_Driver/Src/stm32f1xx_hal_cortex.o
 .text.__NVIC_SystemReset
                0x0000000008004314       0x2c ./Drivers/STM32F1xx_HAL_Driver/Src/stm32f1xx_hal_cortex.o
 .text.SysTick_Config
                0x0000000008004340       0x44 ./Drivers/STM32F1xx_HAL_Driver/Src/stm32f1xx_hal_cortex.o
 .text.HAL_NVIC_SetPriorityGrouping
                0x0000000008004384       0x16 ./Drivers/STM32F1xx_HAL_Driver/Src/stm32f1xx_hal_cortex.o
                0x0000000008004384                HAL_NVIC_SetPriorityGrouping
 .text.HAL_NVIC_SetPriority
                0x000000000800439a       0x38 ./Drivers/STM32F1xx_HAL_Driver/Src/stm32f1xx_hal_cortex.o
                0x000000000800439a                HAL_NVIC_SetPriority
 .text.HAL_NVIC_EnableIRQ
                0x00000000080043d2       0x1c ./Drivers/STM32F1xx_HAL_Driver/Src/stm32f1xx_hal_cortex.o
                0x00000000080043d2                HAL_NVIC_EnableIRQ
 .text.HAL_NVIC_SystemReset
                0x00000000080043ee        0x8 ./Drivers/STM32F1xx_HAL_Driver/Src/stm32f1xx_hal_cortex.o
                0x00000000080043ee                HAL_NVIC_SystemReset
 .text.HAL_SYSTICK_Config
                0x00000000080043f6       0x18 ./Drivers/STM32F1xx_HAL_Driver/Src/stm32f1xx_hal_cortex.o
                0x00000000080043f6                HAL_SYSTICK_Config
 *fill*         0x000000000800440e        0x2 
 .text.HAL_GPIO_Init
                0x0000000008004410      0x308 ./Drivers/STM32F1xx_HAL_Driver/Src/stm32f1xx_hal_gpio.o
                0x0000000008004410                HAL_GPIO_Init
 .text.HAL_GPIO_ReadPin
                0x0000000008004718       0x2e ./Drivers/STM32F1xx_HAL_Driver/Src/stm32f1xx_hal_gpio.o
                0x0000000008004718                HAL_GPIO_ReadPin
 .text.HAL_GPIO_WritePin
                0x0000000008004746       0x30 ./Drivers/STM32F1xx_HAL_Driver/Src/stm32f1xx_hal_gpio.o
                0x0000000008004746                HAL_GPIO_WritePin
 .text.HAL_GPIO_TogglePin
                0x0000000008004776       0x32 ./Drivers/STM32F1xx_HAL_Driver/Src/stm32f1xx_hal_gpio.o
                0x0000000008004776                HAL_GPIO_TogglePin
 .text.HAL_GPIO_EXTI_IRQHandler
                0x00000000080047a8       0x30 ./Drivers/STM32F1xx_HAL_Driver/Src/stm32f1xx_hal_gpio.o
                0x00000000080047a8                HAL_GPIO_EXTI_IRQHandler
 .text.HAL_I2C_Init
                0x00000000080047d8      0x288 ./Drivers/STM32F1xx_HAL_Driver/Src/stm32f1xx_hal_i2c.o
                0x00000000080047d8                HAL_I2C_Init
 .text.HAL_I2C_Mem_Write
                0x0000000008004a60      0x1f4 ./Drivers/STM32F1xx_HAL_Driver/Src/stm32f1xx_hal_i2c.o
                0x0000000008004a60                HAL_I2C_Mem_Write
 .text.HAL_I2C_Mem_Read
                0x0000000008004c54      0x4d0 ./Drivers/STM32F1xx_HAL_Driver/Src/stm32f1xx_hal_i2c.o
                0x0000000008004c54                HAL_I2C_Mem_Read
 .text.I2C_RequestMemoryWrite
                0x0000000008005124      0x12c ./Drivers/STM32F1xx_HAL_Driver/Src/stm32f1xx_hal_i2c.o
 .text.I2C_RequestMemoryRead
                0x0000000008005250      0x1d0 ./Drivers/STM32F1xx_HAL_Driver/Src/stm32f1xx_hal_i2c.o
 .text.I2C_WaitOnFlagUntilTimeout
                0x0000000008005420       0xf4 ./Drivers/STM32F1xx_HAL_Driver/Src/stm32f1xx_hal_i2c.o
 .text.I2C_WaitOnMasterAddressFlagUntilTimeout
                0x0000000008005514      0x140 ./Drivers/STM32F1xx_HAL_Driver/Src/stm32f1xx_hal_i2c.o
 .text.I2C_WaitOnTXEFlagUntilTimeout
                0x0000000008005654       0x90 ./Drivers/STM32F1xx_HAL_Driver/Src/stm32f1xx_hal_i2c.o
 .text.I2C_WaitOnBTFFlagUntilTimeout
                0x00000000080056e4       0x90 ./Drivers/STM32F1xx_HAL_Driver/Src/stm32f1xx_hal_i2c.o
 .text.I2C_WaitOnRXNEFlagUntilTimeout
                0x0000000008005774       0xba ./Drivers/STM32F1xx_HAL_Driver/Src/stm32f1xx_hal_i2c.o
 .text.I2C_IsAcknowledgeFailed
                0x000000000800582e       0x5c ./Drivers/STM32F1xx_HAL_Driver/Src/stm32f1xx_hal_i2c.o
 *fill*         0x000000000800588a        0x2 
 .text.HAL_RCC_OscConfig
                0x000000000800588c      0x504 ./Drivers/STM32F1xx_HAL_Driver/Src/stm32f1xx_hal_rcc.o
                0x000000000800588c                HAL_RCC_OscConfig
 .text.HAL_RCC_ClockConfig
                0x0000000008005d90      0x1d4 ./Drivers/STM32F1xx_HAL_Driver/Src/stm32f1xx_hal_rcc.o
                0x0000000008005d90                HAL_RCC_ClockConfig
 .text.HAL_RCC_GetSysClockFreq
                0x0000000008005f64       0xa8 ./Drivers/STM32F1xx_HAL_Driver/Src/stm32f1xx_hal_rcc.o
                0x0000000008005f64                HAL_RCC_GetSysClockFreq
 .text.HAL_RCC_GetHCLKFreq
                0x000000000800600c       0x14 ./Drivers/STM32F1xx_HAL_Driver/Src/stm32f1xx_hal_rcc.o
                0x000000000800600c                HAL_RCC_GetHCLKFreq
 .text.HAL_RCC_GetPCLK1Freq
                0x0000000008006020       0x28 ./Drivers/STM32F1xx_HAL_Driver/Src/stm32f1xx_hal_rcc.o
                0x0000000008006020                HAL_RCC_GetPCLK1Freq
 .text.RCC_Delay
                0x0000000008006048       0x3c ./Drivers/STM32F1xx_HAL_Driver/Src/stm32f1xx_hal_rcc.o
 .text.HAL_TIM_Base_Init
                0x0000000008006084       0x9e ./Drivers/STM32F1xx_HAL_Driver/Src/stm32f1xx_hal_tim.o
                0x0000000008006084                HAL_TIM_Base_Init
 *fill*         0x0000000008006122        0x2 
 .text.HAL_TIM_Base_Start_IT
                0x0000000008006124       0xa4 ./Drivers/STM32F1xx_HAL_Driver/Src/stm32f1xx_hal_tim.o
                0x0000000008006124                HAL_TIM_Base_Start_IT
 .text.HAL_TIM_IRQHandler
                0x00000000080061c8      0x210 ./Drivers/STM32F1xx_HAL_Driver/Src/stm32f1xx_hal_tim.o
                0x00000000080061c8                HAL_TIM_IRQHandler
 .text.HAL_TIM_ConfigClockSource
                0x00000000080063d8      0x18e ./Drivers/STM32F1xx_HAL_Driver/Src/stm32f1xx_hal_tim.o
                0x00000000080063d8                HAL_TIM_ConfigClockSource
 .text.HAL_TIM_OC_DelayElapsedCallback
                0x0000000008006566       0x12 ./Drivers/STM32F1xx_HAL_Driver/Src/stm32f1xx_hal_tim.o
                0x0000000008006566                HAL_TIM_OC_DelayElapsedCallback
 .text.HAL_TIM_IC_CaptureCallback
                0x0000000008006578       0x12 ./Drivers/STM32F1xx_HAL_Driver/Src/stm32f1xx_hal_tim.o
                0x0000000008006578                HAL_TIM_IC_CaptureCallback
 .text.HAL_TIM_PWM_PulseFinishedCallback
                0x000000000800658a       0x12 ./Drivers/STM32F1xx_HAL_Driver/Src/stm32f1xx_hal_tim.o
                0x000000000800658a                HAL_TIM_PWM_PulseFinishedCallback
 .text.HAL_TIM_TriggerCallback
                0x000000000800659c       0x12 ./Drivers/STM32F1xx_HAL_Driver/Src/stm32f1xx_hal_tim.o
                0x000000000800659c                HAL_TIM_TriggerCallback
 *fill*         0x00000000080065ae        0x2 
 .text.TIM_Base_SetConfig
                0x00000000080065b0       0xc4 ./Drivers/STM32F1xx_HAL_Driver/Src/stm32f1xx_hal_tim.o
                0x00000000080065b0                TIM_Base_SetConfig
 .text.TIM_TI1_ConfigInputStage
                0x0000000008006674       0x5c ./Drivers/STM32F1xx_HAL_Driver/Src/stm32f1xx_hal_tim.o
 .text.TIM_TI2_ConfigInputStage
                0x00000000080066d0       0x5e ./Drivers/STM32F1xx_HAL_Driver/Src/stm32f1xx_hal_tim.o
 .text.TIM_ITRx_SetConfig
                0x000000000800672e       0x34 ./Drivers/STM32F1xx_HAL_Driver/Src/stm32f1xx_hal_tim.o
 .text.TIM_ETR_SetConfig
                0x0000000008006762       0x3e ./Drivers/STM32F1xx_HAL_Driver/Src/stm32f1xx_hal_tim.o
                0x0000000008006762                TIM_ETR_SetConfig
 .text.HAL_TIMEx_MasterConfigSynchronization
                0x00000000080067a0       0xbc ./Drivers/STM32F1xx_HAL_Driver/Src/stm32f1xx_hal_tim_ex.o
                0x00000000080067a0                HAL_TIMEx_MasterConfigSynchronization
 .text.HAL_TIMEx_CommutCallback
                0x000000000800685c       0x12 ./Drivers/STM32F1xx_HAL_Driver/Src/stm32f1xx_hal_tim_ex.o
                0x000000000800685c                HAL_TIMEx_CommutCallback
 .text.HAL_TIMEx_BreakCallback
                0x000000000800686e       0x12 ./Drivers/STM32F1xx_HAL_Driver/Src/stm32f1xx_hal_tim_ex.o
                0x000000000800686e                HAL_TIMEx_BreakCallback
 .text.memset   0x0000000008006880       0x10 C:/ST/STM32CubeIDE_1.13.2/STM32CubeIDE/plugins/com.st.stm32cube.ide.mcu.externaltools.gnu-tools-for-stm32.11.3.rel1.win32_1.1.1.202309131626/tools/bin/../lib/gcc/arm-none-eabi/11.3.1/../../../../arm-none-eabi/lib/thumb/v7-m/nofp\libc_nano.a(libc_a-memset.o)
                0x0000000008006880                memset
 .text.__libc_init_array
                0x0000000008006890       0x48 C:/ST/STM32CubeIDE_1.13.2/STM32CubeIDE/plugins/com.st.stm32cube.ide.mcu.externaltools.gnu-tools-for-stm32.11.3.rel1.win32_1.1.1.202309131626/tools/bin/../lib/gcc/arm-none-eabi/11.3.1/../../../../arm-none-eabi/lib/thumb/v7-m/nofp\libc_nano.a(libc_a-init.o)
                0x0000000008006890                __libc_init_array
 *(.glue_7)
 .glue_7        0x00000000080068d8        0x0 linker stubs
 *(.glue_7t)
 .glue_7t       0x00000000080068d8        0x0 linker stubs
 *(.eh_frame)
 .eh_frame      0x00000000080068d8        0x0 C:/ST/STM32CubeIDE_1.13.2/STM32CubeIDE/plugins/com.st.stm32cube.ide.mcu.externaltools.gnu-tools-for-stm32.11.3.rel1.win32_1.1.1.202309131626/tools/bin/../lib/gcc/arm-none-eabi/11.3.1/thumb/v7-m/nofp/crtbegin.o
 *(.init)
 .init          0x00000000080068d8        0x4 C:/ST/STM32CubeIDE_1.13.2/STM32CubeIDE/plugins/com.st.stm32cube.ide.mcu.externaltools.gnu-tools-for-stm32.11.3.rel1.win32_1.1.1.202309131626/tools/bin/../lib/gcc/arm-none-eabi/11.3.1/thumb/v7-m/nofp/crti.o
                0x00000000080068d8                _init
 .init          0x00000000080068dc        0x8 C:/ST/STM32CubeIDE_1.13.2/STM32CubeIDE/plugins/com.st.stm32cube.ide.mcu.externaltools.gnu-tools-for-stm32.11.3.rel1.win32_1.1.1.202309131626/tools/bin/../lib/gcc/arm-none-eabi/11.3.1/thumb/v7-m/nofp/crtn.o
 *(.fini)
 .fini          0x00000000080068e4        0x4 C:/ST/STM32CubeIDE_1.13.2/STM32CubeIDE/plugins/com.st.stm32cube.ide.mcu.externaltools.gnu-tools-for-stm32.11.3.rel1.win32_1.1.1.202309131626/tools/bin/../lib/gcc/arm-none-eabi/11.3.1/thumb/v7-m/nofp/crti.o
                0x00000000080068e4                _fini
 .fini          0x00000000080068e8        0x8 C:/ST/STM32CubeIDE_1.13.2/STM32CubeIDE/plugins/com.st.stm32cube.ide.mcu.externaltools.gnu-tools-for-stm32.11.3.rel1.win32_1.1.1.202309131626/tools/bin/../lib/gcc/arm-none-eabi/11.3.1/thumb/v7-m/nofp/crtn.o
                0x00000000080068f0                . = ALIGN (0x4)
                0x00000000080068f0                _etext = .

.vfp11_veneer   0x00000000080068f0        0x0
 .vfp11_veneer  0x00000000080068f0        0x0 linker stubs

.v4_bx          0x00000000080068f0        0x0
 .v4_bx         0x00000000080068f0        0x0 linker stubs

.iplt           0x00000000080068f0        0x0
 .iplt          0x00000000080068f0        0x0 C:/ST/STM32CubeIDE_1.13.2/STM32CubeIDE/plugins/com.st.stm32cube.ide.mcu.externaltools.gnu-tools-for-stm32.11.3.rel1.win32_1.1.1.202309131626/tools/bin/../lib/gcc/arm-none-eabi/11.3.1/thumb/v7-m/nofp/crtbegin.o

.rodata         0x00000000080068f0     0x1de0
                0x00000000080068f0                . = ALIGN (0x4)
 *(.rodata)
 .rodata        0x00000000080068f0       0x13 ./Core/Src/main.o
 *(.rodata*)
 *fill*         0x0000000008006903        0x1 
 .rodata.persentage
                0x0000000008006904        0x5 ./Core/Src/ST7565P.o
                0x0000000008006904                persentage
 *fill*         0x0000000008006909        0x3 
 .rodata.digit  0x000000000800690c       0x3c ./Core/Src/ST7565P.o
                0x000000000800690c                digit
 .rodata.alphabet
                0x0000000008006948      0x131 ./Core/Src/ST7565P.o
                0x0000000008006948                alphabet
 *fill*         0x0000000008006a79        0x3 
 .rodata.gear_print
                0x0000000008006a7c       0x3f ./Core/Src/ST7565P.o
                0x0000000008006a7c                gear_print
 *fill*         0x0000000008006abb        0x1 
 .rodata.reverse_icon
                0x0000000008006abc       0x1d ./Core/Src/ST7565P.o
                0x0000000008006abc                reverse_icon
 *fill*         0x0000000008006ad9        0x3 
 .rodata.font16x32_digits
                0x0000000008006adc     0x1b80 ./Core/Src/ST7565P.o
                0x0000000008006adc                font16x32_digits
 .rodata.kmph   0x000000000800865c       0x15 ./Core/Src/ST7565P.o
                0x000000000800865c                kmph
 *fill*         0x0000000008008671        0x3 
 .rodata.ODO_ICON
                0x0000000008008674       0x10 ./Core/Src/ST7565P.o
                0x0000000008008674                ODO_ICON
 .rodata.DTE_ICON
                0x0000000008008684        0xe ./Core/Src/ST7565P.o
                0x0000000008008684                DTE_ICON
 *fill*         0x0000000008008692        0x2 
 .rodata.TRP_ICON
                0x0000000008008694        0xd ./Core/Src/ST7565P.o
                0x0000000008008694                TRP_ICON
 *fill*         0x00000000080086a1        0x3 
 .rodata.AHBPrescTable
                0x00000000080086a4       0x10 ./Core/Src/system_stm32f1xx.o
                0x00000000080086a4                AHBPrescTable
 .rodata.APBPrescTable
                0x00000000080086b4        0x8 ./Core/Src/system_stm32f1xx.o
                0x00000000080086b4                APBPrescTable
 .rodata.aPLLMULFactorTable.1
                0x00000000080086bc       0x10 ./Drivers/STM32F1xx_HAL_Driver/Src/stm32f1xx_hal_rcc.o
 .rodata.aPredivFactorTable.0
                0x00000000080086cc        0x2 ./Drivers/STM32F1xx_HAL_Driver/Src/stm32f1xx_hal_rcc.o
                0x00000000080086d0                . = ALIGN (0x4)
 *fill*         0x00000000080086ce        0x2 

.rel.dyn        0x00000000080086d0        0x0
 .rel.iplt      0x00000000080086d0        0x0 C:/ST/STM32CubeIDE_1.13.2/STM32CubeIDE/plugins/com.st.stm32cube.ide.mcu.externaltools.gnu-tools-for-stm32.11.3.rel1.win32_1.1.1.202309131626/tools/bin/../lib/gcc/arm-none-eabi/11.3.1/thumb/v7-m/nofp/crtbegin.o

.ARM.extab      0x00000000080086d0        0x0
                0x00000000080086d0                . = ALIGN (0x4)
 *(.ARM.extab* .gnu.linkonce.armextab.*)
                0x00000000080086d0                . = ALIGN (0x4)

.ARM            0x00000000080086d0        0x0
                0x00000000080086d0                . = ALIGN (0x4)
                0x00000000080086d0                __exidx_start = .
 *(.ARM.exidx*)
                0x00000000080086d0                __exidx_end = .
                0x00000000080086d0                . = ALIGN (0x4)

.preinit_array  0x00000000080086d0        0x0
                0x00000000080086d0                . = ALIGN (0x4)
                0x00000000080086d0                PROVIDE (__preinit_array_start = .)
 *(.preinit_array*)
                0x00000000080086d0                PROVIDE (__preinit_array_end = .)
                0x00000000080086d0                . = ALIGN (0x4)

.init_array     0x00000000080086d0        0x4
                0x00000000080086d0                . = ALIGN (0x4)
                0x00000000080086d0                PROVIDE (__init_array_start = .)
 *(SORT_BY_NAME(.init_array.*))
 *(.init_array*)
 .init_array    0x00000000080086d0        0x4 C:/ST/STM32CubeIDE_1.13.2/STM32CubeIDE/plugins/com.st.stm32cube.ide.mcu.externaltools.gnu-tools-for-stm32.11.3.rel1.win32_1.1.1.202309131626/tools/bin/../lib/gcc/arm-none-eabi/11.3.1/thumb/v7-m/nofp/crtbegin.o
                0x00000000080086d4                PROVIDE (__init_array_end = .)
                0x00000000080086d4                . = ALIGN (0x4)

.fini_array     0x00000000080086d4        0x4
                0x00000000080086d4                . = ALIGN (0x4)
                [!provide]                        PROVIDE (__fini_array_start = .)
 *(SORT_BY_NAME(.fini_array.*))
 *(.fini_array*)
 .fini_array    0x00000000080086d4        0x4 C:/ST/STM32CubeIDE_1.13.2/STM32CubeIDE/plugins/com.st.stm32cube.ide.mcu.externaltools.gnu-tools-for-stm32.11.3.rel1.win32_1.1.1.202309131626/tools/bin/../lib/gcc/arm-none-eabi/11.3.1/thumb/v7-m/nofp/crtbegin.o
                [!provide]                        PROVIDE (__fini_array_end = .)
                0x00000000080086d8                . = ALIGN (0x4)
                0x00000000080086d8                _sidata = LOADADDR (.data)

.data           0x0000000020000000      0x7d8 load address 0x00000000080086d8
                0x0000000020000000                . = ALIGN (0x4)
                0x0000000020000000                _sdata = .
 *(.data)
 *(.data*)
 .data.intro1   0x0000000020000000      0x400 ./Core/Src/ST7565P.o
                0x0000000020000000                intro1
 .data.Battery_bar
                0x0000000020000400      0x39c ./Core/Src/ST7565P.o
                0x0000000020000400                Battery_bar
 .data.first_time
                0x000000002000079c        0x1 ./Core/Src/main.o
                0x000000002000079c                first_time
 *fill*         0x000000002000079d        0x1 
 .data.print_delay
                0x000000002000079e        0x2 ./Core/Src/main.o
                0x000000002000079e                print_delay
 .data.BMS_ID   0x00000000200007a0       0x2c ./Core/Src/main.o
                0x00000000200007a0                BMS_ID
 .data.SystemCoreClock
                0x00000000200007cc        0x4 ./Core/Src/system_stm32f1xx.o
                0x00000000200007cc                SystemCoreClock
 .data.uwTickPrio
                0x00000000200007d0        0x4 ./Drivers/STM32F1xx_HAL_Driver/Src/stm32f1xx_hal.o
                0x00000000200007d0                uwTickPrio
 .data.uwTickFreq
                0x00000000200007d4        0x1 ./Drivers/STM32F1xx_HAL_Driver/Src/stm32f1xx_hal.o
                0x00000000200007d4                uwTickFreq
 *(.RamFunc)
 *(.RamFunc*)
                0x00000000200007d8                . = ALIGN (0x4)
 *fill*         0x00000000200007d5        0x3 
                0x00000000200007d8                _edata = .

.igot.plt       0x00000000200007d8        0x0 load address 0x0000000008008eb0
 .igot.plt      0x00000000200007d8        0x0 C:/ST/STM32CubeIDE_1.13.2/STM32CubeIDE/plugins/com.st.stm32cube.ide.mcu.externaltools.gnu-tools-for-stm32.11.3.rel1.win32_1.1.1.202309131626/tools/bin/../lib/gcc/arm-none-eabi/11.3.1/thumb/v7-m/nofp/crtbegin.o
                0x00000000200007d8                . = ALIGN (0x4)

.bss            0x00000000200007d8      0x9a8 load address 0x0000000008008eb0
                0x00000000200007d8                _sbss = .
                0x00000000200007d8                __bss_start__ = _sbss
 *(.bss)
 .bss           0x00000000200007d8       0x1c C:/ST/STM32CubeIDE_1.13.2/STM32CubeIDE/plugins/com.st.stm32cube.ide.mcu.externaltools.gnu-tools-for-stm32.11.3.rel1.win32_1.1.1.202309131626/tools/bin/../lib/gcc/arm-none-eabi/11.3.1/thumb/v7-m/nofp/crtbegin.o
 *(.bss*)
 .bss.lcd_temp_ram
                0x00000000200007f4      0x400 ./Core/Src/ST7565P.o
                0x00000000200007f4                lcd_temp_ram
 .bss.lcd_temp_ram_1
                0x0000000020000bf4      0x400 ./Core/Src/ST7565P.o
                0x0000000020000bf4                lcd_temp_ram_1
 .bss.print_value_int
                0x0000000020000ff4        0x1 ./Core/Src/ST7565P.o
                0x0000000020000ff4                print_value_int
 *fill*         0x0000000020000ff5        0x3 
 .bss.Received_Data
                0x0000000020000ff8        0x8 ./Core/Src/main.o
                0x0000000020000ff8                Received_Data
 .bss.BMS       0x0000000020001000       0x40 ./Core/Src/main.o
                0x0000000020001000                BMS
 .bss.hcan      0x0000000020001040       0x28 ./Core/Src/main.o
                0x0000000020001040                hcan
 .bss.hi2c1     0x0000000020001068       0x54 ./Core/Src/main.o
                0x0000000020001068                hi2c1
 .bss.htim2     0x00000000200010bc       0x48 ./Core/Src/main.o
                0x00000000200010bc                htim2
 .bss.timerCounter
                0x0000000020001104        0x2 ./Core/Src/main.o
                0x0000000020001104                timerCounter
 .bss.m_sec     0x0000000020001106        0x2 ./Core/Src/main.o
                0x0000000020001106                m_sec
 .bss.Tx_count  0x0000000020001108        0x1 ./Core/Src/main.o
                0x0000000020001108                Tx_count
 *fill*         0x0000000020001109        0x3 
 .bss.Transmit_Data
                0x000000002000110c        0x1 ./Core/Src/main.o
                0x000000002000110c                Transmit_Data
 *fill*         0x000000002000110d        0x3 
 .bss.Rx_Id     0x0000000020001110        0x4 ./Core/Src/main.o
                0x0000000020001110                Rx_Id
 .bss.TxMailBox
                0x0000000020001114        0x4 ./Core/Src/main.o
                0x0000000020001114                TxMailBox
 .bss.speed_count
                0x0000000020001118        0x4 ./Core/Src/main.o
                0x0000000020001118                speed_count
 .bss.speed_count_temp
                0x000000002000111c        0x4 ./Core/Src/main.o
                0x000000002000111c                speed_count_temp
 .bss.after_sec
                0x0000000020001120        0x1 ./Core/Src/main.o
                0x0000000020001120                after_sec
 *fill*         0x0000000020001121        0x3 
 .bss.data_Read
                0x0000000020001124        0x3 ./Core/Src/main.o
                0x0000000020001124                data_Read
 *fill*         0x0000000020001127        0x1 
 .bss.Reserved_SOC
                0x0000000020001128        0x2 ./Core/Src/main.o
                0x0000000020001128                Reserved_SOC
 .bss.Battery_high_Temp
                0x000000002000112a        0x1 ./Core/Src/main.o
                0x000000002000112a                Battery_high_Temp
 .bss.print_state
                0x000000002000112b        0x1 ./Core/Src/main.o
                0x000000002000112b                print_state
 .bss.bat_icon_toogle
                0x000000002000112c        0x1 ./Core/Src/main.o
                0x000000002000112c                bat_icon_toogle
 *fill*         0x000000002000112d        0x3 
 .bss.Range     0x0000000020001130        0x8 ./Core/Src/main.o
                0x0000000020001130                Range
 .bss.data_Write
                0x0000000020001138        0x3 ./Core/Src/main.o
                0x0000000020001138                data_Write
 *fill*         0x000000002000113b        0x1 
 .bss.TxHeader  0x000000002000113c       0x18 ./Core/Src/main.o
                0x000000002000113c                TxHeader
 .bss.RxHeader  0x0000000020001154       0x1c ./Core/Src/main.o
                0x0000000020001154                RxHeader
 .bss.start_inc
                0x0000000020001170        0x1 ./Core/Src/main.o
                0x0000000020001170                start_inc
 .bss.Reverse_status
                0x0000000020001171        0x1 ./Core/Src/main.o
                0x0000000020001171                Reverse_status
 .bss.DTE       0x0000000020001172        0x2 ./Core/Src/main.o
                0x0000000020001172                DTE
 .bss.pluse_count
                0x0000000020001174        0x2 ./Core/Src/main.o
                0x0000000020001174                pluse_count
 .bss.rev_buzzr_delay
                0x0000000020001176        0x2 ./Core/Src/main.o
                0x0000000020001176                rev_buzzr_delay
 .bss.temp_buzzr_delay
                0x0000000020001178        0x2 ./Core/Src/main.o
                0x0000000020001178                temp_buzzr_delay
 *fill*         0x000000002000117a        0x2 
 .bss.uwTick    0x000000002000117c        0x4 ./Drivers/STM32F1xx_HAL_Driver/Src/stm32f1xx_hal.o
                0x000000002000117c                uwTick
 *(COMMON)
                0x0000000020001180                . = ALIGN (0x4)
                0x0000000020001180                _ebss = .
                0x0000000020001180                __bss_end__ = _ebss

._user_heap_stack
                0x0000000020001180      0x600 load address 0x0000000008008eb0
                0x0000000020001180                . = ALIGN (0x8)
                [!provide]                        PROVIDE (end = .)
                0x0000000020001180                PROVIDE (_end = .)
                0x0000000020001380                . = (. + _Min_Heap_Size)
 *fill*         0x0000000020001180      0x200 
                0x0000000020001780                . = (. + _Min_Stack_Size)
 *fill*         0x0000000020001380      0x400 
                0x0000000020001780                . = ALIGN (0x8)

/DISCARD/
 libc.a(*)
 libm.a(*)
 libgcc.a(*)

.ARM.attributes
                0x0000000000000000       0x29
 *(.ARM.attributes)
 .ARM.attributes
                0x0000000000000000       0x1d C:/ST/STM32CubeIDE_1.13.2/STM32CubeIDE/plugins/com.st.stm32cube.ide.mcu.externaltools.gnu-tools-for-stm32.11.3.rel1.win32_1.1.1.202309131626/tools/bin/../lib/gcc/arm-none-eabi/11.3.1/thumb/v7-m/nofp/crti.o
 .ARM.attributes
                0x000000000000001d       0x2d C:/ST/STM32CubeIDE_1.13.2/STM32CubeIDE/plugins/com.st.stm32cube.ide.mcu.externaltools.gnu-tools-for-stm32.11.3.rel1.win32_1.1.1.202309131626/tools/bin/../lib/gcc/arm-none-eabi/11.3.1/thumb/v7-m/nofp/crtbegin.o
 .ARM.attributes
                0x000000000000004a       0x2d ./Core/Src/ST7565P.o
 .ARM.attributes
                0x0000000000000077       0x2d ./Core/Src/main.o
 .ARM.attributes
                0x00000000000000a4       0x2d ./Core/Src/stm32f1xx_hal_msp.o
 .ARM.attributes
                0x00000000000000d1       0x2d ./Core/Src/stm32f1xx_it.o
 .ARM.attributes
                0x00000000000000fe       0x2d ./Core/Src/system_stm32f1xx.o
 .ARM.attributes
                0x000000000000012b       0x21 ./Core/Startup/startup_stm32f103c8tx.o
 .ARM.attributes
                0x000000000000014c       0x2d ./Drivers/STM32F1xx_HAL_Driver/Src/stm32f1xx_hal.o
 .ARM.attributes
                0x0000000000000179       0x2d ./Drivers/STM32F1xx_HAL_Driver/Src/stm32f1xx_hal_can.o
 .ARM.attributes
                0x00000000000001a6       0x2d ./Drivers/STM32F1xx_HAL_Driver/Src/stm32f1xx_hal_cortex.o
 .ARM.attributes
                0x00000000000001d3       0x2d ./Drivers/STM32F1xx_HAL_Driver/Src/stm32f1xx_hal_gpio.o
 .ARM.attributes
                0x0000000000000200       0x2d ./Drivers/STM32F1xx_HAL_Driver/Src/stm32f1xx_hal_i2c.o
 .ARM.attributes
                0x000000000000022d       0x2d ./Drivers/STM32F1xx_HAL_Driver/Src/stm32f1xx_hal_rcc.o
 .ARM.attributes
                0x000000000000025a       0x2d ./Drivers/STM32F1xx_HAL_Driver/Src/stm32f1xx_hal_tim.o
 .ARM.attributes
                0x0000000000000287       0x2d ./Drivers/STM32F1xx_HAL_Driver/Src/stm32f1xx_hal_tim_ex.o
 .ARM.attributes
                0x00000000000002b4       0x2d C:/ST/STM32CubeIDE_1.13.2/STM32CubeIDE/plugins/com.st.stm32cube.ide.mcu.externaltools.gnu-tools-for-stm32.11.3.rel1.win32_1.1.1.202309131626/tools/bin/../lib/gcc/arm-none-eabi/11.3.1/../../../../arm-none-eabi/lib/thumb/v7-m/nofp\libc_nano.a(libc_a-memset.o)
 .ARM.attributes
                0x00000000000002e1       0x2d C:/ST/STM32CubeIDE_1.13.2/STM32CubeIDE/plugins/com.st.stm32cube.ide.mcu.externaltools.gnu-tools-for-stm32.11.3.rel1.win32_1.1.1.202309131626/tools/bin/../lib/gcc/arm-none-eabi/11.3.1/../../../../arm-none-eabi/lib/thumb/v7-m/nofp\libc_nano.a(libc_a-init.o)
 .ARM.attributes
                0x000000000000030e       0x1d C:/ST/STM32CubeIDE_1.13.2/STM32CubeIDE/plugins/com.st.stm32cube.ide.mcu.externaltools.gnu-tools-for-stm32.11.3.rel1.win32_1.1.1.202309131626/tools/bin/../lib/gcc/arm-none-eabi/11.3.1/thumb/v7-m/nofp\libgcc.a(_arm_muldf3.o)
 .ARM.attributes
                0x000000000000032b       0x1d C:/ST/STM32CubeIDE_1.13.2/STM32CubeIDE/plugins/com.st.stm32cube.ide.mcu.externaltools.gnu-tools-for-stm32.11.3.rel1.win32_1.1.1.202309131626/tools/bin/../lib/gcc/arm-none-eabi/11.3.1/thumb/v7-m/nofp\libgcc.a(_arm_addsubdf3.o)
 .ARM.attributes
                0x0000000000000348       0x1d C:/ST/STM32CubeIDE_1.13.2/STM32CubeIDE/plugins/com.st.stm32cube.ide.mcu.externaltools.gnu-tools-for-stm32.11.3.rel1.win32_1.1.1.202309131626/tools/bin/../lib/gcc/arm-none-eabi/11.3.1/thumb/v7-m/nofp\libgcc.a(_arm_fixunsdfsi.o)
 .ARM.attributes
                0x0000000000000365       0x1d C:/ST/STM32CubeIDE_1.13.2/STM32CubeIDE/plugins/com.st.stm32cube.ide.mcu.externaltools.gnu-tools-for-stm32.11.3.rel1.win32_1.1.1.202309131626/tools/bin/../lib/gcc/arm-none-eabi/11.3.1/thumb/v7-m/nofp/crtn.o
OUTPUT(CLUSTERPROJECT.elf elf32-littlearm)
LOAD linker stubs
LOAD C:/ST/STM32CubeIDE_1.13.2/STM32CubeIDE/plugins/com.st.stm32cube.ide.mcu.externaltools.gnu-tools-for-stm32.11.3.rel1.win32_1.1.1.202309131626/tools/bin/../lib/gcc/arm-none-eabi/11.3.1/../../../../arm-none-eabi/lib/thumb/v7-m/nofp\libc.a
LOAD C:/ST/STM32CubeIDE_1.13.2/STM32CubeIDE/plugins/com.st.stm32cube.ide.mcu.externaltools.gnu-tools-for-stm32.11.3.rel1.win32_1.1.1.202309131626/tools/bin/../lib/gcc/arm-none-eabi/11.3.1/../../../../arm-none-eabi/lib/thumb/v7-m/nofp\libm.a
LOAD C:/ST/STM32CubeIDE_1.13.2/STM32CubeIDE/plugins/com.st.stm32cube.ide.mcu.externaltools.gnu-tools-for-stm32.11.3.rel1.win32_1.1.1.202309131626/tools/bin/../lib/gcc/arm-none-eabi/11.3.1/thumb/v7-m/nofp\libgcc.a

.comment        0x0000000000000000       0x43
 .comment       0x0000000000000000       0x43 C:/ST/STM32CubeIDE_1.13.2/STM32CubeIDE/plugins/com.st.stm32cube.ide.mcu.externaltools.gnu-tools-for-stm32.11.3.rel1.win32_1.1.1.202309131626/tools/bin/../lib/gcc/arm-none-eabi/11.3.1/thumb/v7-m/nofp/crtbegin.o
                                         0x44 (size before relaxing)
 .comment       0x0000000000000043       0x44 ./Core/Src/ST7565P.o
 .comment       0x0000000000000043       0x44 ./Core/Src/main.o
 .comment       0x0000000000000043       0x44 ./Core/Src/stm32f1xx_hal_msp.o
 .comment       0x0000000000000043       0x44 ./Core/Src/stm32f1xx_it.o
 .comment       0x0000000000000043       0x44 ./Core/Src/system_stm32f1xx.o
 .comment       0x0000000000000043       0x44 ./Drivers/STM32F1xx_HAL_Driver/Src/stm32f1xx_hal.o
 .comment       0x0000000000000043       0x44 ./Drivers/STM32F1xx_HAL_Driver/Src/stm32f1xx_hal_can.o
 .comment       0x0000000000000043       0x44 ./Drivers/STM32F1xx_HAL_Driver/Src/stm32f1xx_hal_cortex.o
 .comment       0x0000000000000043       0x44 ./Drivers/STM32F1xx_HAL_Driver/Src/stm32f1xx_hal_gpio.o
 .comment       0x0000000000000043       0x44 ./Drivers/STM32F1xx_HAL_Driver/Src/stm32f1xx_hal_i2c.o
 .comment       0x0000000000000043       0x44 ./Drivers/STM32F1xx_HAL_Driver/Src/stm32f1xx_hal_rcc.o
 .comment       0x0000000000000043       0x44 ./Drivers/STM32F1xx_HAL_Driver/Src/stm32f1xx_hal_tim.o
 .comment       0x0000000000000043       0x44 ./Drivers/STM32F1xx_HAL_Driver/Src/stm32f1xx_hal_tim_ex.o

.debug_info     0x0000000000000000     0xeb9d
 .debug_info    0x0000000000000000     0x111f ./Core/Src/ST7565P.o
 .debug_info    0x000000000000111f     0x2a93 ./Core/Src/main.o
 .debug_info    0x0000000000003bb2     0x11de ./Core/Src/stm32f1xx_hal_msp.o
 .debug_info    0x0000000000004d90      0xaab ./Core/Src/stm32f1xx_it.o
 .debug_info    0x000000000000583b      0x222 ./Core/Src/system_stm32f1xx.o
 .debug_info    0x0000000000005a5d       0x23 ./Core/Startup/startup_stm32f103c8tx.o
 .debug_info    0x0000000000005a80      0x704 ./Drivers/STM32F1xx_HAL_Driver/Src/stm32f1xx_hal.o
 .debug_info    0x0000000000006184      0xf27 ./Drivers/STM32F1xx_HAL_Driver/Src/stm32f1xx_hal_can.o
 .debug_info    0x00000000000070ab      0xa87 ./Drivers/STM32F1xx_HAL_Driver/Src/stm32f1xx_hal_cortex.o
 .debug_info    0x0000000000007b32      0x5ab ./Drivers/STM32F1xx_HAL_Driver/Src/stm32f1xx_hal_gpio.o
 .debug_info    0x00000000000080dd     0x2515 ./Drivers/STM32F1xx_HAL_Driver/Src/stm32f1xx_hal_i2c.o
 .debug_info    0x000000000000a5f2      0x7d5 ./Drivers/STM32F1xx_HAL_Driver/Src/stm32f1xx_hal_rcc.o
 .debug_info    0x000000000000adc7     0x293b ./Drivers/STM32F1xx_HAL_Driver/Src/stm32f1xx_hal_tim.o
 .debug_info    0x000000000000d702     0x149b ./Drivers/STM32F1xx_HAL_Driver/Src/stm32f1xx_hal_tim_ex.o

.debug_abbrev   0x0000000000000000     0x1fef
 .debug_abbrev  0x0000000000000000      0x2b7 ./Core/Src/ST7565P.o
 .debug_abbrev  0x00000000000002b7      0x48d ./Core/Src/main.o
 .debug_abbrev  0x0000000000000744      0x21a ./Core/Src/stm32f1xx_hal_msp.o
 .debug_abbrev  0x000000000000095e      0x201 ./Core/Src/stm32f1xx_it.o
 .debug_abbrev  0x0000000000000b5f      0x13f ./Core/Src/system_stm32f1xx.o
 .debug_abbrev  0x0000000000000c9e       0x12 ./Core/Startup/startup_stm32f103c8tx.o
 .debug_abbrev  0x0000000000000cb0      0x201 ./Drivers/STM32F1xx_HAL_Driver/Src/stm32f1xx_hal.o
 .debug_abbrev  0x0000000000000eb1      0x22d ./Drivers/STM32F1xx_HAL_Driver/Src/stm32f1xx_hal_can.o
 .debug_abbrev  0x00000000000010de      0x2f8 ./Drivers/STM32F1xx_HAL_Driver/Src/stm32f1xx_hal_cortex.o
 .debug_abbrev  0x00000000000013d6      0x1ca ./Drivers/STM32F1xx_HAL_Driver/Src/stm32f1xx_hal_gpio.o
 .debug_abbrev  0x00000000000015a0      0x2a3 ./Drivers/STM32F1xx_HAL_Driver/Src/stm32f1xx_hal_i2c.o
 .debug_abbrev  0x0000000000001843      0x2b3 ./Drivers/STM32F1xx_HAL_Driver/Src/stm32f1xx_hal_rcc.o
 .debug_abbrev  0x0000000000001af6      0x277 ./Drivers/STM32F1xx_HAL_Driver/Src/stm32f1xx_hal_tim.o
 .debug_abbrev  0x0000000000001d6d      0x282 ./Drivers/STM32F1xx_HAL_Driver/Src/stm32f1xx_hal_tim_ex.o

.debug_aranges  0x0000000000000000      0xec8
 .debug_aranges
                0x0000000000000000       0xe8 ./Core/Src/ST7565P.o
 .debug_aranges
                0x00000000000000e8       0xe8 ./Core/Src/main.o
 .debug_aranges
                0x00000000000001d0       0x50 ./Core/Src/stm32f1xx_hal_msp.o
 .debug_aranges
                0x0000000000000220       0x78 ./Core/Src/stm32f1xx_it.o
 .debug_aranges
                0x0000000000000298       0x28 ./Core/Src/system_stm32f1xx.o
 .debug_aranges
                0x00000000000002c0       0x28 ./Core/Startup/startup_stm32f103c8tx.o
 .debug_aranges
                0x00000000000002e8       0xe0 ./Drivers/STM32F1xx_HAL_Driver/Src/stm32f1xx_hal.o
 .debug_aranges
                0x00000000000003c8      0x138 ./Drivers/STM32F1xx_HAL_Driver/Src/stm32f1xx_hal_can.o
 .debug_aranges
                0x0000000000000500      0x100 ./Drivers/STM32F1xx_HAL_Driver/Src/stm32f1xx_hal_cortex.o
 .debug_aranges
                0x0000000000000600       0x58 ./Drivers/STM32F1xx_HAL_Driver/Src/stm32f1xx_hal_gpio.o
 .debug_aranges
                0x0000000000000658      0x2a8 ./Drivers/STM32F1xx_HAL_Driver/Src/stm32f1xx_hal_i2c.o
 .debug_aranges
                0x0000000000000900       0x90 ./Drivers/STM32F1xx_HAL_Driver/Src/stm32f1xx_hal_rcc.o
 .debug_aranges
                0x0000000000000990      0x3d0 ./Drivers/STM32F1xx_HAL_Driver/Src/stm32f1xx_hal_tim.o
 .debug_aranges
                0x0000000000000d60      0x168 ./Drivers/STM32F1xx_HAL_Driver/Src/stm32f1xx_hal_tim_ex.o

.debug_rnglists
                0x0000000000000000      0xb9b
 .debug_rnglists
                0x0000000000000000       0xb1 ./Core/Src/ST7565P.o
 .debug_rnglists
                0x00000000000000b1       0xb7 ./Core/Src/main.o
 .debug_rnglists
                0x0000000000000168       0x39 ./Core/Src/stm32f1xx_hal_msp.o
 .debug_rnglists
                0x00000000000001a1       0x55 ./Core/Src/stm32f1xx_it.o
 .debug_rnglists
                0x00000000000001f6       0x1a ./Core/Src/system_stm32f1xx.o
 .debug_rnglists
                0x0000000000000210       0x19 ./Core/Startup/startup_stm32f103c8tx.o
 .debug_rnglists
                0x0000000000000229       0xa3 ./Drivers/STM32F1xx_HAL_Driver/Src/stm32f1xx_hal.o
 .debug_rnglists
                0x00000000000002cc       0xee ./Drivers/STM32F1xx_HAL_Driver/Src/stm32f1xx_hal_can.o
 .debug_rnglists
                0x00000000000003ba       0xbb ./Drivers/STM32F1xx_HAL_Driver/Src/stm32f1xx_hal_cortex.o
 .debug_rnglists
                0x0000000000000475       0x3f ./Drivers/STM32F1xx_HAL_Driver/Src/stm32f1xx_hal_gpio.o
 .debug_rnglists
                0x00000000000004b4      0x23c ./Drivers/STM32F1xx_HAL_Driver/Src/stm32f1xx_hal_i2c.o
 .debug_rnglists
                0x00000000000006f0       0x6c ./Drivers/STM32F1xx_HAL_Driver/Src/stm32f1xx_hal_rcc.o
 .debug_rnglists
                0x000000000000075c      0x31a ./Drivers/STM32F1xx_HAL_Driver/Src/stm32f1xx_hal_tim.o
 .debug_rnglists
                0x0000000000000a76      0x125 ./Drivers/STM32F1xx_HAL_Driver/Src/stm32f1xx_hal_tim_ex.o

.debug_macro    0x0000000000000000    0x174bb
 .debug_macro   0x0000000000000000      0x1c5 ./Core/Src/ST7565P.o
 .debug_macro   0x00000000000001c5      0xa9c ./Core/Src/ST7565P.o
 .debug_macro   0x0000000000000c61      0x221 ./Core/Src/ST7565P.o
 .debug_macro   0x0000000000000e82       0x2e ./Core/Src/ST7565P.o
 .debug_macro   0x0000000000000eb0       0x22 ./Core/Src/ST7565P.o
 .debug_macro   0x0000000000000ed2       0x22 ./Core/Src/ST7565P.o
 .debug_macro   0x0000000000000ef4       0x8e ./Core/Src/ST7565P.o
 .debug_macro   0x0000000000000f82       0x51 ./Core/Src/ST7565P.o
 .debug_macro   0x0000000000000fd3      0x103 ./Core/Src/ST7565P.o
 .debug_macro   0x00000000000010d6       0x6a ./Core/Src/ST7565P.o
 .debug_macro   0x0000000000001140      0x1df ./Core/Src/ST7565P.o
 .debug_macro   0x000000000000131f       0x1c ./Core/Src/ST7565P.o
 .debug_macro   0x000000000000133b       0x22 ./Core/Src/ST7565P.o
 .debug_macro   0x000000000000135d       0xbd ./Core/Src/ST7565P.o
 .debug_macro   0x000000000000141a      0xd23 ./Core/Src/ST7565P.o
 .debug_macro   0x000000000000213d     0xe09e ./Core/Src/ST7565P.o
 .debug_macro   0x00000000000101db       0x6d ./Core/Src/ST7565P.o
 .debug_macro   0x0000000000010248     0x348d ./Core/Src/ST7565P.o
 .debug_macro   0x00000000000136d5      0x174 ./Core/Src/ST7565P.o
 .debug_macro   0x0000000000013849       0x5c ./Core/Src/ST7565P.o
 .debug_macro   0x00000000000138a5      0x5bc ./Core/Src/ST7565P.o
 .debug_macro   0x0000000000013e61      0x289 ./Core/Src/ST7565P.o
 .debug_macro   0x00000000000140ea      0x1cb ./Core/Src/ST7565P.o
 .debug_macro   0x00000000000142b5      0x114 ./Core/Src/ST7565P.o
 .debug_macro   0x00000000000143c9      0x1b2 ./Core/Src/ST7565P.o
 .debug_macro   0x000000000001457b       0x27 ./Core/Src/ST7565P.o
 .debug_macro   0x00000000000145a2      0x136 ./Core/Src/ST7565P.o
 .debug_macro   0x00000000000146d8      0x1bc ./Core/Src/ST7565P.o
 .debug_macro   0x0000000000014894       0x34 ./Core/Src/ST7565P.o
 .debug_macro   0x00000000000148c8       0x3c ./Core/Src/ST7565P.o
 .debug_macro   0x0000000000014904      0x408 ./Core/Src/ST7565P.o
 .debug_macro   0x0000000000014d0c       0x57 ./Core/Src/ST7565P.o
 .debug_macro   0x0000000000014d63       0x87 ./Core/Src/ST7565P.o
 .debug_macro   0x0000000000014dea      0x240 ./Core/Src/ST7565P.o
 .debug_macro   0x000000000001502a      0x287 ./Core/Src/ST7565P.o
 .debug_macro   0x00000000000152b1      0x140 ./Core/Src/ST7565P.o
 .debug_macro   0x00000000000153f1      0x8ed ./Core/Src/ST7565P.o
 .debug_macro   0x0000000000015cde       0x83 ./Core/Src/ST7565P.o
 .debug_macro   0x0000000000015d61       0xd0 ./Core/Src/ST7565P.o
 .debug_macro   0x0000000000015e31       0xd6 ./Core/Src/ST7565P.o
 .debug_macro   0x0000000000015f07      0x1d9 ./Core/Src/main.o
 .debug_macro   0x00000000000160e0       0x4c ./Core/Src/main.o
 .debug_macro   0x000000000001612c      0x1bc ./Core/Src/stm32f1xx_hal_msp.o
 .debug_macro   0x00000000000162e8      0x1c6 ./Core/Src/stm32f1xx_it.o
 .debug_macro   0x00000000000164ae      0x1ad ./Core/Src/system_stm32f1xx.o
 .debug_macro   0x000000000001665b      0x1d1 ./Drivers/STM32F1xx_HAL_Driver/Src/stm32f1xx_hal.o
 .debug_macro   0x000000000001682c      0x1b5 ./Drivers/STM32F1xx_HAL_Driver/Src/stm32f1xx_hal_can.o
 .debug_macro   0x00000000000169e1      0x1ad ./Drivers/STM32F1xx_HAL_Driver/Src/stm32f1xx_hal_cortex.o
 .debug_macro   0x0000000000016b8e      0x218 ./Drivers/STM32F1xx_HAL_Driver/Src/stm32f1xx_hal_gpio.o
 .debug_macro   0x0000000000016da6      0x1fb ./Drivers/STM32F1xx_HAL_Driver/Src/stm32f1xx_hal_i2c.o
 .debug_macro   0x0000000000016fa1      0x1bf ./Drivers/STM32F1xx_HAL_Driver/Src/stm32f1xx_hal_rcc.o
 .debug_macro   0x0000000000017160      0x1ae ./Drivers/STM32F1xx_HAL_Driver/Src/stm32f1xx_hal_tim.o
 .debug_macro   0x000000000001730e      0x1ad ./Drivers/STM32F1xx_HAL_Driver/Src/stm32f1xx_hal_tim_ex.o

.debug_line     0x0000000000000000    0x10609
 .debug_line    0x0000000000000000     0x11c5 ./Core/Src/ST7565P.o
 .debug_line    0x00000000000011c5     0x144b ./Core/Src/main.o
 .debug_line    0x0000000000002610      0x7f0 ./Core/Src/stm32f1xx_hal_msp.o
 .debug_line    0x0000000000002e00      0x81d ./Core/Src/stm32f1xx_it.o
 .debug_line    0x000000000000361d      0x791 ./Core/Src/system_stm32f1xx.o
 .debug_line    0x0000000000003dae       0x78 ./Core/Startup/startup_stm32f103c8tx.o
 .debug_line    0x0000000000003e26      0x9be ./Drivers/STM32F1xx_HAL_Driver/Src/stm32f1xx_hal.o
 .debug_line    0x00000000000047e4     0x1165 ./Drivers/STM32F1xx_HAL_Driver/Src/stm32f1xx_hal_can.o
 .debug_line    0x0000000000005949      0xba6 ./Drivers/STM32F1xx_HAL_Driver/Src/stm32f1xx_hal_cortex.o
 .debug_line    0x00000000000064ef      0xa57 ./Drivers/STM32F1xx_HAL_Driver/Src/stm32f1xx_hal_gpio.o
 .debug_line    0x0000000000006f46     0x3b35 ./Drivers/STM32F1xx_HAL_Driver/Src/stm32f1xx_hal_i2c.o
 .debug_line    0x000000000000aa7b      0xdc7 ./Drivers/STM32F1xx_HAL_Driver/Src/stm32f1xx_hal_rcc.o
 .debug_line    0x000000000000b842     0x34aa ./Drivers/STM32F1xx_HAL_Driver/Src/stm32f1xx_hal_tim.o
 .debug_line    0x000000000000ecec     0x191d ./Drivers/STM32F1xx_HAL_Driver/Src/stm32f1xx_hal_tim_ex.o

.debug_str      0x0000000000000000    0x8a900
 .debug_str     0x0000000000000000    0x85ada ./Core/Src/ST7565P.o
                                      0x85e3c (size before relaxing)
 .debug_str     0x0000000000085ada     0x1f37 ./Core/Src/main.o
                                      0x879b5 (size before relaxing)
 .debug_str     0x0000000000087a11       0xf3 ./Core/Src/stm32f1xx_hal_msp.o
                                      0x86545 (size before relaxing)
 .debug_str     0x0000000000087b04      0x12d ./Core/Src/stm32f1xx_it.o
                                      0x85f71 (size before relaxing)
 .debug_str     0x0000000000087c31       0x7e ./Core/Src/system_stm32f1xx.o
                                      0x85472 (size before relaxing)
 .debug_str     0x0000000000087caf       0x34 ./Core/Startup/startup_stm32f103c8tx.o
                                         0xa5 (size before relaxing)
 .debug_str     0x0000000000087ce3      0x384 ./Drivers/STM32F1xx_HAL_Driver/Src/stm32f1xx_hal.o
                                      0x85ba5 (size before relaxing)
 .debug_str     0x0000000000088067      0x3d3 ./Drivers/STM32F1xx_HAL_Driver/Src/stm32f1xx_hal_can.o
                                      0x85c72 (size before relaxing)
 .debug_str     0x000000000008843a      0x257 ./Drivers/STM32F1xx_HAL_Driver/Src/stm32f1xx_hal_cortex.o
                                      0x85af1 (size before relaxing)
 .debug_str     0x0000000000088691      0x284 ./Drivers/STM32F1xx_HAL_Driver/Src/stm32f1xx_hal_gpio.o
                                      0x857f8 (size before relaxing)
 .debug_str     0x0000000000088915      0xbad ./Drivers/STM32F1xx_HAL_Driver/Src/stm32f1xx_hal_i2c.o
                                      0x86539 (size before relaxing)
 .debug_str     0x00000000000894c2      0x209 ./Drivers/STM32F1xx_HAL_Driver/Src/stm32f1xx_hal_rcc.o
                                      0x858a1 (size before relaxing)
 .debug_str     0x00000000000896cb      0xda2 ./Drivers/STM32F1xx_HAL_Driver/Src/stm32f1xx_hal_tim.o
                                      0x86893 (size before relaxing)
 .debug_str     0x000000000008a46d      0x493 ./Drivers/STM32F1xx_HAL_Driver/Src/stm32f1xx_hal_tim_ex.o
                                      0x860af (size before relaxing)

.debug_frame    0x0000000000000000     0x403c
 .debug_frame   0x0000000000000000      0x3d8 ./Core/Src/ST7565P.o
 .debug_frame   0x00000000000003d8      0x380 ./Core/Src/main.o
 .debug_frame   0x0000000000000758      0x110 ./Core/Src/stm32f1xx_hal_msp.o
 .debug_frame   0x0000000000000868      0x158 ./Core/Src/stm32f1xx_it.o
 .debug_frame   0x00000000000009c0       0x58 ./Core/Src/system_stm32f1xx.o
 .debug_frame   0x0000000000000a18      0x334 ./Drivers/STM32F1xx_HAL_Driver/Src/stm32f1xx_hal.o
 .debug_frame   0x0000000000000d4c      0x5a0 ./Drivers/STM32F1xx_HAL_Driver/Src/stm32f1xx_hal_can.o
 .debug_frame   0x00000000000012ec      0x428 ./Drivers/STM32F1xx_HAL_Driver/Src/stm32f1xx_hal_cortex.o
 .debug_frame   0x0000000000001714      0x14c ./Drivers/STM32F1xx_HAL_Driver/Src/stm32f1xx_hal_gpio.o
 .debug_frame   0x0000000000001860      0xc84 ./Drivers/STM32F1xx_HAL_Driver/Src/stm32f1xx_hal_i2c.o
 .debug_frame   0x00000000000024e4      0x218 ./Drivers/STM32F1xx_HAL_Driver/Src/stm32f1xx_hal_rcc.o
 .debug_frame   0x00000000000026fc     0x11bc ./Drivers/STM32F1xx_HAL_Driver/Src/stm32f1xx_hal_tim.o
 .debug_frame   0x00000000000038b8      0x638 ./Drivers/STM32F1xx_HAL_Driver/Src/stm32f1xx_hal_tim_ex.o
 .debug_frame   0x0000000000003ef0       0x20 C:/ST/STM32CubeIDE_1.13.2/STM32CubeIDE/plugins/com.st.stm32cube.ide.mcu.externaltools.gnu-tools-for-stm32.11.3.rel1.win32_1.1.1.202309131626/tools/bin/../lib/gcc/arm-none-eabi/11.3.1/../../../../arm-none-eabi/lib/thumb/v7-m/nofp\libc_nano.a(libc_a-memset.o)
 .debug_frame   0x0000000000003f10       0x2c C:/ST/STM32CubeIDE_1.13.2/STM32CubeIDE/plugins/com.st.stm32cube.ide.mcu.externaltools.gnu-tools-for-stm32.11.3.rel1.win32_1.1.1.202309131626/tools/bin/../lib/gcc/arm-none-eabi/11.3.1/../../../../arm-none-eabi/lib/thumb/v7-m/nofp\libc_nano.a(libc_a-init.o)
 .debug_frame   0x0000000000003f3c       0x30 C:/ST/STM32CubeIDE_1.13.2/STM32CubeIDE/plugins/com.st.stm32cube.ide.mcu.externaltools.gnu-tools-for-stm32.11.3.rel1.win32_1.1.1.202309131626/tools/bin/../lib/gcc/arm-none-eabi/11.3.1/thumb/v7-m/nofp\libgcc.a(_arm_muldf3.o)
 .debug_frame   0x0000000000003f6c       0xac C:/ST/STM32CubeIDE_1.13.2/STM32CubeIDE/plugins/com.st.stm32cube.ide.mcu.externaltools.gnu-tools-for-stm32.11.3.rel1.win32_1.1.1.202309131626/tools/bin/../lib/gcc/arm-none-eabi/11.3.1/thumb/v7-m/nofp\libgcc.a(_arm_addsubdf3.o)
 .debug_frame   0x0000000000004018       0x24 C:/ST/STM32CubeIDE_1.13.2/STM32CubeIDE/plugins/com.st.stm32cube.ide.mcu.externaltools.gnu-tools-for-stm32.11.3.rel1.win32_1.1.1.202309131626/tools/bin/../lib/gcc/arm-none-eabi/11.3.1/thumb/v7-m/nofp\libgcc.a(_arm_fixunsdfsi.o)

.debug_line_str
                0x0000000000000000       0x99
 .debug_line_str
                0x0000000000000000       0x99 ./Core/Startup/startup_stm32f103c8tx.o
                                         0xb1 (size before relaxing)
