Archive member included to satisfy reference by file (symbol)

C:/ST/STM32CubeIDE_1.13.2/STM32CubeIDE/plugins/com.st.stm32cube.ide.mcu.externaltools.gnu-tools-for-stm32.11.3.rel1.win32_1.1.1.202309131626/tools/bin/../lib/gcc/arm-none-eabi/11.3.1/../../../../arm-none-eabi/lib/thumb/v7-m/nofp\libc_nano.a(libc_a-exit.o)
                              C:/ST/STM32CubeIDE_1.13.2/STM32CubeIDE/plugins/com.st.stm32cube.ide.mcu.externaltools.gnu-tools-for-stm32.11.3.rel1.win32_1.1.1.202309131626/tools/bin/../lib/gcc/arm-none-eabi/11.3.1/../../../../arm-none-eabi/lib/thumb/v7-m/nofp/crt0.o (exit)
C:/ST/STM32CubeIDE_1.13.2/STM32CubeIDE/plugins/com.st.stm32cube.ide.mcu.externaltools.gnu-tools-for-stm32.11.3.rel1.win32_1.1.1.202309131626/tools/bin/../lib/gcc/arm-none-eabi/11.3.1/../../../../arm-none-eabi/lib/thumb/v7-m/nofp\libc_nano.a(libc_a-findfp.o)
                              C:/ST/STM32CubeIDE_1.13.2/STM32CubeIDE/plugins/com.st.stm32cube.ide.mcu.externaltools.gnu-tools-for-stm32.11.3.rel1.win32_1.1.1.202309131626/tools/bin/../lib/gcc/arm-none-eabi/11.3.1/../../../../arm-none-eabi/lib/thumb/v7-m/nofp\libc_nano.a(libc_a-exit.o) (__stdio_exit_handler)
C:/ST/STM32CubeIDE_1.13.2/STM32CubeIDE/plugins/com.st.stm32cube.ide.mcu.externaltools.gnu-tools-for-stm32.11.3.rel1.win32_1.1.1.202309131626/tools/bin/../lib/gcc/arm-none-eabi/11.3.1/../../../../arm-none-eabi/lib/thumb/v7-m/nofp\libc_nano.a(libc_a-fwalk.o)
                              C:/ST/STM32CubeIDE_1.13.2/STM32CubeIDE/plugins/com.st.stm32cube.ide.mcu.externaltools.gnu-tools-for-stm32.11.3.rel1.win32_1.1.1.202309131626/tools/bin/../lib/gcc/arm-none-eabi/11.3.1/../../../../arm-none-eabi/lib/thumb/v7-m/nofp\libc_nano.a(libc_a-findfp.o) (_fwalk_sglue)
C:/ST/STM32CubeIDE_1.13.2/STM32CubeIDE/plugins/com.st.stm32cube.ide.mcu.externaltools.gnu-tools-for-stm32.11.3.rel1.win32_1.1.1.202309131626/tools/bin/../lib/gcc/arm-none-eabi/11.3.1/../../../../arm-none-eabi/lib/thumb/v7-m/nofp\libc_nano.a(libc_a-stdio.o)
                              C:/ST/STM32CubeIDE_1.13.2/STM32CubeIDE/plugins/com.st.stm32cube.ide.mcu.externaltools.gnu-tools-for-stm32.11.3.rel1.win32_1.1.1.202309131626/tools/bin/../lib/gcc/arm-none-eabi/11.3.1/../../../../arm-none-eabi/lib/thumb/v7-m/nofp\libc_nano.a(libc_a-findfp.o) (__sread)
C:/ST/STM32CubeIDE_1.13.2/STM32CubeIDE/plugins/com.st.stm32cube.ide.mcu.externaltools.gnu-tools-for-stm32.11.3.rel1.win32_1.1.1.202309131626/tools/bin/../lib/gcc/arm-none-eabi/11.3.1/../../../../arm-none-eabi/lib/thumb/v7-m/nofp\libc_nano.a(libc_a-memset.o)
                              C:/ST/STM32CubeIDE_1.13.2/STM32CubeIDE/plugins/com.st.stm32cube.ide.mcu.externaltools.gnu-tools-for-stm32.11.3.rel1.win32_1.1.1.202309131626/tools/bin/../lib/gcc/arm-none-eabi/11.3.1/../../../../arm-none-eabi/lib/thumb/v7-m/nofp/crt0.o (memset)
C:/ST/STM32CubeIDE_1.13.2/STM32CubeIDE/plugins/com.st.stm32cube.ide.mcu.externaltools.gnu-tools-for-stm32.11.3.rel1.win32_1.1.1.202309131626/tools/bin/../lib/gcc/arm-none-eabi/11.3.1/../../../../arm-none-eabi/lib/thumb/v7-m/nofp\libc_nano.a(libc_a-closer.o)
                              C:/ST/STM32CubeIDE_1.13.2/STM32CubeIDE/plugins/com.st.stm32cube.ide.mcu.externaltools.gnu-tools-for-stm32.11.3.rel1.win32_1.1.1.202309131626/tools/bin/../lib/gcc/arm-none-eabi/11.3.1/../../../../arm-none-eabi/lib/thumb/v7-m/nofp\libc_nano.a(libc_a-stdio.o) (_close_r)
C:/ST/STM32CubeIDE_1.13.2/STM32CubeIDE/plugins/com.st.stm32cube.ide.mcu.externaltools.gnu-tools-for-stm32.11.3.rel1.win32_1.1.1.202309131626/tools/bin/../lib/gcc/arm-none-eabi/11.3.1/../../../../arm-none-eabi/lib/thumb/v7-m/nofp\libc_nano.a(libc_a-reent.o)
                              C:/ST/STM32CubeIDE_1.13.2/STM32CubeIDE/plugins/com.st.stm32cube.ide.mcu.externaltools.gnu-tools-for-stm32.11.3.rel1.win32_1.1.1.202309131626/tools/bin/../lib/gcc/arm-none-eabi/11.3.1/../../../../arm-none-eabi/lib/thumb/v7-m/nofp\libc_nano.a(libc_a-closer.o) (errno)
C:/ST/STM32CubeIDE_1.13.2/STM32CubeIDE/plugins/com.st.stm32cube.ide.mcu.externaltools.gnu-tools-for-stm32.11.3.rel1.win32_1.1.1.202309131626/tools/bin/../lib/gcc/arm-none-eabi/11.3.1/../../../../arm-none-eabi/lib/thumb/v7-m/nofp\libc_nano.a(libc_a-impure.o)
                              C:/ST/STM32CubeIDE_1.13.2/STM32CubeIDE/plugins/com.st.stm32cube.ide.mcu.externaltools.gnu-tools-for-stm32.11.3.rel1.win32_1.1.1.202309131626/tools/bin/../lib/gcc/arm-none-eabi/11.3.1/../../../../arm-none-eabi/lib/thumb/v7-m/nofp\libc_nano.a(libc_a-reent.o) (_impure_ptr)
C:/ST/STM32CubeIDE_1.13.2/STM32CubeIDE/plugins/com.st.stm32cube.ide.mcu.externaltools.gnu-tools-for-stm32.11.3.rel1.win32_1.1.1.202309131626/tools/bin/../lib/gcc/arm-none-eabi/11.3.1/../../../../arm-none-eabi/lib/thumb/v7-m/nofp\libc_nano.a(libc_a-lseekr.o)
[...]
Memory Configuration

Name             Origin             Length             Attributes
RAM              0x0000000020000000 0x0000000000005000 xrw
FLASH            0x0000000008000000 0x0000000000010000 xr
*default*        0x0000000000000000 0xffffffffffffffff

Linker script and memory map

LOAD C:/ST/STM32CubeIDE_1.13.2/STM32CubeIDE/plugins/com.st.stm32cube.ide.mcu.externaltools.gnu-tools-for-stm32.11.3.rel1.win32_1.1.1.202309131626/tools/bin/../lib/gcc/arm-none-eabi/11.3.1/thumb/v7-m/nofp/crti.o
LOAD C:/ST/STM32CubeIDE_1.13.2/STM32CubeIDE/plugins/com.st.stm32cube.ide.mcu.externaltools.gnu-tools-for-stm32.11.3.rel1.win32_1.1.1.202309131626/tools/bin/../lib/gcc/arm-none-eabi/11.3.1/thumb/v7-m/nofp/crtbegin.o
LOAD C:/ST/STM32CubeIDE_1.13.2/STM32CubeIDE/plugins/com.st.stm32cube.ide.mcu.externaltools.gnu-tools-for-stm32.11.3.rel1.win32_1.1.1.202309131626/tools/bin/../lib/gcc/arm-none-eabi/11.3.1/../../../../arm-none-eabi/lib/thumb/v7-m/nofp/crt0.o
LOAD ./Core/Src/ST7565P.o
LOAD ./Core/Src/main.o
LOAD ./Core/Src/stm32f1xx_hal_msp.o
LOAD ./Core/Src/stm32f1xx_it.o
LOAD ./Core/Src/syscalls.o
LOAD ./Core/Src/sysmem.o
LOAD ./Core/Src/system_stm32f1xx.o
LOAD ./Core/Startup/startup_stm32f103c8tx.o
LOAD ./Drivers/STM32F1xx_HAL_Driver/Src/stm32f1xx_hal.o
LOAD ./Drivers/STM32F1xx_HAL_Driver/Src/stm32f1xx_hal_can.o
LOAD ./Drivers/STM32F1xx_HAL_Driver/Src/stm32f1xx_hal_cortex.o
LOAD ./Drivers/STM32F1xx_HAL_Driver/Src/stm32f1xx_hal_dma.o
LOAD ./Drivers/STM32F1xx_HAL_Driver/Src/stm32f1xx_hal_exti.o
LOAD ./Drivers/STM32F1xx_HAL_Driver/Src/stm32f1xx_hal_flash.o
LOAD ./Drivers/STM32F1xx_HAL_Driver/Src/stm32f1xx_hal_flash_ex.o
LOAD ./Drivers/STM32F1xx_HAL_Driver/Src/stm32f1xx_hal_gpio.o
LOAD ./Drivers/STM32F1xx_HAL_Driver/Src/stm32f1xx_hal_gpio_ex.o
LOAD ./Drivers/STM32F1xx_HAL_Driver/Src/stm32f1xx_hal_i2c.o
LOAD ./Drivers/STM32F1xx_HAL_Driver/Src/stm32f1xx_hal_pwr.o
LOAD ./Drivers/STM32F1xx_HAL_Driver/Src/stm32f1xx_hal_rcc.o
LOAD ./Drivers/STM32F1xx_HAL_Driver/Src/stm32f1xx_hal_rcc_ex.o
LOAD ./Drivers/STM32F1xx_HAL_Driver/Src/stm32f1xx_hal_tim.o
LOAD ./Drivers/STM32F1xx_HAL_Driver/Src/stm32f1xx_hal_tim_ex.o
START GROUP
LOAD C:/ST/STM32CubeIDE_1.13.2/STM32CubeIDE/plugins/com.st.stm32cube.ide.mcu.externaltools.gnu-tools-for-stm32.11.3.rel1.win32_1.1.1.202309131626/tools/bin/../lib/gcc/arm-none-eabi/11.3.1/../../../../arm-none-eabi/lib/thumb/v7-m/nofp\libc_nano.a
LOAD C:/ST/STM32CubeIDE_1.13.2/STM32CubeIDE/plugins/com.st.stm32cube.ide.mcu.externaltools.gnu-tools-for-stm32.11.3.rel1.win32_1.1.1.202309131626/tools/bin/../lib/gcc/arm-none-eabi/11.3.1/../../../../arm-none-eabi/lib/thumb/v7-m/nofp\libm.a
END GROUP
START GROUP
LOAD C:/ST/STM32CubeIDE_1.13.2/STM32CubeIDE/plugins/com.st.stm32cube.ide.mcu.externaltools.gnu-tools-for-stm32.11.3.rel1.win32_1.1.1.202309131626/tools/bin/../lib/gcc/arm-none-eabi/11.3.1/thumb/v7-m/nofp\libgcc.a
LOAD C:/ST/STM32CubeIDE_1.13.2/STM32CubeIDE/plugins/com.st.stm32cube.ide.mcu.externaltools.gnu-tools-for-stm32.11.3.rel1.win32_1.1.1.202309131626/tools/bin/../lib/gcc/arm-none-eabi/11.3.1/../../../../arm-none-eabi/lib/thumb/v7-m/nofp\libc_nano.a
END GROUP
START GROUP
LOAD C:/ST/STM32CubeIDE_1.13.2/STM32CubeIDE/plugins/com.st.stm32cube.ide.mcu.externaltools.gnu-tools-for-stm32.11.3.rel1.win32_1.1.1.202309131626/tools/bin/../lib/gcc/arm-none-eabi/11.3.1/thumb/v7-m/nofp\libgcc.a
LOAD C:/ST/STM32CubeIDE_1.13.2/STM32CubeIDE/plugins/com.st.stm32cube.ide.mcu.externaltools.gnu-tools-for-stm32.11.3.rel1.win32_1.1.1.202309131626/tools/bin/../lib/gcc/arm-none-eabi/11.3.1/../../../../arm-none-eabi/lib/thumb/v7-m/nofp\libc_nano.a
LOAD C:/ST/STM32CubeIDE_1.13.2/STM32CubeIDE/plugins/com.st.stm32cube.ide.mcu.externaltools.gnu-tools-for-stm32.11.3.rel1.win32_1.1.1.202309131626/tools/bin/../lib/gcc/arm-none-eabi/11.3.1/../../../../arm-none-eabi/lib/thumb/v7-m/nofp\libnosys.a
END GROUP
START GROUP
LOAD C:/ST/STM32CubeIDE_1.13.2/STM32CubeIDE/plugins/com.st.stm32cube.ide.mcu.externaltools.gnu-tools-for-stm32.11.3.rel1.win32_1.1.1.202309131626/tools/bin/../lib/gcc/arm-none-eabi/11.3.1/thumb/v7-m/nofp\libgcc.a
LOAD C:/ST/STM32CubeIDE_1.13.2/STM32CubeIDE/plugins/com.st.stm32cube.ide.mcu.externaltools.gnu-tools-for-stm32.11.3.rel1.win32_1.1.1.202309131626/tools/bin/../lib/gcc/arm-none-eabi/11.3.1/../../../../arm-none-eabi/lib/thumb/v7-m/nofp\libc_nano.a
LOAD C:/ST/STM32CubeIDE_1.13.2/STM32CubeIDE/plugins/com.st.stm32cube.ide.mcu.externaltools.gnu-tools-for-stm32.11.3.rel1.win32_1.1.1.202309131626/tools/bin/../lib/gcc/arm-none-eabi/11.3.1/../../../../arm-none-eabi/lib/thumb/v7-m/nofp\libnosys.a
END GROUP
LOAD C:/ST/STM32CubeIDE_1.13.2/STM32CubeIDE/plugins/com.st.stm32cube.ide.mcu.externaltools.gnu-tools-for-stm32.11.3.rel1.win32_1.1.1.202309131626/tools/bin/../lib/gcc/arm-none-eabi/11.3.1/thumb/v7-m/nofp/crtend.o
LOAD C:/ST/STM32CubeIDE_1.13.2/STM32CubeIDE/plugins/com.st.stm32cube.ide.mcu.externaltools.gnu-tools-for-stm32.11.3.rel1.win32_1.1.1.202309131626/tools/bin/../lib/gcc/arm-none-eabi/11.3.1/thumb/v7-m/nofp/crtn.o
                0x0000000020005000                _estack = (ORIGIN (RAM) + LENGTH (RAM))
                0x0000000000000200                _Min_Heap_Size = 0x200
                0x0000000000000400                _Min_Stack_Size = 0x400

.isr_vector     0x0000000008000000      0x10c
                0x0000000008000000                . = ALIGN (0x4)
 *(.isr_vector)
 .isr_vector    0x0000000008000000      0x10c ./Core/Startup/startup_stm32f103c8tx.o
                0x0000000008000000                g_pfnVectors
                0x000000000800010c                . = ALIGN (0x4)

.text           0x000000000800010c     0x4f24
                0x000000000800010c                . = ALIGN (0x4)
 *(.text)
 .text          0x000000000800010c       0x40 C:/ST/STM32CubeIDE_1.13.2/STM32CubeIDE/plugins/com.st.stm32cube.ide.mcu.externaltools.gnu-tools-for-stm32.11.3.rel1.win32_1.1.1.202309131626/tools/bin/../lib/gcc/arm-none-eabi/11.3.1/thumb/v7-m/nofp/crtbegin.o
 *(.text*)
 .text.Lcd_cmd  0x000000000800014c       0x5c ./Core/Src/ST7565P.o
                0x000000000800014c                Lcd_cmd
 .text.lcd_print_ram_1
                0x00000000080001a8       0xa4 ./Core/Src/ST7565P.o
                0x00000000080001a8                lcd_print_ram_1
 .text.lcd_init
                0x000000000800024c       0x84 ./Core/Src/ST7565P.o
                0x000000000800024c                lcd_init
 .text.lcd_x_axis
                0x00000000080002d0       0x32 ./Core/Src/ST7565P.o
                0x00000000080002d0                lcd_x_axis
 *fill*         0x0000000008000302        0x2 
 .text.lcd_invert_process
                0x0000000008000304       0x68 ./Core/Src/ST7565P.o
                0x0000000008000304                lcd_invert_process
 .text.lcd_print_char
                0x000000000800036c      0x1ac ./Core/Src/ST7565P.o
                0x000000000800036c                lcd_print_char
 .text.lcd_clear
                0x0000000008000518       0x4c ./Core/Src/ST7565P.o
                0x0000000008000518                lcd_clear
 .text.lcd_print_digit_wos
                0x0000000008000564       0x7c ./Core/Src/ST7565P.o
                0x0000000008000564                lcd_print_digit_wos
 .text.lcd_into
                0x00000000080005e0       0x74 ./Core/Src/ST7565P.o
                0x00000000080005e0                lcd_into
 .text.lcd_print_convert
                0x0000000008000654       0x30 ./Core/Src/ST7565P.o
                0x0000000008000654                lcd_print_convert
 .text.merge    0x0000000008000684      0xda0 ./Core/Src/main.o
                0x0000000008000684                merge
 .text.parllel_transmit
                0x0000000008001424       0x20 ./Core/Src/main.o
                0x0000000008001424                parllel_transmit
 .text.Merge    0x0000000008001444       0x30 ./Core/Src/main.o
                0x0000000008001444                Merge
 .text.I2C_Read_ODO
                0x0000000008001474       0x1c ./Core/Src/main.o
                0x0000000008001474                I2C_Read_ODO
 .text.Calib_Read
                0x0000000008001490       0x34 ./Core/Src/main.o
                0x0000000008001490                Calib_Read
 .text.EEPROM_Read
                0x00000000080014c4       0x3c ./Core/Src/main.o
                0x00000000080014c4                EEPROM_Read
 .text.BMS_CAN  0x0000000008001500       0x88 ./Core/Src/main.o
                0x0000000008001500                BMS_CAN
 .text.lcd_into1
                0x0000000008001588      0x23c ./Core/Src/main.o
                0x0000000008001588                lcd_into1
 .text.HAL_CAN_RxFifo0MsgPendingCallback
                0x00000000080017c4       0x40 ./Core/Src/main.o
                0x00000000080017c4                HAL_CAN_RxFifo0MsgPendingCallback
 .text.main     0x0000000008001804       0xcc ./Core/Src/main.o
                0x0000000008001804                main
 .text.SystemClock_Config
                0x00000000080018d0       0x8a ./Core/Src/main.o
                0x00000000080018d0                SystemClock_Config
 *fill*         0x000000000800195a        0x2 
 .text.MX_CAN_Init
                0x000000000800195c       0xa4 ./Core/Src/main.o
 .text.MX_I2C1_Init
                0x0000000008001a00       0x5c ./Core/Src/main.o
 .text.MX_TIM2_Init
                0x0000000008001a5c       0x98 ./Core/Src/main.o
 .text.MX_GPIO_Init
                0x0000000008001af4      0x10c ./Core/Src/main.o
 .text.HAL_TIM_PeriodElapsedCallback
                0x0000000008001c00       0xac ./Core/Src/main.o
                0x0000000008001c00                HAL_TIM_PeriodElapsedCallback
 .text.HAL_GPIO_EXTI_Callback
                0x0000000008001cac       0x2c ./Core/Src/main.o
                0x0000000008001cac                HAL_GPIO_EXTI_Callback
 .text.Error_Handler
                0x0000000008001cd8        0xa ./Core/Src/main.o
                0x0000000008001cd8                Error_Handler
 *fill*         0x0000000008001ce2        0x2 
 .text.HAL_MspInit
                0x0000000008001ce4       0x64 ./Core/Src/stm32f1xx_hal_msp.o
                0x0000000008001ce4                HAL_MspInit
 .text.HAL_CAN_MspInit
                0x0000000008001d48       0xa8 ./Core/Src/stm32f1xx_hal_msp.o
                0x0000000008001d48                HAL_CAN_MspInit
 .text.HAL_I2C_MspInit
                0x0000000008001df0       0xa0 ./Core/Src/stm32f1xx_hal_msp.o
                0x0000000008001df0                HAL_I2C_MspInit
 .text.HAL_TIM_Base_MspInit
                0x0000000008001e90       0x48 ./Core/Src/stm32f1xx_hal_msp.o
                0x0000000008001e90                HAL_TIM_Base_MspInit
 .text.NMI_Handler
                0x0000000008001ed8        0x6 ./Core/Src/stm32f1xx_it.o
                0x0000000008001ed8                NMI_Handler
 .text.HardFault_Handler
                0x0000000008001ede        0x6 ./Core/Src/stm32f1xx_it.o
                0x0000000008001ede                HardFault_Handler
 .text.MemManage_Handler
                0x0000000008001ee4        0x6 ./Core/Src/stm32f1xx_it.o
                0x0000000008001ee4                MemManage_Handler
 .text.BusFault_Handler
                0x0000000008001eea        0x6 ./Core/Src/stm32f1xx_it.o
                0x0000000008001eea                BusFault_Handler
 .text.UsageFault_Handler
                0x0000000008001ef0        0x6 ./Core/Src/stm32f1xx_it.o
                0x0000000008001ef0                UsageFault_Handler
 .text.SVC_Handler
                0x0000000008001ef6        0xc ./Core/Src/stm32f1xx_it.o
                0x0000000008001ef6                SVC_Handler
 .text.DebugMon_Handler
                0x0000000008001f02        0xc ./Core/Src/stm32f1xx_it.o
                0x0000000008001f02                DebugMon_Handler
 .text.PendSV_Handler
                0x0000000008001f0e        0xc ./Core/Src/stm32f1xx_it.o
                0x0000000008001f0e                PendSV_Handler
 .text.SysTick_Handler
                0x0000000008001f1a        0xc ./Core/Src/stm32f1xx_it.o
                0x0000000008001f1a                SysTick_Handler
 *fill*         0x0000000008001f26        0x2 
 .text.USB_LP_CAN1_RX0_IRQHandler
                0x0000000008001f28       0x14 ./Core/Src/stm32f1xx_it.o
                0x0000000008001f28                USB_LP_CAN1_RX0_IRQHandler
 .text.TIM2_IRQHandler
                0x0000000008001f3c       0x14 ./Core/Src/stm32f1xx_it.o
                0x0000000008001f3c                TIM2_IRQHandler
 .text.EXTI15_10_IRQHandler
                0x0000000008001f50       0x10 ./Core/Src/stm32f1xx_it.o
                0x0000000008001f50                EXTI15_10_IRQHandler
 .text.SystemInit
                0x0000000008001f60        0xc ./Core/Src/system_stm32f1xx.o
                0x0000000008001f60                SystemInit
 .text.Reset_Handler
                0x0000000008001f6c       0x48 ./Core/Startup/startup_stm32f103c8tx.o
                0x0000000008001f6c                Reset_Handler
 .text.Default_Handler
                0x0000000008001fb4        0x2 ./Core/Startup/startup_stm32f103c8tx.o
                0x0000000008001fb4                RTC_Alarm_IRQHandler
                0x0000000008001fb4                EXTI2_IRQHandler
                0x0000000008001fb4                TIM1_CC_IRQHandler
                0x0000000008001fb4                PVD_IRQHandler
                0x0000000008001fb4                EXTI3_IRQHandler
                0x0000000008001fb4                EXTI0_IRQHandler
                0x0000000008001fb4                I2C2_EV_IRQHandler
                0x0000000008001fb4                ADC1_2_IRQHandler
                0x0000000008001fb4                SPI1_IRQHandler
                0x0000000008001fb4                TAMPER_IRQHandler
                0x0000000008001fb4                DMA1_Channel4_IRQHandler
                0x0000000008001fb4                USART3_IRQHandler
                0x0000000008001fb4                RTC_IRQHandler
                0x0000000008001fb4                DMA1_Channel7_IRQHandler
                0x0000000008001fb4                CAN1_RX1_IRQHandler
                0x0000000008001fb4                TIM4_IRQHandler
                0x0000000008001fb4                I2C1_EV_IRQHandler
                0x0000000008001fb4                DMA1_Channel6_IRQHandler
                0x0000000008001fb4                TIM3_IRQHandler
                0x0000000008001fb4                RCC_IRQHandler
                0x0000000008001fb4                TIM1_TRG_COM_IRQHandler
                0x0000000008001fb4                DMA1_Channel1_IRQHandler
                0x0000000008001fb4                Default_Handler
                0x0000000008001fb4                EXTI9_5_IRQHandler
                0x0000000008001fb4                SPI2_IRQHandler
                0x0000000008001fb4                DMA1_Channel5_IRQHandler
                0x0000000008001fb4                EXTI4_IRQHandler
                0x0000000008001fb4                USB_HP_CAN1_TX_IRQHandler
                0x0000000008001fb4                DMA1_Channel3_IRQHandler
                0x0000000008001fb4                TIM1_UP_IRQHandler
                0x0000000008001fb4                WWDG_IRQHandler
                0x0000000008001fb4                TIM1_BRK_IRQHandler
                0x0000000008001fb4                EXTI1_IRQHandler
                0x0000000008001fb4                USART2_IRQHandler
                0x0000000008001fb4                I2C2_ER_IRQHandler
                0x0000000008001fb4                DMA1_Channel2_IRQHandler
                0x0000000008001fb4                CAN1_SCE_IRQHandler
                0x0000000008001fb4                FLASH_IRQHandler
                0x0000000008001fb4                USART1_IRQHandler
                0x0000000008001fb4                I2C1_ER_IRQHandler
                0x0000000008001fb4                USBWakeUp_IRQHandler
 *fill*         0x0000000008001fb6        0x2 
 .text.HAL_Init
                0x0000000008001fb8       0x2c ./Drivers/STM32F1xx_HAL_Driver/Src/stm32f1xx_hal.o
                0x0000000008001fb8                HAL_Init
 .text.HAL_InitTick
                0x0000000008001fe4       0x60 ./Drivers/STM32F1xx_HAL_Driver/Src/stm32f1xx_hal.o
                0x0000000008001fe4                HAL_InitTick
 .text.HAL_IncTick
                0x0000000008002044       0x24 ./Drivers/STM32F1xx_HAL_Driver/Src/stm32f1xx_hal.o
                0x0000000008002044                HAL_IncTick
 .text.HAL_GetTick
                0x0000000008002068       0x14 ./Drivers/STM32F1xx_HAL_Driver/Src/stm32f1xx_hal.o
                0x0000000008002068                HAL_GetTick
 .text.HAL_Delay
                0x000000000800207c       0x48 ./Drivers/STM32F1xx_HAL_Driver/Src/stm32f1xx_hal.o
                0x000000000800207c                HAL_Delay
 .text.HAL_CAN_Init
                0x00000000080020c4      0x1f6 ./Drivers/STM32F1xx_HAL_Driver/Src/stm32f1xx_hal_can.o
                0x00000000080020c4                HAL_CAN_Init
 .text.HAL_CAN_ConfigFilter
                0x00000000080022ba      0x192 ./Drivers/STM32F1xx_HAL_Driver/Src/stm32f1xx_hal_can.o
                0x00000000080022ba                HAL_CAN_ConfigFilter
 .text.HAL_CAN_Start
                0x000000000800244c       0x88 ./Drivers/STM32F1xx_HAL_Driver/Src/stm32f1xx_hal_can.o
                0x000000000800244c                HAL_CAN_Start
 .text.HAL_CAN_AddTxMessage
                0x00000000080024d4      0x19e ./Drivers/STM32F1xx_HAL_Driver/Src/stm32f1xx_hal_can.o
                0x00000000080024d4                HAL_CAN_AddTxMessage
 .text.HAL_CAN_GetRxMessage
                0x0000000008002672      0x242 ./Drivers/STM32F1xx_HAL_Driver/Src/stm32f1xx_hal_can.o
                0x0000000008002672                HAL_CAN_GetRxMessage
 .text.HAL_CAN_ActivateNotification
                0x00000000080028b4       0x4a ./Drivers/STM32F1xx_HAL_Driver/Src/stm32f1xx_hal_can.o
                0x00000000080028b4                HAL_CAN_ActivateNotification
 .text.HAL_CAN_IRQHandler
                0x00000000080028fe      0x36e ./Drivers/STM32F1xx_HAL_Driver/Src/stm32f1xx_hal_can.o
                0x00000000080028fe                HAL_CAN_IRQHandler
 .text.HAL_CAN_TxMailbox0CompleteCallback
                0x0000000008002c6c       0x12 ./Drivers/STM32F1xx_HAL_Driver/Src/stm32f1xx_hal_can.o
                0x0000000008002c6c                HAL_CAN_TxMailbox0CompleteCallback
 .text.HAL_CAN_TxMailbox1CompleteCallback
                0x0000000008002c7e       0x12 ./Drivers/STM32F1xx_HAL_Driver/Src/stm32f1xx_hal_can.o
                0x0000000008002c7e                HAL_CAN_TxMailbox1CompleteCallback
 .text.HAL_CAN_TxMailbox2CompleteCallback
                0x0000000008002c90       0x12 ./Drivers/STM32F1xx_HAL_Driver/Src/stm32f1xx_hal_can.o
                0x0000000008002c90                HAL_CAN_TxMailbox2CompleteCallback
 .text.HAL_CAN_TxMailbox0AbortCallback
                0x0000000008002ca2       0x12 ./Drivers/STM32F1xx_HAL_Driver/Src/stm32f1xx_hal_can.o
                0x0000000008002ca2                HAL_CAN_TxMailbox0AbortCallback
 .text.HAL_CAN_TxMailbox1AbortCallback
                0x0000000008002cb4       0x12 ./Drivers/STM32F1xx_HAL_Driver/Src/stm32f1xx_hal_can.o
                0x0000000008002cb4                HAL_CAN_TxMailbox1AbortCallback
 .text.HAL_CAN_TxMailbox2AbortCallback
                0x0000000008002cc6       0x12 ./Drivers/STM32F1xx_HAL_Driver/Src/stm32f1xx_hal_can.o
                0x0000000008002cc6                HAL_CAN_TxMailbox2AbortCallback
 .text.HAL_CAN_RxFifo0FullCallback
                0x0000000008002cd8       0x12 ./Drivers/STM32F1xx_HAL_Driver/Src/stm32f1xx_hal_can.o
                0x0000000008002cd8                HAL_CAN_RxFifo0FullCallback
 .text.HAL_CAN_RxFifo1MsgPendingCallback
                0x0000000008002cea       0x12 ./Drivers/STM32F1xx_HAL_Driver/Src/stm32f1xx_hal_can.o
                0x0000000008002cea                HAL_CAN_RxFifo1MsgPendingCallback
 .text.HAL_CAN_RxFifo1FullCallback
                0x0000000008002cfc       0x12 ./Drivers/STM32F1xx_HAL_Driver/Src/stm32f1xx_hal_can.o
                0x0000000008002cfc                HAL_CAN_RxFifo1FullCallback
 .text.HAL_CAN_SleepCallback
                0x0000000008002d0e       0x12 ./Drivers/STM32F1xx_HAL_Driver/Src/stm32f1xx_hal_can.o
                0x0000000008002d0e                HAL_CAN_SleepCallback
 .text.HAL_CAN_WakeUpFromRxMsgCallback
                0x0000000008002d20       0x12 ./Drivers/STM32F1xx_HAL_Driver/Src/stm32f1xx_hal_can.o
                0x0000000008002d20                HAL_CAN_WakeUpFromRxMsgCallback
 .text.HAL_CAN_ErrorCallback
                0x0000000008002d32       0x12 ./Drivers/STM32F1xx_HAL_Driver/Src/stm32f1xx_hal_can.o
                0x0000000008002d32                HAL_CAN_ErrorCallback
 .text.__NVIC_SetPriorityGrouping
                0x0000000008002d44       0x48 ./Drivers/STM32F1xx_HAL_Driver/Src/stm32f1xx_hal_cortex.o
 .text.__NVIC_GetPriorityGrouping
                0x0000000008002d8c       0x1c ./Drivers/STM32F1xx_HAL_Driver/Src/stm32f1xx_hal_cortex.o
 .text.__NVIC_EnableIRQ
                0x0000000008002da8       0x38 ./Drivers/STM32F1xx_HAL_Driver/Src/stm32f1xx_hal_cortex.o
 .text.__NVIC_SetPriority
                0x0000000008002de0       0x54 ./Drivers/STM32F1xx_HAL_Driver/Src/stm32f1xx_hal_cortex.o
 .text.NVIC_EncodePriority
                0x0000000008002e34       0x64 ./Drivers/STM32F1xx_HAL_Driver/Src/stm32f1xx_hal_cortex.o
 .text.SysTick_Config
                0x0000000008002e98       0x44 ./Drivers/STM32F1xx_HAL_Driver/Src/stm32f1xx_hal_cortex.o
 .text.HAL_NVIC_SetPriorityGrouping
                0x0000000008002edc       0x16 ./Drivers/STM32F1xx_HAL_Driver/Src/stm32f1xx_hal_cortex.o
                0x0000000008002edc                HAL_NVIC_SetPriorityGrouping
 .text.HAL_NVIC_SetPriority
                0x0000000008002ef2       0x38 ./Drivers/STM32F1xx_HAL_Driver/Src/stm32f1xx_hal_cortex.o
                0x0000000008002ef2                HAL_NVIC_SetPriority
 .text.HAL_NVIC_EnableIRQ
                0x0000000008002f2a       0x1c ./Drivers/STM32F1xx_HAL_Driver/Src/stm32f1xx_hal_cortex.o
                0x0000000008002f2a                HAL_NVIC_EnableIRQ
 .text.HAL_SYSTICK_Config
                0x0000000008002f46       0x18 ./Drivers/STM32F1xx_HAL_Driver/Src/stm32f1xx_hal_cortex.o
                0x0000000008002f46                HAL_SYSTICK_Config
 *fill*         0x0000000008002f5e        0x2 
 .text.HAL_GPIO_Init
                0x0000000008002f60      0x308 ./Drivers/STM32F1xx_HAL_Driver/Src/stm32f1xx_hal_gpio.o
                0x0000000008002f60                HAL_GPIO_Init
 .text.HAL_GPIO_WritePin
                0x0000000008003268       0x30 ./Drivers/STM32F1xx_HAL_Driver/Src/stm32f1xx_hal_gpio.o
                0x0000000008003268                HAL_GPIO_WritePin
 .text.HAL_GPIO_EXTI_IRQHandler
                0x0000000008003298       0x30 ./Drivers/STM32F1xx_HAL_Driver/Src/stm32f1xx_hal_gpio.o
                0x0000000008003298                HAL_GPIO_EXTI_IRQHandler
 .text.HAL_I2C_Init
                0x00000000080032c8      0x288 ./Drivers/STM32F1xx_HAL_Driver/Src/stm32f1xx_hal_i2c.o
                0x00000000080032c8                HAL_I2C_Init
 .text.HAL_I2C_Mem_Read
                0x0000000008003550      0x4d0 ./Drivers/STM32F1xx_HAL_Driver/Src/stm32f1xx_hal_i2c.o
                0x0000000008003550                HAL_I2C_Mem_Read
 .text.I2C_RequestMemoryRead
                0x0000000008003a20      0x1d0 ./Drivers/STM32F1xx_HAL_Driver/Src/stm32f1xx_hal_i2c.o
 .text.I2C_WaitOnFlagUntilTimeout
                0x0000000008003bf0       0xf4 ./Drivers/STM32F1xx_HAL_Driver/Src/stm32f1xx_hal_i2c.o
 .text.I2C_WaitOnMasterAddressFlagUntilTimeout
                0x0000000008003ce4      0x140 ./Drivers/STM32F1xx_HAL_Driver/Src/stm32f1xx_hal_i2c.o
 .text.I2C_WaitOnTXEFlagUntilTimeout
                0x0000000008003e24       0x90 ./Drivers/STM32F1xx_HAL_Driver/Src/stm32f1xx_hal_i2c.o
 .text.I2C_WaitOnRXNEFlagUntilTimeout
                0x0000000008003eb4       0xba ./Drivers/STM32F1xx_HAL_Driver/Src/stm32f1xx_hal_i2c.o
 .text.I2C_IsAcknowledgeFailed
                0x0000000008003f6e       0x5c ./Drivers/STM32F1xx_HAL_Driver/Src/stm32f1xx_hal_i2c.o
 *fill*         0x0000000008003fca        0x2 
 .text.HAL_RCC_OscConfig
                0x0000000008003fcc      0x504 ./Drivers/STM32F1xx_HAL_Driver/Src/stm32f1xx_hal_rcc.o
                0x0000000008003fcc                HAL_RCC_OscConfig
 .text.HAL_RCC_ClockConfig
                0x00000000080044d0      0x1d4 ./Drivers/STM32F1xx_HAL_Driver/Src/stm32f1xx_hal_rcc.o
                0x00000000080044d0                HAL_RCC_ClockConfig
 .text.HAL_RCC_GetSysClockFreq
                0x00000000080046a4       0xa8 ./Drivers/STM32F1xx_HAL_Driver/Src/stm32f1xx_hal_rcc.o
                0x00000000080046a4                HAL_RCC_GetSysClockFreq
 .text.HAL_RCC_GetHCLKFreq
                0x000000000800474c       0x14 ./Drivers/STM32F1xx_HAL_Driver/Src/stm32f1xx_hal_rcc.o
                0x000000000800474c                HAL_RCC_GetHCLKFreq
 .text.HAL_RCC_GetPCLK1Freq
                0x0000000008004760       0x28 ./Drivers/STM32F1xx_HAL_Driver/Src/stm32f1xx_hal_rcc.o
                0x0000000008004760                HAL_RCC_GetPCLK1Freq
 .text.RCC_Delay
                0x0000000008004788       0x3c ./Drivers/STM32F1xx_HAL_Driver/Src/stm32f1xx_hal_rcc.o
 .text.HAL_TIM_Base_Init
                0x00000000080047c4       0x9e ./Drivers/STM32F1xx_HAL_Driver/Src/stm32f1xx_hal_tim.o
                0x00000000080047c4                HAL_TIM_Base_Init
 *fill*         0x0000000008004862        0x2 
 .text.HAL_TIM_Base_Start_IT
                0x0000000008004864       0xa4 ./Drivers/STM32F1xx_HAL_Driver/Src/stm32f1xx_hal_tim.o
                0x0000000008004864                HAL_TIM_Base_Start_IT
 .text.HAL_TIM_IRQHandler
                0x0000000008004908      0x210 ./Drivers/STM32F1xx_HAL_Driver/Src/stm32f1xx_hal_tim.o
                0x0000000008004908                HAL_TIM_IRQHandler
 .text.HAL_TIM_ConfigClockSource
                0x0000000008004b18      0x18e ./Drivers/STM32F1xx_HAL_Driver/Src/stm32f1xx_hal_tim.o
                0x0000000008004b18                HAL_TIM_ConfigClockSource
 .text.HAL_TIM_OC_DelayElapsedCallback
                0x0000000008004ca6       0x12 ./Drivers/STM32F1xx_HAL_Driver/Src/stm32f1xx_hal_tim.o
                0x0000000008004ca6                HAL_TIM_OC_DelayElapsedCallback
 .text.HAL_TIM_IC_CaptureCallback
                0x0000000008004cb8       0x12 ./Drivers/STM32F1xx_HAL_Driver/Src/stm32f1xx_hal_tim.o
                0x0000000008004cb8                HAL_TIM_IC_CaptureCallback
 .text.HAL_TIM_PWM_PulseFinishedCallback
                0x0000000008004cca       0x12 ./Drivers/STM32F1xx_HAL_Driver/Src/stm32f1xx_hal_tim.o
                0x0000000008004cca                HAL_TIM_PWM_PulseFinishedCallback
 .text.HAL_TIM_TriggerCallback
                0x0000000008004cdc       0x12 ./Drivers/STM32F1xx_HAL_Driver/Src/stm32f1xx_hal_tim.o
                0x0000000008004cdc                HAL_TIM_TriggerCallback
 *fill*         0x0000000008004cee        0x2 
 .text.TIM_Base_SetConfig
                0x0000000008004cf0       0xc4 ./Drivers/STM32F1xx_HAL_Driver/Src/stm32f1xx_hal_tim.o
                0x0000000008004cf0                TIM_Base_SetConfig
 .text.TIM_TI1_ConfigInputStage
                0x0000000008004db4       0x5c ./Drivers/STM32F1xx_HAL_Driver/Src/stm32f1xx_hal_tim.o
 .text.TIM_TI2_ConfigInputStage
                0x0000000008004e10       0x5e ./Drivers/STM32F1xx_HAL_Driver/Src/stm32f1xx_hal_tim.o
 .text.TIM_ITRx_SetConfig
                0x0000000008004e6e       0x34 ./Drivers/STM32F1xx_HAL_Driver/Src/stm32f1xx_hal_tim.o
 .text.TIM_ETR_SetConfig
                0x0000000008004ea2       0x3e ./Drivers/STM32F1xx_HAL_Driver/Src/stm32f1xx_hal_tim.o
                0x0000000008004ea2                TIM_ETR_SetConfig
 .text.HAL_TIMEx_MasterConfigSynchronization
                0x0000000008004ee0       0xbc ./Drivers/STM32F1xx_HAL_Driver/Src/stm32f1xx_hal_tim_ex.o
                0x0000000008004ee0                HAL_TIMEx_MasterConfigSynchronization
 .text.HAL_TIMEx_CommutCallback
                0x0000000008004f9c       0x12 ./Drivers/STM32F1xx_HAL_Driver/Src/stm32f1xx_hal_tim_ex.o
                0x0000000008004f9c                HAL_TIMEx_CommutCallback
 .text.HAL_TIMEx_BreakCallback
                0x0000000008004fae       0x12 ./Drivers/STM32F1xx_HAL_Driver/Src/stm32f1xx_hal_tim_ex.o
                0x0000000008004fae                HAL_TIMEx_BreakCallback
 .text.memset   0x0000000008004fc0       0x10 C:/ST/STM32CubeIDE_1.13.2/STM32CubeIDE/plugins/com.st.stm32cube.ide.mcu.externaltools.gnu-tools-for-stm32.11.3.rel1.win32_1.1.1.202309131626/tools/bin/../lib/gcc/arm-none-eabi/11.3.1/../../../../arm-none-eabi/lib/thumb/v7-m/nofp\libc_nano.a(libc_a-memset.o)
                0x0000000008004fc0                memset
 .text.__libc_init_array
                0x0000000008004fd0       0x48 C:/ST/STM32CubeIDE_1.13.2/STM32CubeIDE/plugins/com.st.stm32cube.ide.mcu.externaltools.gnu-tools-for-stm32.11.3.rel1.win32_1.1.1.202309131626/tools/bin/../lib/gcc/arm-none-eabi/11.3.1/../../../../arm-none-eabi/lib/thumb/v7-m/nofp\libc_nano.a(libc_a-init.o)
                0x0000000008004fd0                __libc_init_array
 *(.glue_7)
 .glue_7        0x0000000008005018        0x0 linker stubs
 *(.glue_7t)
 .glue_7t       0x0000000008005018        0x0 linker stubs
 *(.eh_frame)
 .eh_frame      0x0000000008005018        0x0 C:/ST/STM32CubeIDE_1.13.2/STM32CubeIDE/plugins/com.st.stm32cube.ide.mcu.externaltools.gnu-tools-for-stm32.11.3.rel1.win32_1.1.1.202309131626/tools/bin/../lib/gcc/arm-none-eabi/11.3.1/thumb/v7-m/nofp/crtbegin.o
 *(.init)
 .init          0x0000000008005018        0x4 C:/ST/STM32CubeIDE_1.13.2/STM32CubeIDE/plugins/com.st.stm32cube.ide.mcu.externaltools.gnu-tools-for-stm32.11.3.rel1.win32_1.1.1.202309131626/tools/bin/../lib/gcc/arm-none-eabi/11.3.1/thumb/v7-m/nofp/crti.o
                0x0000000008005018                _init
 .init          0x000000000800501c        0x8 C:/ST/STM32CubeIDE_1.13.2/STM32CubeIDE/plugins/com.st.stm32cube.ide.mcu.externaltools.gnu-tools-for-stm32.11.3.rel1.win32_1.1.1.202309131626/tools/bin/../lib/gcc/arm-none-eabi/11.3.1/thumb/v7-m/nofp/crtn.o
 *(.fini)
 .fini          0x0000000008005024        0x4 C:/ST/STM32CubeIDE_1.13.2/STM32CubeIDE/plugins/com.st.stm32cube.ide.mcu.externaltools.gnu-tools-for-stm32.11.3.rel1.win32_1.1.1.202309131626/tools/bin/../lib/gcc/arm-none-eabi/11.3.1/thumb/v7-m/nofp/crti.o
                0x0000000008005024                _fini
 .fini          0x0000000008005028        0x8 C:/ST/STM32CubeIDE_1.13.2/STM32CubeIDE/plugins/com.st.stm32cube.ide.mcu.externaltools.gnu-tools-for-stm32.11.3.rel1.win32_1.1.1.202309131626/tools/bin/../lib/gcc/arm-none-eabi/11.3.1/thumb/v7-m/nofp/crtn.o
                0x0000000008005030                . = ALIGN (0x4)
                0x0000000008005030                _etext = .

.vfp11_veneer   0x0000000008005030        0x0
 .vfp11_veneer  0x0000000008005030        0x0 linker stubs

.v4_bx          0x0000000008005030        0x0
 .v4_bx         0x0000000008005030        0x0 linker stubs

.iplt           0x0000000008005030        0x0
 .iplt          0x0000000008005030        0x0 C:/ST/STM32CubeIDE_1.13.2/STM32CubeIDE/plugins/com.st.stm32cube.ide.mcu.externaltools.gnu-tools-for-stm32.11.3.rel1.win32_1.1.1.202309131626/tools/bin/../lib/gcc/arm-none-eabi/11.3.1/thumb/v7-m/nofp/crtbegin.o

.rodata         0x0000000008005030      0x1f0
                0x0000000008005030                . = ALIGN (0x4)
 *(.rodata)
 .rodata        0x0000000008005030       0x4a ./Core/Src/main.o
 *(.rodata*)
 *fill*         0x000000000800507a        0x2 
 .rodata.persentage
                0x000000000800507c        0x5 ./Core/Src/ST7565P.o
                0x000000000800507c                persentage
 *fill*         0x0000000008005081        0x3 
 .rodata.digit  0x0000000008005084       0x3c ./Core/Src/ST7565P.o
                0x0000000008005084                digit
 .rodata.alphabet
                0x00000000080050c0      0x131 ./Core/Src/ST7565P.o
                0x00000000080050c0                alphabet
 *fill*         0x00000000080051f1        0x3 
 .rodata.AHBPrescTable
                0x00000000080051f4       0x10 ./Core/Src/system_stm32f1xx.o
                0x00000000080051f4                AHBPrescTable
 .rodata.APBPrescTable
                0x0000000008005204        0x8 ./Core/Src/system_stm32f1xx.o
                0x0000000008005204                APBPrescTable
 .rodata.aPLLMULFactorTable.1
                0x000000000800520c       0x10 ./Drivers/STM32F1xx_HAL_Driver/Src/stm32f1xx_hal_rcc.o
 .rodata.aPredivFactorTable.0
                0x000000000800521c        0x2 ./Drivers/STM32F1xx_HAL_Driver/Src/stm32f1xx_hal_rcc.o
                0x0000000008005220                . = ALIGN (0x4)
 *fill*         0x000000000800521e        0x2 

.rel.dyn        0x0000000008005220        0x0
 .rel.iplt      0x0000000008005220        0x0 C:/ST/STM32CubeIDE_1.13.2/STM32CubeIDE/plugins/com.st.stm32cube.ide.mcu.externaltools.gnu-tools-for-stm32.11.3.rel1.win32_1.1.1.202309131626/tools/bin/../lib/gcc/arm-none-eabi/11.3.1/thumb/v7-m/nofp/crtbegin.o

.ARM.extab      0x0000000008005220        0x0
                0x0000000008005220                . = ALIGN (0x4)
 *(.ARM.extab* .gnu.linkonce.armextab.*)
                0x0000000008005220                . = ALIGN (0x4)

.ARM            0x0000000008005220        0x0
                0x0000000008005220                . = ALIGN (0x4)
                0x0000000008005220                __exidx_start = .
 *(.ARM.exidx*)
                0x0000000008005220                __exidx_end = .
                0x0000000008005220                . = ALIGN (0x4)

.preinit_array  0x0000000008005220        0x0
                0x0000000008005220                . = ALIGN (0x4)
                0x0000000008005220                PROVIDE (__preinit_array_start = .)
 *(.preinit_array*)
                0x0000000008005220                PROVIDE (__preinit_array_end = .)
                0x0000000008005220                . = ALIGN (0x4)

.init_array     0x0000000008005220        0x4
                0x0000000008005220                . = ALIGN (0x4)
                0x0000000008005220                PROVIDE (__init_array_start = .)
 *(SORT_BY_NAME(.init_array.*))
 *(.init_array*)
 .init_array    0x0000000008005220        0x4 C:/ST/STM32CubeIDE_1.13.2/STM32CubeIDE/plugins/com.st.stm32cube.ide.mcu.externaltools.gnu-tools-for-stm32.11.3.rel1.win32_1.1.1.202309131626/tools/bin/../lib/gcc/arm-none-eabi/11.3.1/thumb/v7-m/nofp/crtbegin.o
                0x0000000008005224                PROVIDE (__init_array_end = .)
                0x0000000008005224                . = ALIGN (0x4)

.fini_array     0x0000000008005224        0x4
                0x0000000008005224                . = ALIGN (0x4)
                [!provide]                        PROVIDE (__fini_array_start = .)
 *(SORT_BY_NAME(.fini_array.*))
 *(.fini_array*)
 .fini_array    0x0000000008005224        0x4 C:/ST/STM32CubeIDE_1.13.2/STM32CubeIDE/plugins/com.st.stm32cube.ide.mcu.externaltools.gnu-tools-for-stm32.11.3.rel1.win32_1.1.1.202309131626/tools/bin/../lib/gcc/arm-none-eabi/11.3.1/thumb/v7-m/nofp/crtbegin.o
                [!provide]                        PROVIDE (__fini_array_end = .)
                0x0000000008005228                . = ALIGN (0x4)
                0x0000000008005228                _sidata = LOADADDR (.data)

.data           0x0000000020000000      0x440 load address 0x0000000008005228
                0x0000000020000000                . = ALIGN (0x4)
                0x0000000020000000                _sdata = .
 *(.data)
 *(.data*)
 .data.intro1   0x0000000020000000      0x400 ./Core/Src/ST7565P.o
                0x0000000020000000                intro1
 .data.first_time
                0x0000000020000400        0x1 ./Core/Src/main.o
                0x0000000020000400                first_time
 *fill*         0x0000000020000401        0x1 
 .data.calib_reg
                0x0000000020000402        0x2 ./Core/Src/main.o
                0x0000000020000402                calib_reg
 .data.print_delay
                0x0000000020000404        0x2 ./Core/Src/main.o
                0x0000000020000404                print_delay
 *fill*         0x0000000020000406        0x2 
 .data.BMS_ID   0x0000000020000408       0x2c ./Core/Src/main.o
                0x0000000020000408                BMS_ID
 .data.SystemCoreClock
                0x0000000020000434        0x4 ./Core/Src/system_stm32f1xx.o
                0x0000000020000434                SystemCoreClock
 .data.uwTickPrio
                0x0000000020000438        0x4 ./Drivers/STM32F1xx_HAL_Driver/Src/stm32f1xx_hal.o
                0x0000000020000438                uwTickPrio
 .data.uwTickFreq
                0x000000002000043c        0x1 ./Drivers/STM32F1xx_HAL_Driver/Src/stm32f1xx_hal.o
                0x000000002000043c                uwTickFreq
 *(.RamFunc)
 *(.RamFunc*)
                0x0000000020000440                . = ALIGN (0x4)
 *fill*         0x000000002000043d        0x3 
                0x0000000020000440                _edata = .

.igot.plt       0x0000000020000440        0x0 load address 0x0000000008005668
 .igot.plt      0x0000000020000440        0x0 C:/ST/STM32CubeIDE_1.13.2/STM32CubeIDE/plugins/com.st.stm32cube.ide.mcu.externaltools.gnu-tools-for-stm32.11.3.rel1.win32_1.1.1.202309131626/tools/bin/../lib/gcc/arm-none-eabi/11.3.1/thumb/v7-m/nofp/crtbegin.o
                0x0000000020000440                . = ALIGN (0x4)

.bss            0x0000000020000440      0x998 load address 0x0000000008005668
                0x0000000020000440                _sbss = .
                0x0000000020000440                __bss_start__ = _sbss
 *(.bss)
 .bss           0x0000000020000440       0x1c C:/ST/STM32CubeIDE_1.13.2/STM32CubeIDE/plugins/com.st.stm32cube.ide.mcu.externaltools.gnu-tools-for-stm32.11.3.rel1.win32_1.1.1.202309131626/tools/bin/../lib/gcc/arm-none-eabi/11.3.1/thumb/v7-m/nofp/crtbegin.o
 *(.bss*)
 .bss.lcd_temp_ram
                0x000000002000045c      0x400 ./Core/Src/ST7565P.o
                0x000000002000045c                lcd_temp_ram
 .bss.lcd_temp_ram_1
                0x000000002000085c      0x400 ./Core/Src/ST7565P.o
                0x000000002000085c                lcd_temp_ram_1
 .bss.print_value_int
                0x0000000020000c5c        0x1 ./Core/Src/ST7565P.o
                0x0000000020000c5c                print_value_int
 *fill*         0x0000000020000c5d        0x3 
 .bss.Received_Data
                0x0000000020000c60        0x8 ./Core/Src/main.o
                0x0000000020000c60                Received_Data
 .bss.BMS       0x0000000020000c68       0x40 ./Core/Src/main.o
                0x0000000020000c68                BMS
 .bss.hcan      0x0000000020000ca8       0x28 ./Core/Src/main.o
                0x0000000020000ca8                hcan
 .bss.hi2c1     0x0000000020000cd0       0x54 ./Core/Src/main.o
                0x0000000020000cd0                hi2c1
 .bss.htim2     0x0000000020000d24       0x48 ./Core/Src/main.o
                0x0000000020000d24                htim2
 .bss.timerCounter
                0x0000000020000d6c        0x2 ./Core/Src/main.o
                0x0000000020000d6c                timerCounter
 .bss.m_sec     0x0000000020000d6e        0x2 ./Core/Src/main.o
                0x0000000020000d6e                m_sec
 .bss.Tx_count  0x0000000020000d70        0x1 ./Core/Src/main.o
                0x0000000020000d70                Tx_count
 *fill*         0x0000000020000d71        0x3 
 .bss.Transmit_Data
                0x0000000020000d74        0x1 ./Core/Src/main.o
                0x0000000020000d74                Transmit_Data
 *fill*         0x0000000020000d75        0x3 
 .bss.Rx_Id     0x0000000020000d78        0x4 ./Core/Src/main.o
                0x0000000020000d78                Rx_Id
 .bss.TxMailBox
                0x0000000020000d7c        0x4 ./Core/Src/main.o
                0x0000000020000d7c                TxMailBox
 .bss.speed_count
                0x0000000020000d80        0x4 ./Core/Src/main.o
                0x0000000020000d80                speed_count
 .bss.speed_count_temp
                0x0000000020000d84        0x4 ./Core/Src/main.o
                0x0000000020000d84                speed_count_temp
 .bss.after_sec
                0x0000000020000d88        0x1 ./Core/Src/main.o
                0x0000000020000d88                after_sec
 *fill*         0x0000000020000d89        0x3 
 .bss.Odo_Read  0x0000000020000d8c        0x3 ./Core/Src/main.o
                0x0000000020000d8c                Odo_Read
 .bss.print_state
                0x0000000020000d8f        0x1 ./Core/Src/main.o
                0x0000000020000d8f                print_state
 .bss.Range     0x0000000020000d90        0x8 ./Core/Src/main.o
                0x0000000020000d90                Range
 .bss.calib_read
                0x0000000020000d98        0x4 ./Core/Src/main.o
                0x0000000020000d98                calib_read
 .bss.TxHeader  0x0000000020000d9c       0x18 ./Core/Src/main.o
                0x0000000020000d9c                TxHeader
 .bss.RxHeader  0x0000000020000db4       0x1c ./Core/Src/main.o
                0x0000000020000db4                RxHeader
 .bss.timer_sec_1
                0x0000000020000dd0        0x2 ./Core/Src/main.o
                0x0000000020000dd0                timer_sec_1
 *fill*         0x0000000020000dd2        0x2 
 .bss.uwTick    0x0000000020000dd4        0x4 ./Drivers/STM32F1xx_HAL_Driver/Src/stm32f1xx_hal.o
                0x0000000020000dd4                uwTick
 *(COMMON)
                0x0000000020000dd8                . = ALIGN (0x4)
                0x0000000020000dd8                _ebss = .
                0x0000000020000dd8                __bss_end__ = _ebss

._user_heap_stack
                0x0000000020000dd8      0x600 load address 0x0000000008005668
                0x0000000020000dd8                . = ALIGN (0x8)
                [!provide]                        PROVIDE (end = .)
                0x0000000020000dd8                PROVIDE (_end = .)
                0x0000000020000fd8                . = (. + _Min_Heap_Size)
 *fill*         0x0000000020000dd8      0x200 
                0x00000000200013d8                . = (. + _Min_Stack_Size)
 *fill*         0x0000000020000fd8      0x400 
                0x00000000200013d8                . = ALIGN (0x8)

/DISCARD/
 libc.a(*)
 libm.a(*)
 libgcc.a(*)

.ARM.attributes
                0x0000000000000000       0x29
 *(.ARM.attributes)
 .ARM.attributes
                0x0000000000000000       0x1d C:/ST/STM32CubeIDE_1.13.2/STM32CubeIDE/plugins/com.st.stm32cube.ide.mcu.externaltools.gnu-tools-for-stm32.11.3.rel1.win32_1.1.1.202309131626/tools/bin/../lib/gcc/arm-none-eabi/11.3.1/thumb/v7-m/nofp/crti.o
 .ARM.attributes
                0x000000000000001d       0x2d C:/ST/STM32CubeIDE_1.13.2/STM32CubeIDE/plugins/com.st.stm32cube.ide.mcu.externaltools.gnu-tools-for-stm32.11.3.rel1.win32_1.1.1.202309131626/tools/bin/../lib/gcc/arm-none-eabi/11.3.1/thumb/v7-m/nofp/crtbegin.o
 .ARM.attributes
                0x000000000000004a       0x2d ./Core/Src/ST7565P.o
 .ARM.attributes
                0x0000000000000077       0x2d ./Core/Src/main.o
 .ARM.attributes
                0x00000000000000a4       0x2d ./Core/Src/stm32f1xx_hal_msp.o
 .ARM.attributes
                0x00000000000000d1       0x2d ./Core/Src/stm32f1xx_it.o
 .ARM.attributes
                0x00000000000000fe       0x2d ./Core/Src/system_stm32f1xx.o
 .ARM.attributes
                0x000000000000012b       0x21 ./Core/Startup/startup_stm32f103c8tx.o
 .ARM.attributes
                0x000000000000014c       0x2d ./Drivers/STM32F1xx_HAL_Driver/Src/stm32f1xx_hal.o
 .ARM.attributes
                0x0000000000000179       0x2d ./Drivers/STM32F1xx_HAL_Driver/Src/stm32f1xx_hal_can.o
 .ARM.attributes
                0x00000000000001a6       0x2d ./Drivers/STM32F1xx_HAL_Driver/Src/stm32f1xx_hal_cortex.o
 .ARM.attributes
                0x00000000000001d3       0x2d ./Drivers/STM32F1xx_HAL_Driver/Src/stm32f1xx_hal_gpio.o
 .ARM.attributes
                0x0000000000000200       0x2d ./Drivers/STM32F1xx_HAL_Driver/Src/stm32f1xx_hal_i2c.o
 .ARM.attributes
                0x000000000000022d       0x2d ./Drivers/STM32F1xx_HAL_Driver/Src/stm32f1xx_hal_rcc.o
 .ARM.attributes
                0x000000000000025a       0x2d ./Drivers/STM32F1xx_HAL_Driver/Src/stm32f1xx_hal_tim.o
 .ARM.attributes
                0x0000000000000287       0x2d ./Drivers/STM32F1xx_HAL_Driver/Src/stm32f1xx_hal_tim_ex.o
 .ARM.attributes
                0x00000000000002b4       0x2d C:/ST/STM32CubeIDE_1.13.2/STM32CubeIDE/plugins/com.st.stm32cube.ide.mcu.externaltools.gnu-tools-for-stm32.11.3.rel1.win32_1.1.1.202309131626/tools/bin/../lib/gcc/arm-none-eabi/11.3.1/../../../../arm-none-eabi/lib/thumb/v7-m/nofp\libc_nano.a(libc_a-memset.o)
 .ARM.attributes
                0x00000000000002e1       0x2d C:/ST/STM32CubeIDE_1.13.2/STM32CubeIDE/plugins/com.st.stm32cube.ide.mcu.externaltools.gnu-tools-for-stm32.11.3.rel1.win32_1.1.1.202309131626/tools/bin/../lib/gcc/arm-none-eabi/11.3.1/../../../../arm-none-eabi/lib/thumb/v7-m/nofp\libc_nano.a(libc_a-init.o)
 .ARM.attributes
                0x000000000000030e       0x1d C:/ST/STM32CubeIDE_1.13.2/STM32CubeIDE/plugins/com.st.stm32cube.ide.mcu.externaltools.gnu-tools-for-stm32.11.3.rel1.win32_1.1.1.202309131626/tools/bin/../lib/gcc/arm-none-eabi/11.3.1/thumb/v7-m/nofp/crtn.o
OUTPUT(CLUSTERPROJECT.elf elf32-littlearm)
LOAD linker stubs
LOAD C:/ST/STM32CubeIDE_1.13.2/STM32CubeIDE/plugins/com.st.stm32cube.ide.mcu.externaltools.gnu-tools-for-stm32.11.3.rel1.win32_1.1.1.202309131626/tools/bin/../lib/gcc/arm-none-eabi/11.3.1/../../../../arm-none-eabi/lib/thumb/v7-m/nofp\libc.a
LOAD C:/ST/STM32CubeIDE_1.13.2/STM32CubeIDE/plugins/com.st.stm32cube.ide.mcu.externaltools.gnu-tools-for-stm32.11.3.rel1.win32_1.1.1.202309131626/tools/bin/../lib/gcc/arm-none-eabi/11.3.1/../../../../arm-none-eabi/lib/thumb/v7-m/nofp\libm.a
LOAD C:/ST/STM32CubeIDE_1.13.2/STM32CubeIDE/plugins/com.st.stm32cube.ide.mcu.externaltools.gnu-tools-for-stm32.11.3.rel1.win32_1.1.1.202309131626/tools/bin/../lib/gcc/arm-none-eabi/11.3.1/thumb/v7-m/nofp\libgcc.a

.comment        0x0000000000000000       0x43
 .comment       0x0000000000000000       0x43 C:/ST/STM32CubeIDE_1.13.2/STM32CubeIDE/plugins/com.st.stm32cube.ide.mcu.externaltools.gnu-tools-for-stm32.11.3.rel1.win32_1.1.1.202309131626/tools/bin/../lib/gcc/arm-none-eabi/11.3.1/thumb/v7-m/nofp/crtbegin.o
                                         0x44 (size before relaxing)
 .comment       0x0000000000000043       0x44 ./Core/Src/ST7565P.o
 .comment       0x0000000000000043       0x44 ./Core/Src/main.o
 .comment       0x0000000000000043       0x44 ./Core/Src/stm32f1xx_hal_msp.o
 .comment       0x0000000000000043       0x44 ./Core/Src/stm32f1xx_it.o
 .comment       0x0000000000000043       0x44 ./Core/Src/system_stm32f1xx.o
 .comment       0x0000000000000043       0x44 ./Drivers/STM32F1xx_HAL_Driver/Src/stm32f1xx_hal.o
 .comment       0x0000000000000043       0x44 ./Drivers/STM32F1xx_HAL_Driver/Src/stm32f1xx_hal_can.o
 .comment       0x0000000000000043       0x44 ./Drivers/STM32F1xx_HAL_Driver/Src/stm32f1xx_hal_cortex.o
 .comment       0x0000000000000043       0x44 ./Drivers/STM32F1xx_HAL_Driver/Src/stm32f1xx_hal_gpio.o
 .comment       0x0000000000000043       0x44 ./Drivers/STM32F1xx_HAL_Driver/Src/stm32f1xx_hal_i2c.o
 .comment       0x0000000000000043       0x44 ./Drivers/STM32F1xx_HAL_Driver/Src/stm32f1xx_hal_rcc.o
 .comment       0x0000000000000043       0x44 ./Drivers/STM32F1xx_HAL_Driver/Src/stm32f1xx_hal_tim.o
 .comment       0x0000000000000043       0x44 ./Drivers/STM32F1xx_HAL_Driver/Src/stm32f1xx_hal_tim_ex.o

.debug_info     0x0000000000000000     0xe8e3
 .debug_info    0x0000000000000000      0xcc9 ./Core/Src/ST7565P.o
 .debug_info    0x0000000000000cc9     0x2c2f ./Core/Src/main.o
 .debug_info    0x00000000000038f8     0x11de ./Core/Src/stm32f1xx_hal_msp.o
 .debug_info    0x0000000000004ad6      0xaab ./Core/Src/stm32f1xx_it.o
 .debug_info    0x0000000000005581      0x222 ./Core/Src/system_stm32f1xx.o
 .debug_info    0x00000000000057a3       0x23 ./Core/Startup/startup_stm32f103c8tx.o
 .debug_info    0x00000000000057c6      0x704 ./Drivers/STM32F1xx_HAL_Driver/Src/stm32f1xx_hal.o
 .debug_info    0x0000000000005eca      0xf27 ./Drivers/STM32F1xx_HAL_Driver/Src/stm32f1xx_hal_can.o
 .debug_info    0x0000000000006df1      0xa87 ./Drivers/STM32F1xx_HAL_Driver/Src/stm32f1xx_hal_cortex.o
 .debug_info    0x0000000000007878      0x5ab ./Drivers/STM32F1xx_HAL_Driver/Src/stm32f1xx_hal_gpio.o
 .debug_info    0x0000000000007e23     0x2515 ./Drivers/STM32F1xx_HAL_Driver/Src/stm32f1xx_hal_i2c.o
 .debug_info    0x000000000000a338      0x7d5 ./Drivers/STM32F1xx_HAL_Driver/Src/stm32f1xx_hal_rcc.o
 .debug_info    0x000000000000ab0d     0x293b ./Drivers/STM32F1xx_HAL_Driver/Src/stm32f1xx_hal_tim.o
 .debug_info    0x000000000000d448     0x149b ./Drivers/STM32F1xx_HAL_Driver/Src/stm32f1xx_hal_tim_ex.o

.debug_abbrev   0x0000000000000000     0x2002
 .debug_abbrev  0x0000000000000000      0x2b6 ./Core/Src/ST7565P.o
 .debug_abbrev  0x00000000000002b6      0x4a1 ./Core/Src/main.o
 .debug_abbrev  0x0000000000000757      0x21a ./Core/Src/stm32f1xx_hal_msp.o
 .debug_abbrev  0x0000000000000971      0x201 ./Core/Src/stm32f1xx_it.o
 .debug_abbrev  0x0000000000000b72      0x13f ./Core/Src/system_stm32f1xx.o
 .debug_abbrev  0x0000000000000cb1       0x12 ./Core/Startup/startup_stm32f103c8tx.o
 .debug_abbrev  0x0000000000000cc3      0x201 ./Drivers/STM32F1xx_HAL_Driver/Src/stm32f1xx_hal.o
 .debug_abbrev  0x0000000000000ec4      0x22d ./Drivers/STM32F1xx_HAL_Driver/Src/stm32f1xx_hal_can.o
 .debug_abbrev  0x00000000000010f1      0x2f8 ./Drivers/STM32F1xx_HAL_Driver/Src/stm32f1xx_hal_cortex.o
 .debug_abbrev  0x00000000000013e9      0x1ca ./Drivers/STM32F1xx_HAL_Driver/Src/stm32f1xx_hal_gpio.o
 .debug_abbrev  0x00000000000015b3      0x2a3 ./Drivers/STM32F1xx_HAL_Driver/Src/stm32f1xx_hal_i2c.o
 .debug_abbrev  0x0000000000001856      0x2b3 ./Drivers/STM32F1xx_HAL_Driver/Src/stm32f1xx_hal_rcc.o
 .debug_abbrev  0x0000000000001b09      0x277 ./Drivers/STM32F1xx_HAL_Driver/Src/stm32f1xx_hal_tim.o
 .debug_abbrev  0x0000000000001d80      0x282 ./Drivers/STM32F1xx_HAL_Driver/Src/stm32f1xx_hal_tim_ex.o

.debug_aranges  0x0000000000000000      0xeb8
 .debug_aranges
                0x0000000000000000       0xa8 ./Core/Src/ST7565P.o
 .debug_aranges
                0x00000000000000a8      0x118 ./Core/Src/main.o
 .debug_aranges
                0x00000000000001c0       0x50 ./Core/Src/stm32f1xx_hal_msp.o
 .debug_aranges
                0x0000000000000210       0x78 ./Core/Src/stm32f1xx_it.o
 .debug_aranges
                0x0000000000000288       0x28 ./Core/Src/system_stm32f1xx.o
 .debug_aranges
                0x00000000000002b0       0x28 ./Core/Startup/startup_stm32f103c8tx.o
 .debug_aranges
                0x00000000000002d8       0xe0 ./Drivers/STM32F1xx_HAL_Driver/Src/stm32f1xx_hal.o
 .debug_aranges
                0x00000000000003b8      0x138 ./Drivers/STM32F1xx_HAL_Driver/Src/stm32f1xx_hal_can.o
 .debug_aranges
                0x00000000000004f0      0x100 ./Drivers/STM32F1xx_HAL_Driver/Src/stm32f1xx_hal_cortex.o
 .debug_aranges
                0x00000000000005f0       0x58 ./Drivers/STM32F1xx_HAL_Driver/Src/stm32f1xx_hal_gpio.o
 .debug_aranges
                0x0000000000000648      0x2a8 ./Drivers/STM32F1xx_HAL_Driver/Src/stm32f1xx_hal_i2c.o
 .debug_aranges
                0x00000000000008f0       0x90 ./Drivers/STM32F1xx_HAL_Driver/Src/stm32f1xx_hal_rcc.o
 .debug_aranges
                0x0000000000000980      0x3d0 ./Drivers/STM32F1xx_HAL_Driver/Src/stm32f1xx_hal_tim.o
 .debug_aranges
                0x0000000000000d50      0x168 ./Drivers/STM32F1xx_HAL_Driver/Src/stm32f1xx_hal_tim_ex.o

.debug_rnglists
                0x0000000000000000      0xb91
 .debug_rnglists
                0x0000000000000000       0x7f ./Core/Src/ST7565P.o
 .debug_rnglists
                0x000000000000007f       0xdf ./Core/Src/main.o
 .debug_rnglists
                0x000000000000015e       0x39 ./Core/Src/stm32f1xx_hal_msp.o
 .debug_rnglists
                0x0000000000000197       0x55 ./Core/Src/stm32f1xx_it.o
 .debug_rnglists
                0x00000000000001ec       0x1a ./Core/Src/system_stm32f1xx.o
 .debug_rnglists
                0x0000000000000206       0x19 ./Core/Startup/startup_stm32f103c8tx.o
 .debug_rnglists
                0x000000000000021f       0xa3 ./Drivers/STM32F1xx_HAL_Driver/Src/stm32f1xx_hal.o
 .debug_rnglists
                0x00000000000002c2       0xee ./Drivers/STM32F1xx_HAL_Driver/Src/stm32f1xx_hal_can.o
 .debug_rnglists
                0x00000000000003b0       0xbb ./Drivers/STM32F1xx_HAL_Driver/Src/stm32f1xx_hal_cortex.o
 .debug_rnglists
                0x000000000000046b       0x3f ./Drivers/STM32F1xx_HAL_Driver/Src/stm32f1xx_hal_gpio.o
 .debug_rnglists
                0x00000000000004aa      0x23c ./Drivers/STM32F1xx_HAL_Driver/Src/stm32f1xx_hal_i2c.o
 .debug_rnglists
                0x00000000000006e6       0x6c ./Drivers/STM32F1xx_HAL_Driver/Src/stm32f1xx_hal_rcc.o
 .debug_rnglists
                0x0000000000000752      0x31a ./Drivers/STM32F1xx_HAL_Driver/Src/stm32f1xx_hal_tim.o
 .debug_rnglists
                0x0000000000000a6c      0x125 ./Drivers/STM32F1xx_HAL_Driver/Src/stm32f1xx_hal_tim_ex.o

.debug_macro    0x0000000000000000    0x17497
 .debug_macro   0x0000000000000000      0x1c5 ./Core/Src/ST7565P.o
 .debug_macro   0x00000000000001c5      0xa9c ./Core/Src/ST7565P.o
 .debug_macro   0x0000000000000c61      0x221 ./Core/Src/ST7565P.o
 .debug_macro   0x0000000000000e82       0x2e ./Core/Src/ST7565P.o
 .debug_macro   0x0000000000000eb0       0x22 ./Core/Src/ST7565P.o
 .debug_macro   0x0000000000000ed2       0x22 ./Core/Src/ST7565P.o
 .debug_macro   0x0000000000000ef4       0x8e ./Core/Src/ST7565P.o
 .debug_macro   0x0000000000000f82       0x51 ./Core/Src/ST7565P.o
 .debug_macro   0x0000000000000fd3      0x103 ./Core/Src/ST7565P.o
 .debug_macro   0x00000000000010d6       0x6a ./Core/Src/ST7565P.o
 .debug_macro   0x0000000000001140      0x1df ./Core/Src/ST7565P.o
 .debug_macro   0x000000000000131f       0x1c ./Core/Src/ST7565P.o
 .debug_macro   0x000000000000133b       0x22 ./Core/Src/ST7565P.o
 .debug_macro   0x000000000000135d       0xbd ./Core/Src/ST7565P.o
 .debug_macro   0x000000000000141a      0xd23 ./Core/Src/ST7565P.o
 .debug_macro   0x000000000000213d     0xe09e ./Core/Src/ST7565P.o
 .debug_macro   0x00000000000101db       0x6d ./Core/Src/ST7565P.o
 .debug_macro   0x0000000000010248     0x348d ./Core/Src/ST7565P.o
 .debug_macro   0x00000000000136d5      0x174 ./Core/Src/ST7565P.o
 .debug_macro   0x0000000000013849       0x5c ./Core/Src/ST7565P.o
 .debug_macro   0x00000000000138a5      0x5bc ./Core/Src/ST7565P.o
 .debug_macro   0x0000000000013e61      0x289 ./Core/Src/ST7565P.o
 .debug_macro   0x00000000000140ea      0x1cb ./Core/Src/ST7565P.o
 .debug_macro   0x00000000000142b5      0x114 ./Core/Src/ST7565P.o
 .debug_macro   0x00000000000143c9      0x1b2 ./Core/Src/ST7565P.o
 .debug_macro   0x000000000001457b       0x27 ./Core/Src/ST7565P.o
 .debug_macro   0x00000000000145a2      0x136 ./Core/Src/ST7565P.o
 .debug_macro   0x00000000000146d8      0x1bc ./Core/Src/ST7565P.o
 .debug_macro   0x0000000000014894       0x34 ./Core/Src/ST7565P.o
 .debug_macro   0x00000000000148c8       0x3c ./Core/Src/ST7565P.o
 .debug_macro   0x0000000000014904      0x408 ./Core/Src/ST7565P.o
 .debug_macro   0x0000000000014d0c       0x57 ./Core/Src/ST7565P.o
 .debug_macro   0x0000000000014d63       0x87 ./Core/Src/ST7565P.o
 .debug_macro   0x0000000000014dea      0x240 ./Core/Src/ST7565P.o
 .debug_macro   0x000000000001502a      0x287 ./Core/Src/ST7565P.o
 .debug_macro   0x00000000000152b1      0x140 ./Core/Src/ST7565P.o
 .debug_macro   0x00000000000153f1      0x8ed ./Core/Src/ST7565P.o
 .debug_macro   0x0000000000015cde       0x83 ./Core/Src/ST7565P.o
 .debug_macro   0x0000000000015d61       0xb2 ./Core/Src/ST7565P.o
 .debug_macro   0x0000000000015e13       0xd6 ./Core/Src/ST7565P.o
 .debug_macro   0x0000000000015ee9      0x1d3 ./Core/Src/main.o
 .debug_macro   0x00000000000160bc       0x4c ./Core/Src/main.o
 .debug_macro   0x0000000000016108      0x1bc ./Core/Src/stm32f1xx_hal_msp.o
 .debug_macro   0x00000000000162c4      0x1c6 ./Core/Src/stm32f1xx_it.o
 .debug_macro   0x000000000001648a      0x1ad ./Core/Src/system_stm32f1xx.o
 .debug_macro   0x0000000000016637      0x1d1 ./Drivers/STM32F1xx_HAL_Driver/Src/stm32f1xx_hal.o
 .debug_macro   0x0000000000016808      0x1b5 ./Drivers/STM32F1xx_HAL_Driver/Src/stm32f1xx_hal_can.o
 .debug_macro   0x00000000000169bd      0x1ad ./Drivers/STM32F1xx_HAL_Driver/Src/stm32f1xx_hal_cortex.o
 .debug_macro   0x0000000000016b6a      0x218 ./Drivers/STM32F1xx_HAL_Driver/Src/stm32f1xx_hal_gpio.o
 .debug_macro   0x0000000000016d82      0x1fb ./Drivers/STM32F1xx_HAL_Driver/Src/stm32f1xx_hal_i2c.o
 .debug_macro   0x0000000000016f7d      0x1bf ./Drivers/STM32F1xx_HAL_Driver/Src/stm32f1xx_hal_rcc.o
 .debug_macro   0x000000000001713c      0x1ae ./Drivers/STM32F1xx_HAL_Driver/Src/stm32f1xx_hal_tim.o
 .debug_macro   0x00000000000172ea      0x1ad ./Drivers/STM32F1xx_HAL_Driver/Src/stm32f1xx_hal_tim_ex.o

.debug_line     0x0000000000000000    0x1043e
 .debug_line    0x0000000000000000      0xed7 ./Core/Src/ST7565P.o
 .debug_line    0x0000000000000ed7     0x156e ./Core/Src/main.o
 .debug_line    0x0000000000002445      0x7f0 ./Core/Src/stm32f1xx_hal_msp.o
 .debug_line    0x0000000000002c35      0x81d ./Core/Src/stm32f1xx_it.o
 .debug_line    0x0000000000003452      0x791 ./Core/Src/system_stm32f1xx.o
 .debug_line    0x0000000000003be3       0x78 ./Core/Startup/startup_stm32f103c8tx.o
 .debug_line    0x0000000000003c5b      0x9be ./Drivers/STM32F1xx_HAL_Driver/Src/stm32f1xx_hal.o
 .debug_line    0x0000000000004619     0x1165 ./Drivers/STM32F1xx_HAL_Driver/Src/stm32f1xx_hal_can.o
 .debug_line    0x000000000000577e      0xba6 ./Drivers/STM32F1xx_HAL_Driver/Src/stm32f1xx_hal_cortex.o
 .debug_line    0x0000000000006324      0xa57 ./Drivers/STM32F1xx_HAL_Driver/Src/stm32f1xx_hal_gpio.o
 .debug_line    0x0000000000006d7b     0x3b35 ./Drivers/STM32F1xx_HAL_Driver/Src/stm32f1xx_hal_i2c.o
 .debug_line    0x000000000000a8b0      0xdc7 ./Drivers/STM32F1xx_HAL_Driver/Src/stm32f1xx_hal_rcc.o
 .debug_line    0x000000000000b677     0x34aa ./Drivers/STM32F1xx_HAL_Driver/Src/stm32f1xx_hal_tim.o
 .debug_line    0x000000000000eb21     0x191d ./Drivers/STM32F1xx_HAL_Driver/Src/stm32f1xx_hal_tim_ex.o

.debug_str      0x0000000000000000    0x8a822
 .debug_str     0x0000000000000000    0x85971 ./Core/Src/ST7565P.o
                                      0x85cd8 (size before relaxing)
 .debug_str     0x0000000000085971     0x1f9a ./Core/Src/main.o
                                      0x87975 (size before relaxing)
 .debug_str     0x000000000008790b       0xf3 ./Core/Src/stm32f1xx_hal_msp.o
                                      0x864bc (size before relaxing)
 .debug_str     0x00000000000879fe      0x12d ./Core/Src/stm32f1xx_it.o
                                      0x85ee8 (size before relaxing)
 .debug_str     0x0000000000087b2b       0x7e ./Core/Src/system_stm32f1xx.o
                                      0x85466 (size before relaxing)
 .debug_str     0x0000000000087ba9       0x34 ./Core/Startup/startup_stm32f103c8tx.o
                                         0x99 (size before relaxing)
 .debug_str     0x0000000000087bdd      0x384 ./Drivers/STM32F1xx_HAL_Driver/Src/stm32f1xx_hal.o
                                      0x85b99 (size before relaxing)
 .debug_str     0x0000000000087f61      0x3d3 ./Drivers/STM32F1xx_HAL_Driver/Src/stm32f1xx_hal_can.o
                                      0x85c66 (size before relaxing)
 .debug_str     0x0000000000088334      0x26c ./Drivers/STM32F1xx_HAL_Driver/Src/stm32f1xx_hal_cortex.o
                                      0x85ae5 (size before relaxing)
 .debug_str     0x00000000000885a0      0x297 ./Drivers/STM32F1xx_HAL_Driver/Src/stm32f1xx_hal_gpio.o
                                      0x857ec (size before relaxing)
 .debug_str     0x0000000000088837      0xbad ./Drivers/STM32F1xx_HAL_Driver/Src/stm32f1xx_hal_i2c.o
                                      0x8652d (size before relaxing)
 .debug_str     0x00000000000893e4      0x209 ./Drivers/STM32F1xx_HAL_Driver/Src/stm32f1xx_hal_rcc.o
                                      0x85895 (size before relaxing)
 .debug_str     0x00000000000895ed      0xda2 ./Drivers/STM32F1xx_HAL_Driver/Src/stm32f1xx_hal_tim.o
                                      0x86887 (size before relaxing)
 .debug_str     0x000000000008a38f      0x493 ./Drivers/STM32F1xx_HAL_Driver/Src/stm32f1xx_hal_tim_ex.o
                                      0x860a3 (size before relaxing)

.debug_frame    0x0000000000000000     0x3ee4
 .debug_frame   0x0000000000000000      0x2b8 ./Core/Src/ST7565P.o
 .debug_frame   0x00000000000002b8      0x448 ./Core/Src/main.o
 .debug_frame   0x0000000000000700      0x110 ./Core/Src/stm32f1xx_hal_msp.o
 .debug_frame   0x0000000000000810      0x158 ./Core/Src/stm32f1xx_it.o
 .debug_frame   0x0000000000000968       0x58 ./Core/Src/system_stm32f1xx.o
 .debug_frame   0x00000000000009c0      0x334 ./Drivers/STM32F1xx_HAL_Driver/Src/stm32f1xx_hal.o
 .debug_frame   0x0000000000000cf4      0x5a0 ./Drivers/STM32F1xx_HAL_Driver/Src/stm32f1xx_hal_can.o
 .debug_frame   0x0000000000001294      0x428 ./Drivers/STM32F1xx_HAL_Driver/Src/stm32f1xx_hal_cortex.o
 .debug_frame   0x00000000000016bc      0x14c ./Drivers/STM32F1xx_HAL_Driver/Src/stm32f1xx_hal_gpio.o
 .debug_frame   0x0000000000001808      0xc84 ./Drivers/STM32F1xx_HAL_Driver/Src/stm32f1xx_hal_i2c.o
 .debug_frame   0x000000000000248c      0x218 ./Drivers/STM32F1xx_HAL_Driver/Src/stm32f1xx_hal_rcc.o
 .debug_frame   0x00000000000026a4     0x11bc ./Drivers/STM32F1xx_HAL_Driver/Src/stm32f1xx_hal_tim.o
 .debug_frame   0x0000000000003860      0x638 ./Drivers/STM32F1xx_HAL_Driver/Src/stm32f1xx_hal_tim_ex.o
 .debug_frame   0x0000000000003e98       0x20 C:/ST/STM32CubeIDE_1.13.2/STM32CubeIDE/plugins/com.st.stm32cube.ide.mcu.externaltools.gnu-tools-for-stm32.11.3.rel1.win32_1.1.1.202309131626/tools/bin/../lib/gcc/arm-none-eabi/11.3.1/../../../../arm-none-eabi/lib/thumb/v7-m/nofp\libc_nano.a(libc_a-memset.o)
 .debug_frame   0x0000000000003eb8       0x2c C:/ST/STM32CubeIDE_1.13.2/STM32CubeIDE/plugins/com.st.stm32cube.ide.mcu.externaltools.gnu-tools-for-stm32.11.3.rel1.win32_1.1.1.202309131626/tools/bin/../lib/gcc/arm-none-eabi/11.3.1/../../../../arm-none-eabi/lib/thumb/v7-m/nofp\libc_nano.a(libc_a-init.o)

.debug_line_str
                0x0000000000000000       0x8d
 .debug_line_str
                0x0000000000000000       0x8d ./Core/Startup/startup_stm32f103c8tx.o
                                         0xa5 (size before relaxing)
