../Core/Src/Daly_can_com_source.c:17:6:merge	16	static
../Core/Src/main.c:102:6:spi_transmit	16	static
../Core/Src/main.c:108:6:battery_voltage	8	static
../Core/Src/main.c:117:6:battery_soc	8	static
../Core/Src/main.c:125:6:BMS_CAN	8	static
../Core/Src/main.c:149:6:HAL_CAN_RxFifo0MsgPendingCallback	16	static
../Core/Src/main.c:162:5:main	16	static
../Core/Src/main.c:317:6:SystemClock_Config	88	static
../Core/Src/main.c:364:13:MX_ADC1_Init	24	static
../Core/Src/main.c:411:13:MX_CAN_Init	48	static
../Core/Src/main.c:464:13:MX_I2C1_Init	8	static
../Core/Src/main.c:498:13:MX_SPI1_Init	8	static
../Core/Src/main.c:536:13:MX_TIM2_Init	32	static
../Core/Src/main.c:581:13:MX_GPIO_Init	40	static
../Core/Src/main.c:663:6:HAL_TIM_PeriodElapsedCallback	16	static
../Core/Src/main.c:672:6:HAL_ADC_ConvCpltCallback	16	static
../Core/Src/main.c:682:6:Error_Handler	4	static,ignoring_inline_asm
