../Core/Src/Daly_can_com_source.c:17:6:merge	16	static
../Core/Src/main.c:159:6:parllel_transmit	16	static
../Core/Src/main.c:164:6:Split	16	static
../Core/Src/main.c:176:6:I2C_Write_EEPROM	16	static
../Core/Src/main.c:182:5:I2C_Read_EEPROM	16	static
../Core/Src/main.c:194:6:EEPROM_Write	32	static
../Core/Src/main.c:205:6:EEPROM_Read	32	static
../Core/Src/main.c:211:6:battery_voltage	8	static
../Core/Src/main.c:219:6:battery_current	8	static
../Core/Src/main.c:226:6:battery_cycle	8	static
../Core/Src/main.c:237:6:battery_temp	8	static
../Core/Src/main.c:323:6:battery_soc	8	static
../Core/Src/main.c:360:6:Gear_Status	8	static
../Core/Src/main.c:431:6:EEPROM_init	24	static
../Core/Src/main.c:493:6:BMS_CAN	8	static
../Core/Src/main.c:532:6:battery_bar_soc	8	static
../Core/Src/main.c:573:6:HAL_CAN_RxFifo0MsgPendingCallback	16	static
../Core/Src/main.c:608:6:ODO_PRINT	24	static
../Core/Src/main.c:685:6:ODO_calculation	8	static
../Core/Src/main.c:732:5:main	8	static
../Core/Src/main.c:842:6:SystemClock_Config	72	static
../Core/Src/main.c:883:13:MX_CAN_Init	48	static
../Core/Src/main.c:936:13:MX_I2C1_Init	8	static
../Core/Src/main.c:970:13:MX_IWDG_Init	8	static
../Core/Src/main.c:998:13:MX_TIM2_Init	32	static
../Core/Src/main.c:1043:13:MX_GPIO_Init	40	static
../Core/Src/main.c:1119:6:HAL_TIM_PeriodElapsedCallback	24	static
../Core/Src/main.c:1246:6:HAL_GPIO_EXTI_Callback	24	static
../Core/Src/main.c:1305:6:processData	16	static
../Core/Src/main.c:1366:6:Error_Handler	8	static,ignoring_inline_asm
