../Core/Src/Daly_can_com_source.c:17:6:merge	16	static
../Core/Src/main.c:129:6:parllel_transmit	16	static
../Core/Src/main.c:134:6:Split	16	static
../Core/Src/main.c:146:6:I2C_Write_EEPROM	16	static
../Core/Src/main.c:152:5:I2C_Read_EEPROM	16	static
../Core/Src/main.c:164:6:EEPROM_Write	32	static
../Core/Src/main.c:175:6:EEPROM_Read	32	static
../Core/Src/main.c:181:6:battery_voltage	8	static
../Core/Src/main.c:189:6:battery_current	8	static
../Core/Src/main.c:196:6:battery_cycle	8	static
../Core/Src/main.c:205:6:battery_temp	8	static
../Core/Src/main.c:252:6:battery_soc	8	static
../Core/Src/main.c:271:6:Gear_Status	16	static
../Core/Src/main.c:323:6:BMS_CAN	8	static
../Core/Src/main.c:395:6:battery_bar_soc	8	static
../Core/Src/main.c:436:6:HAL_CAN_RxFifo0MsgPendingCallback	16	static
../Core/Src/main.c:472:6:ODO_calculation	24	static
../Core/Src/main.c:561:5:main	16	static
../Core/Src/main.c:660:6:SystemClock_Config	72	static
../Core/Src/main.c:700:13:MX_CAN_Init	48	static
../Core/Src/main.c:753:13:MX_I2C1_Init	8	static
../Core/Src/main.c:787:13:MX_TIM2_Init	32	static
../Core/Src/main.c:832:13:MX_GPIO_Init	40	static
../Core/Src/main.c:889:6:HAL_TIM_PeriodElapsedCallback	16	static
../Core/Src/main.c:923:6:HAL_GPIO_EXTI_Callback	16	static
../Core/Src/main.c:937:6:Error_Handler	8	static,ignoring_inline_asm
