../Core/Src/Daly_can_com_source.c:17:6:merge	16	static
../Core/Src/main.c:160:6:parllel_transmit	16	static
../Core/Src/main.c:165:6:Split	16	static
../Core/Src/main.c:177:6:I2C_Write_EEPROM	16	static
../Core/Src/main.c:183:5:I2C_Read_EEPROM	16	static
../Core/Src/main.c:195:6:EEPROM_Write	32	static
../Core/Src/main.c:206:6:EEPROM_Read	32	static
../Core/Src/main.c:212:6:battery_voltage	8	static
../Core/Src/main.c:220:6:battery_current	8	static
../Core/Src/main.c:227:6:battery_cycle	8	static
../Core/Src/main.c:237:6:version_print	8	static
../Core/Src/main.c:246:6:battery_temp	8	static
../Core/Src/main.c:332:6:battery_soc	8	static
../Core/Src/main.c:369:6:Gear_Status	8	static
../Core/Src/main.c:440:6:EEPROM_init	24	static
../Core/Src/main.c:510:6:BMS_CAN	8	static
../Core/Src/main.c:549:6:battery_bar_soc	8	static
../Core/Src/main.c:590:6:HAL_CAN_RxFifo0MsgPendingCallback	16	static
../Core/Src/main.c:645:6:ODO_PRINT	24	static
../Core/Src/main.c:689:6:ODO_calculation	8	static
../Core/Src/main.c:745:5:main	8	static
../Core/Src/main.c:862:6:SystemClock_Config	72	static
../Core/Src/main.c:903:13:MX_CAN_Init	48	static
../Core/Src/main.c:956:13:MX_I2C1_Init	8	static
../Core/Src/main.c:990:13:MX_IWDG_Init	8	static
../Core/Src/main.c:1018:13:MX_TIM2_Init	32	static
../Core/Src/main.c:1063:13:MX_GPIO_Init	40	static
../Core/Src/main.c:1139:6:HAL_TIM_PeriodElapsedCallback	24	static
../Core/Src/main.c:1266:6:HAL_GPIO_EXTI_Callback	24	static
../Core/Src/main.c:1325:6:processData	16	static
../Core/Src/main.c:1432:6:Error_Handler	8	static,ignoring_inline_asm
