../Core/Src/Daly_can_com_source.c:17:6:merge	16	static
../Core/Src/main.c:109:6:spi_transmit_cmd	16	static
../Core/Src/main.c:114:6:spi_transmit_data	16	static
../Core/Src/main.c:118:6:battery_temp	8	static
../Core/Src/main.c:124:6:battery_voltage	8	static
../Core/Src/main.c:133:6:battery_soc	8	static
../Core/Src/main.c:142:6:Gear_Status	8	static
../Core/Src/main.c:159:6:Trip_Print	8	static
../Core/Src/main.c:205:6:BMS_CAN	8	static
../Core/Src/main.c:229:6:HAL_CAN_RxFifo0MsgPendingCallback	16	static
../Core/Src/main.c:242:5:main	16	static
../Core/Src/main.c:358:6:SystemClock_Config	88	static
../Core/Src/main.c:405:13:MX_ADC1_Init	24	static
../Core/Src/main.c:452:13:MX_CAN_Init	48	static
../Core/Src/main.c:505:13:MX_I2C1_Init	8	static
../Core/Src/main.c:539:13:MX_SPI1_Init	8	static
../Core/Src/main.c:577:13:MX_TIM2_Init	32	static
../Core/Src/main.c:622:13:MX_GPIO_Init	40	static
../Core/Src/main.c:697:6:HAL_TIM_PeriodElapsedCallback	16	static
../Core/Src/main.c:706:6:HAL_ADC_ConvCpltCallback	16	static
../Core/Src/main.c:711:6:HAL_GPIO_EXTI_Callback	16	static
../Core/Src/main.c:730:6:Error_Handler	4	static,ignoring_inline_asm
