../Core/Src/Daly_can_com_source.c:17:6:merge	16	static
../Core/Src/main.c:130:6:parllel_transmit	16	static
../Core/Src/main.c:144:6:Split	16	static
../Core/Src/main.c:154:6:Merge	4	static
../Core/Src/main.c:159:6:I2C_WriteRead_ODO	16	static
../Core/Src/main.c:167:6:I2C_Read_ODO	8	static
../Core/Src/main.c:173:6:Calib_Write	16	static
../Core/Src/main.c:180:6:Calib_Read	8	static
../Core/Src/main.c:192:6:EEPROM_Write	32	static
../Core/Src/main.c:203:6:EEPROM_Read	32	static
../Core/Src/main.c:209:6:battery_voltage	8	static
../Core/Src/main.c:218:6:battery_current	8	static
../Core/Src/main.c:227:6:battery_temp	8	static
../Core/Src/main.c:259:6:battery_soc	8	static
../Core/Src/main.c:281:6:Gear_Status	16	static
../Core/Src/main.c:314:6:BMS_CAN	8	static
../Core/Src/main.c:340:6:distance_to_emt	16	static
../Core/Src/main.c:363:6:lcd_into1	16	static
../Core/Src/main.c:399:6:TTf_staus	16	static
../Core/Src/main.c:426:6:battery_bar_soc	8	static
../Core/Src/main.c:503:6:HAL_CAN_RxFifo0MsgPendingCallback	16	static
../Core/Src/main.c:511:6:time_print	4	static
../Core/Src/main.c:535:6:ODO_calculation	16	static
../Core/Src/main.c:576:5:main	8	static
../Core/Src/main.c:716:6:SystemClock_Config	72	static
../Core/Src/main.c:756:13:MX_CAN_Init	48	static
../Core/Src/main.c:809:13:MX_I2C1_Init	8	static
../Core/Src/main.c:843:13:MX_TIM2_Init	32	static
../Core/Src/main.c:888:13:MX_GPIO_Init	40	static
../Core/Src/main.c:942:6:HAL_TIM_PeriodElapsedCallback	16	static
../Core/Src/main.c:965:6:HAL_GPIO_EXTI_Callback	16	static
../Core/Src/main.c:979:6:Error_Handler	4	static,ignoring_inline_asm
