../Core/Src/ST7565P.c:17:6:Lcd_cmd	16	static
../Core/Src/ST7565P.c:52:6:lcd_print_ram_1	40	static
../Core/Src/ST7565P.c:121:6:lcd_init	8	static
../Core/Src/ST7565P.c:165:6:lcd_x_axis	16	static
../Core/Src/ST7565P.c:171:6:lcd_invert_process	24	static
../Core/Src/ST7565P.c:182:6:lcd_speed	32	static
../Core/Src/ST7565P.c:235:6:battery_charge_soc	32	static
../Core/Src/ST7565P.c:284:6:gear_status_print	32	static
../Core/Src/ST7565P.c:309:6:battery_bar_print	32	static
../Core/Src/ST7565P.c:322:6:service_icon	16	static
../Core/Src/ST7565P.c:335:6:danger_icon	16	static
../Core/Src/ST7565P.c:348:6:danger_clear	16	static
../Core/Src/ST7565P.c:361:6:odo_icon_print	16	static
../Core/Src/ST7565P.c:370:6:dte_icon_print	16	static
../Core/Src/ST7565P.c:379:6:trp_icon_print	16	static
../Core/Src/ST7565P.c:387:6:charge_cycle_print	16	static
../Core/Src/ST7565P.c:395:6:LBD_PRINT	16	static
../Core/Src/ST7565P.c:405:6:lcd_print_char	32	static
../Core/Src/ST7565P.c:466:6:lcd_clear	24	static
../Core/Src/ST7565P.c:473:6:lcd_print_digit_wos	32	static
../Core/Src/ST7565P.c:484:6:lcd_print_digit	56	static
../Core/Src/ST7565P.c:515:6:lcd_into	16	static
../Core/Src/ST7565P.c:535:6:lcd_print_convert	16	static
../Core/Src/ST7565P.c:541:6:over_temperature_print	16	static
../Core/Src/ST7565P.c:553:6:line_print	16	static
