../Core/Src/ST7565P.c:15:6:Lcd_cmd	16	static
../Core/Src/ST7565P.c:50:6:lcd_print_ram_1	40	static
../Core/Src/ST7565P.c:118:6:lcd_init	8	static
../Core/Src/ST7565P.c:163:6:lcd_x_axis	16	static
../Core/Src/ST7565P.c:169:6:lcd_invert_process	24	static
../Core/Src/ST7565P.c:180:6:lcd_speed	32	static
../Core/Src/ST7565P.c:218:6:battery_charge_soc	32	static
../Core/Src/ST7565P.c:267:6:gear_status_print	32	static
../Core/Src/ST7565P.c:292:6:battery_bar_print	32	static
../Core/Src/ST7565P.c:305:6:service_icon	16	static
../Core/Src/ST7565P.c:318:6:danger_icon	16	static
../Core/Src/ST7565P.c:331:6:danger_clear	16	static
../Core/Src/ST7565P.c:344:6:odo_icon_print	16	static
../Core/Src/ST7565P.c:353:6:dte_icon_print	16	static
../Core/Src/ST7565P.c:362:6:trp_icon_print	16	static
../Core/Src/ST7565P.c:370:6:charge_cycle_print	16	static
../Core/Src/ST7565P.c:378:6:LBD_PRINT	16	static
../Core/Src/ST7565P.c:388:6:lcd_print_char	32	static
../Core/Src/ST7565P.c:449:6:lcd_clear	24	static
../Core/Src/ST7565P.c:456:6:lcd_print_digit_wos	32	static
../Core/Src/ST7565P.c:467:6:lcd_print_digit	56	static
../Core/Src/ST7565P.c:498:6:lcd_into	16	static
../Core/Src/ST7565P.c:517:6:lcd_print_convert	16	static
../Core/Src/ST7565P.c:523:6:over_temperature_print	16	static
../Core/Src/ST7565P.c:535:6:line_print	16	static
