../Core/Src/ST7565P.c:14:6:Lcd_cmd	16	static
../Core/Src/ST7565P.c:24:6:lcd_print_ram_1	16	static
../Core/Src/ST7565P.c:42:6:lcd_init	8	static
../Core/Src/ST7565P.c:86:6:lcd_x_axis	16	static
../Core/Src/ST7565P.c:92:6:lcd_invert_process	24	static
../Core/Src/ST7565P.c:103:6:lcd_speed	32	static
../Core/Src/ST7565P.c:134:6:battery_charge_soc	32	static
../Core/Src/ST7565P.c:181:6:gear_status_print	32	static
../Core/Src/ST7565P.c:194:6:battery_bar_print	32	static
../Core/Src/ST7565P.c:207:6:service_icon	16	static
../Core/Src/ST7565P.c:220:6:danger_icon	16	static
../Core/Src/ST7565P.c:233:6:danger_clear	16	static
../Core/Src/ST7565P.c:248:6:lcd_print_char	32	static
../Core/Src/ST7565P.c:309:6:lcd_clear	24	static
../Core/Src/ST7565P.c:316:6:lcd_print_digit_wos	32	static
../Core/Src/ST7565P.c:327:6:lcd_print_digit	56	static
../Core/Src/ST7565P.c:358:6:lcd_into	16	static
../Core/Src/ST7565P.c:377:6:lcd_print_convert	16	static
