../Core/Src/ST7565P.c:13:6:Lcd_cmd	16	static
../Core/Src/ST7565P.c:23:6:lcd_print_ram_1	16	static
../Core/Src/ST7565P.c:41:6:lcd_init	8	static
../Core/Src/ST7565P.c:85:6:lcd_x_axis	16	static
../Core/Src/ST7565P.c:91:6:lcd_invert_process	24	static
../Core/Src/ST7565P.c:102:6:lcd_speed	32	static
../Core/Src/ST7565P.c:159:6:battery_charge_soc	32	static
../Core/Src/ST7565P.c:208:6:gear_status_print	32	static
../Core/Src/ST7565P.c:233:6:battery_bar_print	32	static
../Core/Src/ST7565P.c:246:6:service_icon	16	static
../Core/Src/ST7565P.c:259:6:danger_icon	16	static
../Core/Src/ST7565P.c:272:6:danger_clear	16	static
../Core/Src/ST7565P.c:285:6:odo_icon_print	16	static
../Core/Src/ST7565P.c:294:6:dte_icon_print	16	static
../Core/Src/ST7565P.c:303:6:trp_icon_print	16	static
../Core/Src/ST7565P.c:311:6:charge_cycle_print	16	static
../Core/Src/ST7565P.c:321:6:lcd_print_char	32	static
../Core/Src/ST7565P.c:382:6:lcd_clear	24	static
../Core/Src/ST7565P.c:389:6:lcd_print_digit_wos	32	static
../Core/Src/ST7565P.c:400:6:lcd_print_digit	56	static
../Core/Src/ST7565P.c:431:6:lcd_into	16	static
../Core/Src/ST7565P.c:450:6:lcd_print_convert	16	static
../Core/Src/ST7565P.c:455:6:print_am	16	static
../Core/Src/ST7565P.c:465:6:line_print	16	static
../Core/Src/ST7565P.c:476:6:ttf_print	16	static
../Core/Src/ST7565P.c:486:6:start_icon_fun	16	static
