../Core/Src/ST7565P.c:17:6:Lcd_cmd	16	static
../Core/Src/ST7565P.c:52:6:lcd_print_ram_1	40	static
../Core/Src/ST7565P.c:122:6:lcd_init	8	static
../Core/Src/ST7565P.c:166:6:lcd_x_axis	16	static
../Core/Src/ST7565P.c:172:6:lcd_invert_process	24	static
../Core/Src/ST7565P.c:183:6:lcd_speed	32	static
../Core/Src/ST7565P.c:236:6:battery_charge_soc	32	static
../Core/Src/ST7565P.c:285:6:gear_status_print	32	static
../Core/Src/ST7565P.c:310:6:battery_bar_print	32	static
../Core/Src/ST7565P.c:323:6:service_icon	16	static
../Core/Src/ST7565P.c:336:6:danger_icon	16	static
../Core/Src/ST7565P.c:349:6:danger_clear	16	static
../Core/Src/ST7565P.c:362:6:odo_icon_print	16	static
../Core/Src/ST7565P.c:371:6:dte_icon_print	16	static
../Core/Src/ST7565P.c:380:6:trp_icon_print	16	static
../Core/Src/ST7565P.c:388:6:charge_cycle_print	16	static
../Core/Src/ST7565P.c:396:6:LBD_PRINT	16	static
../Core/Src/ST7565P.c:406:6:lcd_print_char	32	static
../Core/Src/ST7565P.c:467:6:lcd_clear	24	static
../Core/Src/ST7565P.c:474:6:lcd_print_digit_wos	32	static
../Core/Src/ST7565P.c:485:6:lcd_print_digit	56	static
../Core/Src/ST7565P.c:516:6:lcd_into	16	static
../Core/Src/ST7565P.c:536:6:lcd_print_convert	16	static
../Core/Src/ST7565P.c:542:6:over_temperature_print	16	static
../Core/Src/ST7565P.c:554:6:line_print	16	static
